CASE name=index_lookup_point_get users=50000 requests=10000000 fresh=10000000 old_hit=0 old_miss=0 projection_enabled=false gc_enabled=false runtime_workers=4 wall_s=236.930 settled_s=0.001 rps=42206.6 cpu_s=278.839 cpu_cores=1.177 peak_rss_bytes=804110336 db_bytes=632917918 gc_prefix_near_client_end=0 gc_backlog_records_near_client_end=10150000 gc_prefix_after_settle=0 final_seq=10150000 watermark_updates=0 recovery_s=0.402915 integrity_s=60.041768
CASE_IO name=index_lookup_point_get cpu_sample_offset_us=0 progress_sample_offset_us=5 io_sample_offset_us=112 storage_sample_offset_us=663 device=sdb2(8:18) process_rchar=47777744513 process_wchar=3817542811 process_read=8192 process_write=3837849600 device_read=593920 device_write=3975299072 device_busy_ms=13698 wal_syncs=4883 wal_bytes=1620170905 writes_with_wal=4883 flush_write_bytes=629823846 compact_read_bytes=1465664719 compact_write_bytes=1566744134 stall_us=0 projected_sync_ns=0 gc_scan_ns=0 gc_delete_ns=0 gc_write_ns=0 gc_scanned=0 gc_deleted=0 gc_deleted_bytes=0
LATENCY name=index_lookup_point_get stage=request.total unit=ns samples=155808 p50=1165885264 p95=1778674351 p99=2092621657
LATENCY name=index_lookup_point_get stage=request.admission unit=ns samples=155808 p50=461 p95=1453 p99=3527
LATENCY name=index_lookup_point_get stage=request.enqueue unit=ns samples=155808 p50=60 p95=150 p99=241
LATENCY name=index_lookup_point_get stage=request.queue unit=ns samples=155808 p50=1119080707 p95=1707568404 p99=2014661924
LATENCY name=index_lookup_point_get stage=request.batch unit=ns samples=155808 p50=149160 p95=821410 p99=1417829
LATENCY name=index_lookup_point_get stage=request.handler unit=ns samples=155808 p50=46005447 p95=71686877 p99=82011671
LATENCY name=index_lookup_point_get stage=request.response unit=ns samples=155808 p50=669566 p95=1504041 p99=1901746
LATENCY name=index_lookup_point_get stage=request.historical_lookup unit=ns samples=0 p50=0 p95=0 p99=0
LATENCY name=index_lookup_point_get stage=request.historical_hit_lookup unit=ns samples=0 p50=0 p95=0 p99=0
LATENCY name=index_lookup_point_get stage=request.historical_miss_lookup unit=ns samples=0 p50=0 p95=0 p99=0
LATENCY name=index_lookup_point_get stage=projection.read unit=ns samples=0 p50=0 p95=0 p99=0
LATENCY name=index_lookup_point_get stage=projection.apply unit=ns samples=0 p50=0 p95=0 p99=0
LATENCY name=index_lookup_point_get stage=projection.progress_sync unit=ns samples=0 p50=0 p95=0 p99=0
LATENCY name=index_lookup_point_get stage=projection.total unit=ns samples=0 p50=0 p95=0 p99=0
LATENCY name=index_lookup_point_get stage=gc.scan unit=ns samples=0 p50=0 p95=0 p99=0
LATENCY name=index_lookup_point_get stage=gc.delete_build unit=ns samples=0 p50=0 p95=0 p99=0
LATENCY name=index_lookup_point_get stage=gc.sync_write unit=ns samples=0 p50=0 p95=0 p99=0
LATENCY name=index_lookup_point_get stage=gc.total unit=ns samples=0 p50=0 p95=0 p99=0
LATENCY name=index_lookup_point_get stage=watermark.fence_wait unit=ns samples=0 p50=0 p95=0 p99=0
LATENCY name=index_lookup_point_get stage=watermark.projection_wait unit=ns samples=0 p50=0 p95=0 p99=0
LATENCY name=index_lookup_point_get stage=watermark.persist unit=ns samples=0 p50=0 p95=0 p99=0
LATENCY name=index_lookup_point_get stage=watermark.total unit=ns samples=0 p50=0 p95=0 p99=0
LATENCY name=index_lookup_point_get stage=checkpoint.total unit=ns samples=0 p50=0 p95=0 p99=0
LATENCY name=index_lookup_point_get stage=checkpoint.chunk_sync unit=ns samples=0 p50=0 p95=0 p99=0
LATENCY name=index_lookup_point_get stage=checkpoint.manifest_sync unit=ns samples=0 p50=0 p95=0 p99=0
BACKGROUND name=index_lookup_point_get projection_batches=0 projection_records=0 gc_steps=0 gc_scanned_during_clients=0 gc_deleted_during_clients=0 gc_backlog_records_near_client_end=10150000 setup_preflight_cpu_pct=1.97 setup_preflight_disk_pct=0.23 measure_preflight_cpu_pct=1.67 measure_preflight_disk_pct=0.13
INDEX_LOOKUP_TRIAL mode=point_get workers=4 requests=10000000 batches=4883 native_calls=10000000 keys=10000000 hits=0 misses=10000000 latest_seq=10150000 projected_seq=150000 destination_seq=150000 gc_prefix=0
