CASE name=foreground_persistence users=50000 requests=10000000 fresh=10000000 old_hit=0 old_miss=0 projection_enabled=false gc_enabled=false runtime_workers=8 wall_s=241.050 settled_s=0.001 rps=41485.2 cpu_s=321.179 cpu_cores=1.332 peak_rss_bytes=802308096 db_bytes=638333548 gc_prefix_near_client_end=0 gc_backlog_records_near_client_end=10150000 gc_prefix_after_settle=0 final_seq=10150000 watermark_updates=0 recovery_s=0.423358 integrity_s=60.758531
CASE_IO name=foreground_persistence cpu_sample_offset_us=1 progress_sample_offset_us=679 io_sample_offset_us=688 storage_sample_offset_us=1265 device=sdb2(8:18) process_rchar=47615254926 process_wchar=3841497293 process_read=0 process_write=3861917696 device_read=0 device_write=4002942976 device_busy_ms=14317 wal_syncs=4883 wal_bytes=1620170905 writes_with_wal=4883 flush_write_bytes=634938513 compact_read_bytes=1482586345 compact_write_bytes=1585673852 stall_us=0 projected_sync_ns=0 gc_scan_ns=0 gc_delete_ns=0 gc_write_ns=0 gc_scanned=0 gc_deleted=0 gc_deleted_bytes=0
LATENCY name=foreground_persistence stage=request.total unit=ns samples=155808 p50=1167677536 p95=1800054482 p99=2152723106
LATENCY name=foreground_persistence stage=request.admission unit=ns samples=155808 p50=1093 p95=13044 p99=21781
LATENCY name=foreground_persistence stage=request.enqueue unit=ns samples=155808 p50=90 p95=221 p99=310
LATENCY name=foreground_persistence stage=request.queue unit=ns samples=155808 p50=1120665162 p95=1728134169 p99=2064249623
LATENCY name=foreground_persistence stage=request.batch unit=ns samples=155808 p50=135875 p95=1535499 p99=1738900
LATENCY name=foreground_persistence stage=request.handler unit=ns samples=155808 p50=44961671 p95=71760166 p99=87807612
LATENCY name=foreground_persistence stage=request.response unit=ns samples=155808 p50=1010725 p95=2013786 p99=2176031
LATENCY name=foreground_persistence stage=request.historical_lookup unit=ns samples=0 p50=0 p95=0 p99=0
LATENCY name=foreground_persistence stage=request.historical_hit_lookup unit=ns samples=0 p50=0 p95=0 p99=0
LATENCY name=foreground_persistence stage=request.historical_miss_lookup unit=ns samples=0 p50=0 p95=0 p99=0
LATENCY name=foreground_persistence stage=projection.read unit=ns samples=0 p50=0 p95=0 p99=0
LATENCY name=foreground_persistence stage=projection.apply unit=ns samples=0 p50=0 p95=0 p99=0
LATENCY name=foreground_persistence stage=projection.progress_sync unit=ns samples=0 p50=0 p95=0 p99=0
LATENCY name=foreground_persistence stage=projection.total unit=ns samples=0 p50=0 p95=0 p99=0
LATENCY name=foreground_persistence stage=gc.scan unit=ns samples=0 p50=0 p95=0 p99=0
LATENCY name=foreground_persistence stage=gc.delete_build unit=ns samples=0 p50=0 p95=0 p99=0
LATENCY name=foreground_persistence stage=gc.sync_write unit=ns samples=0 p50=0 p95=0 p99=0
LATENCY name=foreground_persistence stage=gc.total unit=ns samples=0 p50=0 p95=0 p99=0
LATENCY name=foreground_persistence stage=watermark.fence_wait unit=ns samples=0 p50=0 p95=0 p99=0
LATENCY name=foreground_persistence stage=watermark.projection_wait unit=ns samples=0 p50=0 p95=0 p99=0
LATENCY name=foreground_persistence stage=watermark.persist unit=ns samples=0 p50=0 p95=0 p99=0
LATENCY name=foreground_persistence stage=watermark.total unit=ns samples=0 p50=0 p95=0 p99=0
LATENCY name=foreground_persistence stage=checkpoint.total unit=ns samples=0 p50=0 p95=0 p99=0
LATENCY name=foreground_persistence stage=checkpoint.chunk_sync unit=ns samples=0 p50=0 p95=0 p99=0
LATENCY name=foreground_persistence stage=checkpoint.manifest_sync unit=ns samples=0 p50=0 p95=0 p99=0
BACKGROUND name=foreground_persistence projection_batches=0 projection_records=0 gc_steps=0 gc_scanned_during_clients=0 gc_deleted_during_clients=0 gc_backlog_records_near_client_end=10150000 setup_preflight_cpu_pct=1.61 setup_preflight_disk_pct=0.13 measure_preflight_cpu_pct=2.28 measure_preflight_disk_pct=0.00
ARCHIVE /home/neojhou/repos/ledger-wallet/benches/data/ledger_thread_scaling/run-1790834093174466926/trials/trial-20-foreground_persistence_t8_r2
