CASE name=foreground_persistence users=50000 requests=10000000 fresh=10000000 old_hit=0 old_miss=0 projection_enabled=false gc_enabled=false runtime_workers=4 wall_s=236.997 settled_s=0.001 rps=42194.7 cpu_s=276.050 cpu_cores=1.165 peak_rss_bytes=806940672 db_bytes=633005794 gc_prefix_near_client_end=0 gc_backlog_records_near_client_end=10150000 gc_prefix_after_settle=0 final_seq=10150000 watermark_updates=0 recovery_s=0.410246 integrity_s=59.131999
CASE_IO name=foreground_persistence cpu_sample_offset_us=0 progress_sample_offset_us=11 io_sample_offset_us=20 storage_sample_offset_us=560 device=sdb2(8:18) process_rchar=47789959917 process_wchar=3801210530 process_read=0 process_write=3821547520 device_read=0 device_write=3976138752 device_busy_ms=15950 wal_syncs=4883 wal_bytes=1620170905 writes_with_wal=4883 flush_write_bytes=629575971 compact_read_bytes=1449917791 compact_write_bytes=1550686084 stall_us=0 projected_sync_ns=0 gc_scan_ns=0 gc_delete_ns=0 gc_write_ns=0 gc_scanned=0 gc_deleted=0 gc_deleted_bytes=0
LATENCY name=foreground_persistence stage=request.total unit=ns samples=155808 p50=1165313140 p95=1772846336 p99=2098389878
LATENCY name=foreground_persistence stage=request.admission unit=ns samples=155808 p50=441 p95=1362 p99=3206
LATENCY name=foreground_persistence stage=request.enqueue unit=ns samples=155808 p50=60 p95=141 p99=231
LATENCY name=foreground_persistence stage=request.queue unit=ns samples=155808 p50=1117654387 p95=1703739904 p99=2021816087
LATENCY name=foreground_persistence stage=request.batch unit=ns samples=155808 p50=133259 p95=733946 p99=1370549
LATENCY name=foreground_persistence stage=request.handler unit=ns samples=155808 p50=45915039 p95=72064117 p99=88669995
LATENCY name=foreground_persistence stage=request.response unit=ns samples=155808 p50=660387 p95=1377642 p99=1854717
LATENCY name=foreground_persistence stage=request.historical_lookup unit=ns samples=0 p50=0 p95=0 p99=0
LATENCY name=foreground_persistence stage=request.historical_hit_lookup unit=ns samples=0 p50=0 p95=0 p99=0
LATENCY name=foreground_persistence stage=request.historical_miss_lookup unit=ns samples=0 p50=0 p95=0 p99=0
LATENCY name=foreground_persistence stage=projection.read unit=ns samples=0 p50=0 p95=0 p99=0
LATENCY name=foreground_persistence stage=projection.apply unit=ns samples=0 p50=0 p95=0 p99=0
LATENCY name=foreground_persistence stage=projection.progress_sync unit=ns samples=0 p50=0 p95=0 p99=0
LATENCY name=foreground_persistence stage=projection.total unit=ns samples=0 p50=0 p95=0 p99=0
LATENCY name=foreground_persistence stage=gc.scan unit=ns samples=0 p50=0 p95=0 p99=0
LATENCY name=foreground_persistence stage=gc.delete_build unit=ns samples=0 p50=0 p95=0 p99=0
LATENCY name=foreground_persistence stage=gc.sync_write unit=ns samples=0 p50=0 p95=0 p99=0
LATENCY name=foreground_persistence stage=gc.total unit=ns samples=0 p50=0 p95=0 p99=0
LATENCY name=foreground_persistence stage=watermark.fence_wait unit=ns samples=0 p50=0 p95=0 p99=0
LATENCY name=foreground_persistence stage=watermark.projection_wait unit=ns samples=0 p50=0 p95=0 p99=0
LATENCY name=foreground_persistence stage=watermark.persist unit=ns samples=0 p50=0 p95=0 p99=0
LATENCY name=foreground_persistence stage=watermark.total unit=ns samples=0 p50=0 p95=0 p99=0
LATENCY name=foreground_persistence stage=checkpoint.total unit=ns samples=0 p50=0 p95=0 p99=0
LATENCY name=foreground_persistence stage=checkpoint.chunk_sync unit=ns samples=0 p50=0 p95=0 p99=0
LATENCY name=foreground_persistence stage=checkpoint.manifest_sync unit=ns samples=0 p50=0 p95=0 p99=0
BACKGROUND name=foreground_persistence projection_batches=0 projection_records=0 gc_steps=0 gc_scanned_during_clients=0 gc_deleted_during_clients=0 gc_backlog_records_near_client_end=10150000 setup_preflight_cpu_pct=1.73 setup_preflight_disk_pct=4.97 measure_preflight_cpu_pct=1.86 measure_preflight_disk_pct=4.63
ARCHIVE /home/neojhou/repos/ledger-wallet/benches/data/ledger_thread_scaling/run-1790834093174466926/trials/trial-35-foreground_persistence_t4_r3
