CASE name=index_lookup_whole_batch_multiget users=50000 requests=10000000 fresh=10000000 old_hit=0 old_miss=0 projection_enabled=false gc_enabled=false runtime_workers=4 wall_s=201.476 settled_s=0.002 rps=49633.6 cpu_s=243.040 cpu_cores=1.206 peak_rss_bytes=811737088 db_bytes=633405244 gc_prefix_near_client_end=0 gc_backlog_records_near_client_end=10150000 gc_prefix_after_settle=0 final_seq=10150000 watermark_updates=0 recovery_s=0.405601 integrity_s=61.247668
CASE_IO name=index_lookup_whole_batch_multiget cpu_sample_offset_us=0 progress_sample_offset_us=30 io_sample_offset_us=636 storage_sample_offset_us=1267 device=sdb2(8:18) process_rchar=49348799765 process_wchar=3802261002 process_read=0 process_write=3822583808 device_read=24576 device_write=3938934784 device_busy_ms=13717 wal_syncs=4883 wal_bytes=1620170905 writes_with_wal=4883 flush_write_bytes=629851021 compact_read_bytes=1451169152 compact_write_bytes=1551440847 stall_us=0 projected_sync_ns=0 gc_scan_ns=0 gc_delete_ns=0 gc_write_ns=0 gc_scanned=0 gc_deleted=0 gc_deleted_bytes=0
LATENCY name=index_lookup_whole_batch_multiget stage=request.total unit=ns samples=155808 p50=1001151600 p95=1483230716 p99=1730991074
LATENCY name=index_lookup_whole_batch_multiget stage=request.admission unit=ns samples=155808 p50=471 p95=1413 p99=3186
LATENCY name=index_lookup_whole_batch_multiget stage=request.enqueue unit=ns samples=155808 p50=60 p95=141 p99=231
LATENCY name=index_lookup_whole_batch_multiget stage=request.queue unit=ns samples=155808 p50=959906111 p95=1424616675 p99=1666691991
LATENCY name=index_lookup_whole_batch_multiget stage=request.batch unit=ns samples=155808 p50=145853 p95=908113 p99=1334242
LATENCY name=index_lookup_whole_batch_multiget stage=request.handler unit=ns samples=155808 p50=38817141 p95=59086169 p99=70204091
LATENCY name=index_lookup_whole_batch_multiget stage=request.response unit=ns samples=155808 p50=687068 p95=1513487 p99=1804583
LATENCY name=index_lookup_whole_batch_multiget stage=request.historical_lookup unit=ns samples=0 p50=0 p95=0 p99=0
LATENCY name=index_lookup_whole_batch_multiget stage=request.historical_hit_lookup unit=ns samples=0 p50=0 p95=0 p99=0
LATENCY name=index_lookup_whole_batch_multiget stage=request.historical_miss_lookup unit=ns samples=0 p50=0 p95=0 p99=0
LATENCY name=index_lookup_whole_batch_multiget stage=projection.read unit=ns samples=0 p50=0 p95=0 p99=0
LATENCY name=index_lookup_whole_batch_multiget stage=projection.apply unit=ns samples=0 p50=0 p95=0 p99=0
LATENCY name=index_lookup_whole_batch_multiget stage=projection.progress_sync unit=ns samples=0 p50=0 p95=0 p99=0
LATENCY name=index_lookup_whole_batch_multiget stage=projection.total unit=ns samples=0 p50=0 p95=0 p99=0
LATENCY name=index_lookup_whole_batch_multiget stage=gc.scan unit=ns samples=0 p50=0 p95=0 p99=0
LATENCY name=index_lookup_whole_batch_multiget stage=gc.delete_build unit=ns samples=0 p50=0 p95=0 p99=0
LATENCY name=index_lookup_whole_batch_multiget stage=gc.sync_write unit=ns samples=0 p50=0 p95=0 p99=0
LATENCY name=index_lookup_whole_batch_multiget stage=gc.total unit=ns samples=0 p50=0 p95=0 p99=0
LATENCY name=index_lookup_whole_batch_multiget stage=watermark.fence_wait unit=ns samples=0 p50=0 p95=0 p99=0
LATENCY name=index_lookup_whole_batch_multiget stage=watermark.projection_wait unit=ns samples=0 p50=0 p95=0 p99=0
LATENCY name=index_lookup_whole_batch_multiget stage=watermark.persist unit=ns samples=0 p50=0 p95=0 p99=0
LATENCY name=index_lookup_whole_batch_multiget stage=watermark.total unit=ns samples=0 p50=0 p95=0 p99=0
LATENCY name=index_lookup_whole_batch_multiget stage=checkpoint.total unit=ns samples=0 p50=0 p95=0 p99=0
LATENCY name=index_lookup_whole_batch_multiget stage=checkpoint.chunk_sync unit=ns samples=0 p50=0 p95=0 p99=0
LATENCY name=index_lookup_whole_batch_multiget stage=checkpoint.manifest_sync unit=ns samples=0 p50=0 p95=0 p99=0
BACKGROUND name=index_lookup_whole_batch_multiget projection_batches=0 projection_records=0 gc_steps=0 gc_scanned_during_clients=0 gc_deleted_during_clients=0 gc_backlog_records_near_client_end=10150000 setup_preflight_cpu_pct=1.67 setup_preflight_disk_pct=0.07 measure_preflight_cpu_pct=2.05 measure_preflight_disk_pct=0.03
INDEX_LOOKUP_TRIAL mode=whole_batch_multiget workers=4 requests=10000000 batches=4883 native_calls=4883 keys=10000000 hits=0 misses=10000000 latest_seq=10150000 projected_seq=150000 destination_seq=150000 gc_prefix=0
