CASE name=index_lookup_point_get users=50000 requests=10000000 fresh=10000000 old_hit=0 old_miss=0 projection_enabled=false gc_enabled=false runtime_workers=4 wall_s=238.602 settled_s=0.001 rps=41910.8 cpu_s=279.222 cpu_cores=1.170 peak_rss_bytes=806789120 db_bytes=632807587 gc_prefix_near_client_end=0 gc_backlog_records_near_client_end=10150000 gc_prefix_after_settle=0 final_seq=10150000 watermark_updates=0 recovery_s=0.490496 integrity_s=60.050026
CASE_IO name=index_lookup_point_get cpu_sample_offset_us=0 progress_sample_offset_us=22 io_sample_offset_us=158 storage_sample_offset_us=757 device=sdb2(8:18) process_rchar=47439564686 process_wchar=3816880013 process_read=0 process_write=3837235200 device_read=0 device_write=3978399744 device_busy_ms=13676 wal_syncs=4883 wal_bytes=1620170905 writes_with_wal=4883 flush_write_bytes=629674673 compact_read_bytes=1464895955 compact_write_bytes=1566255885 stall_us=0 projected_sync_ns=0 gc_scan_ns=0 gc_delete_ns=0 gc_write_ns=0 gc_scanned=0 gc_deleted=0 gc_deleted_bytes=0
LATENCY name=index_lookup_point_get stage=request.total unit=ns samples=155808 p50=1178464188 p95=1767767018 p99=2150419030
LATENCY name=index_lookup_point_get stage=request.admission unit=ns samples=155808 p50=461 p95=1463 p99=3507
LATENCY name=index_lookup_point_get stage=request.enqueue unit=ns samples=155808 p50=60 p95=150 p99=241
LATENCY name=index_lookup_point_get stage=request.queue unit=ns samples=155808 p50=1130885635 p95=1698868344 p99=2067846926
LATENCY name=index_lookup_point_get stage=request.batch unit=ns samples=155808 p50=148118 p95=863820 p99=1437705
LATENCY name=index_lookup_point_get stage=request.handler unit=ns samples=155808 p50=46348850 p95=71205168 p99=86228402
LATENCY name=index_lookup_point_get stage=request.response unit=ns samples=155808 p50=670146 p95=1526314 p99=1916024
LATENCY name=index_lookup_point_get stage=request.historical_lookup unit=ns samples=0 p50=0 p95=0 p99=0
LATENCY name=index_lookup_point_get stage=request.historical_hit_lookup unit=ns samples=0 p50=0 p95=0 p99=0
LATENCY name=index_lookup_point_get stage=request.historical_miss_lookup unit=ns samples=0 p50=0 p95=0 p99=0
LATENCY name=index_lookup_point_get stage=projection.read unit=ns samples=0 p50=0 p95=0 p99=0
LATENCY name=index_lookup_point_get stage=projection.apply unit=ns samples=0 p50=0 p95=0 p99=0
LATENCY name=index_lookup_point_get stage=projection.progress_sync unit=ns samples=0 p50=0 p95=0 p99=0
LATENCY name=index_lookup_point_get stage=projection.total unit=ns samples=0 p50=0 p95=0 p99=0
LATENCY name=index_lookup_point_get stage=gc.scan unit=ns samples=0 p50=0 p95=0 p99=0
LATENCY name=index_lookup_point_get stage=gc.delete_build unit=ns samples=0 p50=0 p95=0 p99=0
LATENCY name=index_lookup_point_get stage=gc.sync_write unit=ns samples=0 p50=0 p95=0 p99=0
LATENCY name=index_lookup_point_get stage=gc.total unit=ns samples=0 p50=0 p95=0 p99=0
LATENCY name=index_lookup_point_get stage=watermark.fence_wait unit=ns samples=0 p50=0 p95=0 p99=0
LATENCY name=index_lookup_point_get stage=watermark.projection_wait unit=ns samples=0 p50=0 p95=0 p99=0
LATENCY name=index_lookup_point_get stage=watermark.persist unit=ns samples=0 p50=0 p95=0 p99=0
LATENCY name=index_lookup_point_get stage=watermark.total unit=ns samples=0 p50=0 p95=0 p99=0
LATENCY name=index_lookup_point_get stage=checkpoint.total unit=ns samples=0 p50=0 p95=0 p99=0
LATENCY name=index_lookup_point_get stage=checkpoint.chunk_sync unit=ns samples=0 p50=0 p95=0 p99=0
LATENCY name=index_lookup_point_get stage=checkpoint.manifest_sync unit=ns samples=0 p50=0 p95=0 p99=0
BACKGROUND name=index_lookup_point_get projection_batches=0 projection_records=0 gc_steps=0 gc_scanned_during_clients=0 gc_deleted_during_clients=0 gc_backlog_records_near_client_end=10150000 setup_preflight_cpu_pct=2.34 setup_preflight_disk_pct=0.03 measure_preflight_cpu_pct=1.59 measure_preflight_disk_pct=0.00
INDEX_LOOKUP_TRIAL mode=point_get workers=4 requests=10000000 batches=4883 native_calls=10000000 keys=10000000 hits=0 misses=10000000 latest_seq=10150000 projected_seq=150000 destination_seq=150000 gc_prefix=0
