CASE name=index_lookup_chunked_256_p4 users=50000 requests=10000000 fresh=10000000 old_hit=0 old_miss=0 projection_enabled=false gc_enabled=false runtime_workers=4 wall_s=117.400 settled_s=0.002 rps=85179.1 cpu_s=303.663 cpu_cores=2.587 peak_rss_bytes=850530304 db_bytes=633279793 gc_prefix_near_client_end=0 gc_backlog_records_near_client_end=10150000 gc_prefix_after_settle=0 final_seq=10150000 watermark_updates=0 recovery_s=0.413328 integrity_s=60.710965
CASE_IO name=index_lookup_chunked_256_p4 cpu_sample_offset_us=1 progress_sample_offset_us=12 io_sample_offset_us=824 storage_sample_offset_us=1425 device=sdb2(8:18) process_rchar=53531566886 process_wchar=3801506057 process_read=0 process_write=3821780992 device_read=131072 device_write=3923898368 device_busy_ms=13115 wal_syncs=4883 wal_bytes=1620170905 writes_with_wal=4883 flush_write_bytes=629550435 compact_read_bytes=1450732755 compact_write_bytes=1550972407 stall_us=0 projected_sync_ns=0 gc_scan_ns=0 gc_delete_ns=0 gc_write_ns=0 gc_scanned=0 gc_deleted=0 gc_deleted_bytes=0
LATENCY name=index_lookup_chunked_256_p4 stage=request.total unit=ns samples=155808 p50=573773638 p95=848636572 p99=1001405294
LATENCY name=index_lookup_chunked_256_p4 stage=request.admission unit=ns samples=155808 p50=481 p95=1503 p99=3486
LATENCY name=index_lookup_chunked_256_p4 stage=request.enqueue unit=ns samples=155808 p50=61 p95=150 p99=230
LATENCY name=index_lookup_chunked_256_p4 stage=request.queue unit=ns samples=155808 p50=550525883 p95=818886266 p99=967128876
LATENCY name=index_lookup_chunked_256_p4 stage=request.batch unit=ns samples=155808 p50=147697 p95=974507 p99=1376290
LATENCY name=index_lookup_chunked_256_p4 stage=request.handler unit=ns samples=155808 p50=21546544 p95=30679005 p99=41084233
LATENCY name=index_lookup_chunked_256_p4 stage=request.response unit=ns samples=155808 p50=716073 p95=1596082 p99=1882619
LATENCY name=index_lookup_chunked_256_p4 stage=request.historical_lookup unit=ns samples=0 p50=0 p95=0 p99=0
LATENCY name=index_lookup_chunked_256_p4 stage=request.historical_hit_lookup unit=ns samples=0 p50=0 p95=0 p99=0
LATENCY name=index_lookup_chunked_256_p4 stage=request.historical_miss_lookup unit=ns samples=0 p50=0 p95=0 p99=0
LATENCY name=index_lookup_chunked_256_p4 stage=projection.read unit=ns samples=0 p50=0 p95=0 p99=0
LATENCY name=index_lookup_chunked_256_p4 stage=projection.apply unit=ns samples=0 p50=0 p95=0 p99=0
LATENCY name=index_lookup_chunked_256_p4 stage=projection.progress_sync unit=ns samples=0 p50=0 p95=0 p99=0
LATENCY name=index_lookup_chunked_256_p4 stage=projection.total unit=ns samples=0 p50=0 p95=0 p99=0
LATENCY name=index_lookup_chunked_256_p4 stage=gc.scan unit=ns samples=0 p50=0 p95=0 p99=0
LATENCY name=index_lookup_chunked_256_p4 stage=gc.delete_build unit=ns samples=0 p50=0 p95=0 p99=0
LATENCY name=index_lookup_chunked_256_p4 stage=gc.sync_write unit=ns samples=0 p50=0 p95=0 p99=0
LATENCY name=index_lookup_chunked_256_p4 stage=gc.total unit=ns samples=0 p50=0 p95=0 p99=0
LATENCY name=index_lookup_chunked_256_p4 stage=watermark.fence_wait unit=ns samples=0 p50=0 p95=0 p99=0
LATENCY name=index_lookup_chunked_256_p4 stage=watermark.projection_wait unit=ns samples=0 p50=0 p95=0 p99=0
LATENCY name=index_lookup_chunked_256_p4 stage=watermark.persist unit=ns samples=0 p50=0 p95=0 p99=0
LATENCY name=index_lookup_chunked_256_p4 stage=watermark.total unit=ns samples=0 p50=0 p95=0 p99=0
LATENCY name=index_lookup_chunked_256_p4 stage=checkpoint.total unit=ns samples=0 p50=0 p95=0 p99=0
LATENCY name=index_lookup_chunked_256_p4 stage=checkpoint.chunk_sync unit=ns samples=0 p50=0 p95=0 p99=0
LATENCY name=index_lookup_chunked_256_p4 stage=checkpoint.manifest_sync unit=ns samples=0 p50=0 p95=0 p99=0
BACKGROUND name=index_lookup_chunked_256_p4 projection_batches=0 projection_records=0 gc_steps=0 gc_scanned_during_clients=0 gc_deleted_during_clients=0 gc_backlog_records_near_client_end=10150000 setup_preflight_cpu_pct=1.25 setup_preflight_disk_pct=0.10 measure_preflight_cpu_pct=1.61 measure_preflight_disk_pct=0.40
INDEX_LOOKUP_TRIAL mode=chunked_256_p4 workers=4 requests=10000000 batches=4883 native_calls=39063 keys=10000000 hits=0 misses=10000000 latest_seq=10150000 projected_seq=150000 destination_seq=150000 gc_prefix=0
