CASE name=index_lookup_whole_batch_multiget users=50000 requests=10000000 fresh=10000000 old_hit=0 old_miss=0 projection_enabled=false gc_enabled=false runtime_workers=4 wall_s=199.467 settled_s=0.003 rps=50133.7 cpu_s=242.417 cpu_cores=1.215 peak_rss_bytes=801992704 db_bytes=633137707 gc_prefix_near_client_end=0 gc_backlog_records_near_client_end=10150000 gc_prefix_after_settle=0 final_seq=10150000 watermark_updates=0 recovery_s=0.442142 integrity_s=65.258583
CASE_IO name=index_lookup_whole_batch_multiget cpu_sample_offset_us=1 progress_sample_offset_us=10 io_sample_offset_us=606 storage_sample_offset_us=1214 device=sdb2(8:18) process_rchar=49454465065 process_wchar=3818262041 process_read=0 process_write=3838566400 device_read=196608 device_write=3948580864 device_busy_ms=13485 wal_syncs=4883 wal_bytes=1620170905 writes_with_wal=4883 flush_write_bytes=629989160 compact_read_bytes=1464061543 compact_write_bytes=1567274644 stall_us=0 projected_sync_ns=0 gc_scan_ns=0 gc_delete_ns=0 gc_write_ns=0 gc_scanned=0 gc_deleted=0 gc_deleted_bytes=0
LATENCY name=index_lookup_whole_batch_multiget stage=request.total unit=ns samples=155808 p50=981758554 p95=1463711001 p99=1699895379
LATENCY name=index_lookup_whole_batch_multiget stage=request.admission unit=ns samples=155808 p50=481 p95=1433 p99=3266
LATENCY name=index_lookup_whole_batch_multiget stage=request.enqueue unit=ns samples=155808 p50=60 p95=141 p99=230
LATENCY name=index_lookup_whole_batch_multiget stage=request.queue unit=ns samples=155808 p50=942062767 p95=1404424526 p99=1635701086
LATENCY name=index_lookup_whole_batch_multiget stage=request.batch unit=ns samples=155808 p50=145973 p95=939351 p99=1349760
LATENCY name=index_lookup_whole_batch_multiget stage=request.handler unit=ns samples=155808 p50=38053464 p95=58589997 p99=63749238
LATENCY name=index_lookup_whole_batch_multiget stage=request.response unit=ns samples=155808 p50=694291 p95=1526110 p99=1821103
LATENCY name=index_lookup_whole_batch_multiget stage=request.historical_lookup unit=ns samples=0 p50=0 p95=0 p99=0
LATENCY name=index_lookup_whole_batch_multiget stage=request.historical_hit_lookup unit=ns samples=0 p50=0 p95=0 p99=0
LATENCY name=index_lookup_whole_batch_multiget stage=request.historical_miss_lookup unit=ns samples=0 p50=0 p95=0 p99=0
LATENCY name=index_lookup_whole_batch_multiget stage=projection.read unit=ns samples=0 p50=0 p95=0 p99=0
LATENCY name=index_lookup_whole_batch_multiget stage=projection.apply unit=ns samples=0 p50=0 p95=0 p99=0
LATENCY name=index_lookup_whole_batch_multiget stage=projection.progress_sync unit=ns samples=0 p50=0 p95=0 p99=0
LATENCY name=index_lookup_whole_batch_multiget stage=projection.total unit=ns samples=0 p50=0 p95=0 p99=0
LATENCY name=index_lookup_whole_batch_multiget stage=gc.scan unit=ns samples=0 p50=0 p95=0 p99=0
LATENCY name=index_lookup_whole_batch_multiget stage=gc.delete_build unit=ns samples=0 p50=0 p95=0 p99=0
LATENCY name=index_lookup_whole_batch_multiget stage=gc.sync_write unit=ns samples=0 p50=0 p95=0 p99=0
LATENCY name=index_lookup_whole_batch_multiget stage=gc.total unit=ns samples=0 p50=0 p95=0 p99=0
LATENCY name=index_lookup_whole_batch_multiget stage=watermark.fence_wait unit=ns samples=0 p50=0 p95=0 p99=0
LATENCY name=index_lookup_whole_batch_multiget stage=watermark.projection_wait unit=ns samples=0 p50=0 p95=0 p99=0
LATENCY name=index_lookup_whole_batch_multiget stage=watermark.persist unit=ns samples=0 p50=0 p95=0 p99=0
LATENCY name=index_lookup_whole_batch_multiget stage=watermark.total unit=ns samples=0 p50=0 p95=0 p99=0
LATENCY name=index_lookup_whole_batch_multiget stage=checkpoint.total unit=ns samples=0 p50=0 p95=0 p99=0
LATENCY name=index_lookup_whole_batch_multiget stage=checkpoint.chunk_sync unit=ns samples=0 p50=0 p95=0 p99=0
LATENCY name=index_lookup_whole_batch_multiget stage=checkpoint.manifest_sync unit=ns samples=0 p50=0 p95=0 p99=0
BACKGROUND name=index_lookup_whole_batch_multiget projection_batches=0 projection_records=0 gc_steps=0 gc_scanned_during_clients=0 gc_deleted_during_clients=0 gc_backlog_records_near_client_end=10150000 setup_preflight_cpu_pct=1.93 setup_preflight_disk_pct=0.00 measure_preflight_cpu_pct=1.80 measure_preflight_disk_pct=0.00
INDEX_LOOKUP_TRIAL mode=whole_batch_multiget workers=4 requests=10000000 batches=4883 native_calls=4883 keys=10000000 hits=0 misses=10000000 latest_seq=10150000 projected_seq=150000 destination_seq=150000 gc_prefix=0
