CASE name=integrated_pipeline users=50000 requests=10000000 fresh=10000000 old_hit=0 old_miss=0 projection_enabled=true gc_enabled=true runtime_workers=6 wall_s=272.204 settled_s=301.612 rps=36737.2 cpu_s=367.874 cpu_cores=1.351 peak_rss_bytes=1840738304 db_bytes=614178352 gc_prefix_near_client_end=1256448 gc_backlog_records_near_client_end=8893552 gc_prefix_after_settle=10150000 final_seq=10150000 watermark_updates=324 recovery_s=1.614029 integrity_s=0.351867
CASE_IO name=integrated_pipeline cpu_sample_offset_us=0 progress_sample_offset_us=6 io_sample_offset_us=1607 storage_sample_offset_us=2177 device=sdb2(8:18) process_rchar=51529297321 process_wchar=4061155075 process_read=0 process_write=4262928384 device_read=0 device_write=4974731264 device_busy_ms=53704 wal_syncs=49160 wal_bytes=1669610431 writes_with_wal=49172 flush_write_bytes=654196077 compact_read_bytes=1684941220 compact_write_bytes=1736225017 stall_us=0 projected_sync_ns=48127173365 gc_scan_ns=29600851181 gc_delete_ns=274731813 gc_write_ns=10851056421 gc_scanned=1256448 gc_deleted=1256448 gc_deleted_bytes=170876928
LATENCY name=integrated_pipeline stage=request.total unit=ns samples=155808 p50=1337250244 p95=2079467825 p99=2452847466
LATENCY name=integrated_pipeline stage=request.admission unit=ns samples=155808 p50=832 p95=9347 p99=16301
LATENCY name=integrated_pipeline stage=request.enqueue unit=ns samples=155808 p50=80 p95=180 p99=290
LATENCY name=integrated_pipeline stage=request.queue unit=ns samples=155808 p50=1283340205 p95=1995766732 p99=2353906192
LATENCY name=integrated_pipeline stage=request.batch unit=ns samples=155808 p50=141516 p95=1627503 p99=2026381
LATENCY name=integrated_pipeline stage=request.handler unit=ns samples=155808 p50=51807137 p95=82762817 p99=101504082
LATENCY name=integrated_pipeline stage=request.response unit=ns samples=155808 p50=1005497 p95=2219203 p99=2485371
LATENCY name=integrated_pipeline stage=request.historical_lookup unit=ns samples=0 p50=0 p95=0 p99=0
LATENCY name=integrated_pipeline stage=request.historical_hit_lookup unit=ns samples=0 p50=0 p95=0 p99=0
LATENCY name=integrated_pipeline stage=request.historical_miss_lookup unit=ns samples=0 p50=0 p95=0 p99=0
LATENCY name=integrated_pipeline stage=projection.read unit=ns samples=39056 p50=291317 p95=500398 p99=630592
LATENCY name=integrated_pipeline stage=projection.apply unit=ns samples=39056 p50=141004 p95=232516 p99=388659
LATENCY name=integrated_pipeline stage=projection.progress_sync unit=ns samples=39056 p50=955092 p95=2145805 p99=3765943
LATENCY name=integrated_pipeline stage=projection.total unit=ns samples=39056 p50=1443397 p95=2847861 p99=4610848
LATENCY name=integrated_pipeline stage=gc.scan unit=ns samples=4908 p50=5968073 p95=10235237 p99=12100720
LATENCY name=integrated_pipeline stage=gc.delete_build unit=ns samples=4908 p50=50922 p95=88160 p99=181348
LATENCY name=integrated_pipeline stage=gc.sync_write unit=ns samples=4908 p50=1743511 p95=2438384 p99=3900827
LATENCY name=integrated_pipeline stage=gc.total unit=ns samples=4908 p50=53642981 p95=84799477 p99=103279316
LATENCY name=integrated_pipeline stage=watermark.fence_wait unit=ns samples=324 p50=773549493 p95=1564515650 p99=1926735848
LATENCY name=integrated_pipeline stage=watermark.projection_wait unit=ns samples=324 p50=11839177 p95=14601536 p99=805210798
LATENCY name=integrated_pipeline stage=watermark.persist unit=ns samples=324 p50=956033 p95=1056763 p99=1701491
LATENCY name=integrated_pipeline stage=watermark.total unit=ns samples=324 p50=793634797 p95=1580305805 p99=1938446802
LATENCY name=integrated_pipeline stage=checkpoint.total unit=ns samples=0 p50=0 p95=0 p99=0
LATENCY name=integrated_pipeline stage=checkpoint.chunk_sync unit=ns samples=0 p50=0 p95=0 p99=0
LATENCY name=integrated_pipeline stage=checkpoint.manifest_sync unit=ns samples=0 p50=0 p95=0 p99=0
BACKGROUND name=integrated_pipeline projection_batches=39056 projection_records=9998336 gc_steps=4908 gc_scanned_during_clients=1256448 gc_deleted_during_clients=1256448 gc_backlog_records_near_client_end=8893552 setup_preflight_cpu_pct=1.46 setup_preflight_disk_pct=0.00 measure_preflight_cpu_pct=1.69 measure_preflight_disk_pct=0.03
ARCHIVE /home/neojhou/repos/ledger-wallet/benches/data/ledger_thread_scaling/run-1790834093174466926/trials/trial-18-integrated_pipeline_t6_r2
