mode=checkpoint users=50000 waves=200 requests=10000000 transactions=10000000 credits=5000000 debits=5000000 batch_size=4096 checkpoint_quantity=100000 workers=4 cases=5 smoke=false output_dir=target/ledger-account-store-sharding-trials/run-1790704815887432455-21452
rocksdb_budgets_total_write_buffer_bytes=134217728 max_buffers_per_db=2 total_block_cache_bytes=134217728 total_background_jobs=4 key_namespace=5-byte shard prefix; sampled handler latency=stable account_id/tx_id hash mask 0x3ff
case_start=s1-one-db-control case=1/5
case_result=s1-one-db-control status=passed preflight_status=passed case_wall_s=184.405968 layout=shared-db shards=1 requests=10000000 transactions=10000000 credits=5000000 debits=5000000 completed_rps=72752.199 settled_rps=72749.231 handler_p50_ns=55519791 handler_p95_ns=86777236 handler_p99_ns=99173384 samples=9646 cpu_cores=1.159 settled_cores=1.159 checkpoints=100 checkpoint_enqueued=100 rocks_wal_syncs=2800 rocks_wal_bytes=1600343220 rocks_flush_bytes=648964285 compaction_read_bytes=1112466102 compaction_write_bytes=1417904130 stalls_us=0 recovery_s=1.909771 integrity_s=41.904500 db_bytes=639781970 sampled_peak_rss_bytes=388227072 preflight_attempts=1 preflight_observation_ms=3000.664 preflight_cpu_busy_pct=0.938 preflight_disk_busy_pct=0.100 preflight_mem_available_bytes=46675165184 preflight_free_bytes=97041920000 target_device=sdb2
shard_result=s1-one-db-control shard=0 accounts=50000 transactions=10000000 rps=72752.327 seq=10000000 checkpoints=100 latency_p50_ns=55519791 latency_p95_ns=86777236 latency_p99_ns=99173384 samples=9646
case_start=s2-shared-db case=2/5
case_result=s2-shared-db status=passed preflight_status=passed case_wall_s=128.974023 layout=shared-db shards=2 requests=10000000 transactions=10000000 credits=5000000 debits=5000000 completed_rps=117312.343 settled_rps=117306.313 handler_p50_ns=60005397 handler_p95_ns=107694944 handler_p99_ns=318781010 samples=9646 cpu_cores=1.893 settled_cores=1.893 checkpoints=100 checkpoint_enqueued=100 rocks_wal_syncs=2985 rocks_wal_bytes=1560238220 rocks_flush_bytes=617685389 compaction_read_bytes=991102418 compaction_write_bytes=1267806247 stalls_us=0 recovery_s=3.523054 integrity_s=35.378297 db_bytes=621318547 sampled_peak_rss_bytes=552275968 preflight_attempts=1 preflight_observation_ms=3000.485 preflight_cpu_busy_pct=0.959 preflight_disk_busy_pct=0.000 preflight_mem_available_bytes=46370201600 preflight_free_bytes=97039884288 target_device=sdb2
shard_result=s2-shared-db shard=0 accounts=25000 transactions=5000000 rps=58785.186 seq=5000000 checkpoints=50 latency_p50_ns=59557435 latency_p95_ns=103725773 latency_p99_ns=316709625 samples=4779
shard_result=s2-shared-db shard=1 accounts=25000 transactions=5000000 rps=58656.222 seq=5000000 checkpoints=50 latency_p50_ns=60405055 latency_p95_ns=109066957 latency_p99_ns=319851084 samples=4867
case_start=s2-dedicated-dbs case=3/5
case_result=s2-dedicated-dbs status=passed preflight_status=passed case_wall_s=117.313567 layout=dedicated-dbs shards=2 requests=10000000 transactions=10000000 credits=5000000 debits=5000000 completed_rps=153462.365 settled_rps=153453.714 handler_p50_ns=49419619 handler_p95_ns=81254269 handler_p99_ns=174378203 samples=9646 cpu_cores=2.449 settled_cores=2.449 checkpoints=100 checkpoint_enqueued=100 rocks_wal_syncs=3000 rocks_wal_bytes=1560238400 rocks_flush_bytes=625539567 compaction_read_bytes=1812933812 compaction_write_bytes=2093308029 stalls_us=0 recovery_s=9.287592 integrity_s=38.013551 db_bytes=592251252 sampled_peak_rss_bytes=658522112 preflight_attempts=1 preflight_observation_ms=3000.494 preflight_cpu_busy_pct=1.336 preflight_disk_busy_pct=0.000 preflight_mem_available_bytes=46223863808 preflight_free_bytes=97168797696 target_device=sdb2
shard_result=s2-dedicated-dbs shard=0 accounts=25000 transactions=5000000 rps=76731.254 seq=5000000 checkpoints=50 latency_p50_ns=49263748 latency_p95_ns=81264978 latency_p99_ns=164399288 samples=4779
shard_result=s2-dedicated-dbs shard=1 accounts=25000 transactions=5000000 rps=76798.153 seq=5000000 checkpoints=50 latency_p50_ns=49694985 latency_p95_ns=81254269 latency_p99_ns=181247372 samples=4867
case_start=s4-shared-db case=4/5
case_result=s4-shared-db status=passed preflight_status=passed case_wall_s=96.856119 layout=shared-db shards=4 requests=10000000 transactions=10000000 credits=5000000 debits=5000000 completed_rps=196024.198 settled_rps=196012.268 handler_p50_ns=72956535 handler_p95_ns=118820172 handler_p99_ns=232611418 samples=9646 cpu_cores=3.651 settled_cores=3.651 checkpoints=100 checkpoint_enqueued=100 rocks_wal_syncs=3240 rocks_wal_bytes=1540196040 rocks_flush_bytes=604929210 compaction_read_bytes=977115211 compaction_write_bytes=1261265412 stalls_us=0 recovery_s=2.594473 integrity_s=38.198227 db_bytes=599427360 sampled_peak_rss_bytes=710901760 preflight_attempts=1 preflight_observation_ms=3000.964 preflight_cpu_busy_pct=0.918 preflight_disk_busy_pct=0.000 preflight_mem_available_bytes=46250463232 preflight_free_bytes=97172004864 target_device=sdb2
shard_result=s4-shared-db shard=0 accounts=12500 transactions=2500000 rps=49375.072 seq=2500000 checkpoints=25 latency_p50_ns=74655862 latency_p95_ns=115486091 latency_p99_ns=224513335 samples=2451
shard_result=s4-shared-db shard=1 accounts=12500 transactions=2500000 rps=49573.569 seq=2500000 checkpoints=25 latency_p50_ns=72849575 latency_p95_ns=114831113 latency_p99_ns=404018754 samples=2428
shard_result=s4-shared-db shard=2 accounts=12500 transactions=2500000 rps=49023.715 seq=2500000 checkpoints=25 latency_p50_ns=72739648 latency_p95_ns=119173143 latency_p99_ns=212588649 samples=2328
shard_result=s4-shared-db shard=3 accounts=12500 transactions=2500000 rps=49006.180 seq=2500000 checkpoints=25 latency_p50_ns=71996204 latency_p95_ns=121709238 latency_p99_ns=217757430 samples=2439
case_start=s4-dedicated-dbs case=5/5
case_result=s4-dedicated-dbs status=passed preflight_status=passed case_wall_s=80.524039 layout=dedicated-dbs shards=4 requests=10000000 transactions=10000000 credits=5000000 debits=5000000 completed_rps=258256.165 settled_rps=258236.552 handler_p50_ns=55767886 handler_p95_ns=88239453 handler_p99_ns=226257040 samples=9646 cpu_cores=4.369 settled_cores=4.368 checkpoints=100 checkpoint_enqueued=100 rocks_wal_syncs=3400 rocks_wal_bytes=1540197960 rocks_flush_bytes=609479299 compaction_read_bytes=1754298734 compaction_write_bytes=2048787566 stalls_us=0 recovery_s=0.314444 integrity_s=33.956949 db_bytes=580987715 sampled_peak_rss_bytes=786673664 preflight_attempts=1 preflight_observation_ms=3000.488 preflight_cpu_busy_pct=1.377 preflight_disk_busy_pct=0.000 preflight_mem_available_bytes=46084362240 preflight_free_bytes=97157992448 target_device=sdb2
shard_result=s4-dedicated-dbs shard=0 accounts=12500 transactions=2500000 rps=67823.810 seq=2500000 checkpoints=25 latency_p50_ns=54961483 latency_p95_ns=85178254 latency_p99_ns=212515848 samples=2451
shard_result=s4-dedicated-dbs shard=1 accounts=12500 transactions=2500000 rps=67578.793 seq=2500000 checkpoints=25 latency_p50_ns=56174286 latency_p95_ns=85732222 latency_p99_ns=309652592 samples=2428
shard_result=s4-dedicated-dbs shard=2 accounts=12500 transactions=2500000 rps=67162.568 seq=2500000 checkpoints=25 latency_p50_ns=55609889 latency_p95_ns=90087447 latency_p99_ns=218352170 samples=2328
shard_result=s4-dedicated-dbs shard=3 accounts=12500 transactions=2500000 rps=64564.252 seq=2500000 checkpoints=25 latency_p50_ns=56353933 latency_p95_ns=89777787 latency_p99_ns=203715330 samples=2439
run_complete=true total_wall_s=608.112914 results_csv=target/ledger-account-store-sharding-trials/run-1790704815887432455-21452/results.csv shards_csv=target/ledger-account-store-sharding-trials/run-1790704815887432455-21452/shards.csv
