CASE name=index_lookup_chunked_256_p4 users=50000 requests=10000000 fresh=10000000 old_hit=0 old_miss=0 projection_enabled=false gc_enabled=false runtime_workers=4 wall_s=118.045 settled_s=0.002 rps=84713.8 cpu_s=305.702 cpu_cores=2.590 peak_rss_bytes=848719872 db_bytes=632984457 gc_prefix_near_client_end=0 gc_backlog_records_near_client_end=10150000 gc_prefix_after_settle=0 final_seq=10150000 watermark_updates=0 recovery_s=0.464323 integrity_s=59.281914
CASE_IO name=index_lookup_chunked_256_p4 cpu_sample_offset_us=0 progress_sample_offset_us=216 io_sample_offset_us=997 storage_sample_offset_us=1753 device=sdb2(8:18) process_rchar=53553245148 process_wchar=3817581071 process_read=0 process_write=3837870080 device_read=36864 device_write=3931222016 device_busy_ms=13162 wal_syncs=4883 wal_bytes=1620170905 writes_with_wal=4883 flush_write_bytes=629687017 compact_read_bytes=1467838832 compact_write_bytes=1566901452 stall_us=0 projected_sync_ns=0 gc_scan_ns=0 gc_delete_ns=0 gc_write_ns=0 gc_scanned=0 gc_deleted=0 gc_deleted_bytes=0
LATENCY name=index_lookup_chunked_256_p4 stage=request.total unit=ns samples=155808 p50=579401221 p95=847956239 p99=980541880
LATENCY name=index_lookup_chunked_256_p4 stage=request.admission unit=ns samples=155808 p50=481 p95=1463 p99=3356
LATENCY name=index_lookup_chunked_256_p4 stage=request.enqueue unit=ns samples=155808 p50=61 p95=150 p99=231
LATENCY name=index_lookup_chunked_256_p4 stage=request.queue unit=ns samples=155808 p50=555852822 p95=814880773 p99=942153102
LATENCY name=index_lookup_chunked_256_p4 stage=request.batch unit=ns samples=155808 p50=149019 p95=989164 p99=1388252
LATENCY name=index_lookup_chunked_256_p4 stage=request.handler unit=ns samples=155808 p50=21714182 p95=30730584 p99=44682115
LATENCY name=index_lookup_chunked_256_p4 stage=request.response unit=ns samples=155808 p50=713277 p95=1595120 p99=1878662
LATENCY name=index_lookup_chunked_256_p4 stage=request.historical_lookup unit=ns samples=0 p50=0 p95=0 p99=0
LATENCY name=index_lookup_chunked_256_p4 stage=request.historical_hit_lookup unit=ns samples=0 p50=0 p95=0 p99=0
LATENCY name=index_lookup_chunked_256_p4 stage=request.historical_miss_lookup unit=ns samples=0 p50=0 p95=0 p99=0
LATENCY name=index_lookup_chunked_256_p4 stage=projection.read unit=ns samples=0 p50=0 p95=0 p99=0
LATENCY name=index_lookup_chunked_256_p4 stage=projection.apply unit=ns samples=0 p50=0 p95=0 p99=0
LATENCY name=index_lookup_chunked_256_p4 stage=projection.progress_sync unit=ns samples=0 p50=0 p95=0 p99=0
LATENCY name=index_lookup_chunked_256_p4 stage=projection.total unit=ns samples=0 p50=0 p95=0 p99=0
LATENCY name=index_lookup_chunked_256_p4 stage=gc.scan unit=ns samples=0 p50=0 p95=0 p99=0
LATENCY name=index_lookup_chunked_256_p4 stage=gc.delete_build unit=ns samples=0 p50=0 p95=0 p99=0
LATENCY name=index_lookup_chunked_256_p4 stage=gc.sync_write unit=ns samples=0 p50=0 p95=0 p99=0
LATENCY name=index_lookup_chunked_256_p4 stage=gc.total unit=ns samples=0 p50=0 p95=0 p99=0
LATENCY name=index_lookup_chunked_256_p4 stage=watermark.fence_wait unit=ns samples=0 p50=0 p95=0 p99=0
LATENCY name=index_lookup_chunked_256_p4 stage=watermark.projection_wait unit=ns samples=0 p50=0 p95=0 p99=0
LATENCY name=index_lookup_chunked_256_p4 stage=watermark.persist unit=ns samples=0 p50=0 p95=0 p99=0
LATENCY name=index_lookup_chunked_256_p4 stage=watermark.total unit=ns samples=0 p50=0 p95=0 p99=0
LATENCY name=index_lookup_chunked_256_p4 stage=checkpoint.total unit=ns samples=0 p50=0 p95=0 p99=0
LATENCY name=index_lookup_chunked_256_p4 stage=checkpoint.chunk_sync unit=ns samples=0 p50=0 p95=0 p99=0
LATENCY name=index_lookup_chunked_256_p4 stage=checkpoint.manifest_sync unit=ns samples=0 p50=0 p95=0 p99=0
BACKGROUND name=index_lookup_chunked_256_p4 projection_batches=0 projection_records=0 gc_steps=0 gc_scanned_during_clients=0 gc_deleted_during_clients=0 gc_backlog_records_near_client_end=10150000 setup_preflight_cpu_pct=2.05 setup_preflight_disk_pct=0.13 measure_preflight_cpu_pct=2.23 measure_preflight_disk_pct=0.03
INDEX_LOOKUP_TRIAL mode=chunked_256_p4 workers=4 requests=10000000 batches=4883 native_calls=39063 keys=10000000 hits=0 misses=10000000 latest_seq=10150000 projected_seq=150000 destination_seq=150000 gc_prefix=0
