CASE name=foreground_persistence users=50000 requests=10000000 fresh=10000000 old_hit=0 old_miss=0 projection_enabled=false gc_enabled=false runtime_workers=6 wall_s=257.792 settled_s=0.002 rps=38790.9 cpu_s=303.979 cpu_cores=1.179 peak_rss_bytes=801468416 db_bytes=638054869 gc_prefix_near_client_end=0 gc_backlog_records_near_client_end=10150000 gc_prefix_after_settle=0 final_seq=10150000 watermark_updates=0 recovery_s=0.412122 integrity_s=66.447507
CASE_IO name=foreground_persistence cpu_sample_offset_us=0 progress_sample_offset_us=6 io_sample_offset_us=1563 storage_sample_offset_us=2076 device=sdb2(8:18) process_rchar=47731641827 process_wchar=3817987047 process_read=0 process_write=3838382080 device_read=45056 device_write=3994181632 device_busy_ms=30944 wal_syncs=4883 wal_bytes=1620170905 writes_with_wal=4883 flush_write_bytes=634311706 compact_read_bytes=1462598550 compact_write_bytes=1562771586 stall_us=0 projected_sync_ns=0 gc_scan_ns=0 gc_delete_ns=0 gc_write_ns=0 gc_scanned=0 gc_deleted=0 gc_deleted_bytes=0
LATENCY name=foreground_persistence stage=request.total unit=ns samples=155808 p50=1197880578 p95=1866773546 p99=4565029899
LATENCY name=foreground_persistence stage=request.admission unit=ns samples=155808 p50=901 p95=9929 p99=16781
LATENCY name=foreground_persistence stage=request.enqueue unit=ns samples=155808 p50=80 p95=161 p99=260
LATENCY name=foreground_persistence stage=request.queue unit=ns samples=155808 p50=1149515602 p95=1793037572 p99=4393698507
LATENCY name=foreground_persistence stage=request.batch unit=ns samples=155808 p50=136225 p95=1514811 p99=1822198
LATENCY name=foreground_persistence stage=request.handler unit=ns samples=155808 p50=46697856 p95=74971067 p99=163580180
LATENCY name=foreground_persistence stage=request.response unit=ns samples=155808 p50=942478 p95=2039575 p99=2255510
LATENCY name=foreground_persistence stage=request.historical_lookup unit=ns samples=0 p50=0 p95=0 p99=0
LATENCY name=foreground_persistence stage=request.historical_hit_lookup unit=ns samples=0 p50=0 p95=0 p99=0
LATENCY name=foreground_persistence stage=request.historical_miss_lookup unit=ns samples=0 p50=0 p95=0 p99=0
LATENCY name=foreground_persistence stage=projection.read unit=ns samples=0 p50=0 p95=0 p99=0
LATENCY name=foreground_persistence stage=projection.apply unit=ns samples=0 p50=0 p95=0 p99=0
LATENCY name=foreground_persistence stage=projection.progress_sync unit=ns samples=0 p50=0 p95=0 p99=0
LATENCY name=foreground_persistence stage=projection.total unit=ns samples=0 p50=0 p95=0 p99=0
LATENCY name=foreground_persistence stage=gc.scan unit=ns samples=0 p50=0 p95=0 p99=0
LATENCY name=foreground_persistence stage=gc.delete_build unit=ns samples=0 p50=0 p95=0 p99=0
LATENCY name=foreground_persistence stage=gc.sync_write unit=ns samples=0 p50=0 p95=0 p99=0
LATENCY name=foreground_persistence stage=gc.total unit=ns samples=0 p50=0 p95=0 p99=0
LATENCY name=foreground_persistence stage=watermark.fence_wait unit=ns samples=0 p50=0 p95=0 p99=0
LATENCY name=foreground_persistence stage=watermark.projection_wait unit=ns samples=0 p50=0 p95=0 p99=0
LATENCY name=foreground_persistence stage=watermark.persist unit=ns samples=0 p50=0 p95=0 p99=0
LATENCY name=foreground_persistence stage=watermark.total unit=ns samples=0 p50=0 p95=0 p99=0
LATENCY name=foreground_persistence stage=checkpoint.total unit=ns samples=0 p50=0 p95=0 p99=0
LATENCY name=foreground_persistence stage=checkpoint.chunk_sync unit=ns samples=0 p50=0 p95=0 p99=0
LATENCY name=foreground_persistence stage=checkpoint.manifest_sync unit=ns samples=0 p50=0 p95=0 p99=0
BACKGROUND name=foreground_persistence projection_batches=0 projection_records=0 gc_steps=0 gc_scanned_during_clients=0 gc_deleted_during_clients=0 gc_backlog_records_near_client_end=10150000 setup_preflight_cpu_pct=1.67 setup_preflight_disk_pct=4.00 measure_preflight_cpu_pct=1.54 measure_preflight_disk_pct=4.23
ARCHIVE /home/neojhou/repos/ledger-wallet/benches/data/ledger_thread_scaling/run-1790834093174466926/trials/trial-08-foreground_persistence_t6_r1
