CASE name=foreground_persistence users=50000 requests=10000000 fresh=10000000 old_hit=0 old_miss=0 projection_enabled=false gc_enabled=false runtime_workers=4 wall_s=238.747 settled_s=0.001 rps=41885.3 cpu_s=281.537 cpu_cores=1.179 peak_rss_bytes=808251392 db_bytes=634358609 gc_prefix_near_client_end=0 gc_backlog_records_near_client_end=10150000 gc_prefix_after_settle=0 final_seq=10150000 watermark_updates=0 recovery_s=0.470540 integrity_s=60.308294
CASE_IO name=foreground_persistence cpu_sample_offset_us=1 progress_sample_offset_us=14 io_sample_offset_us=23 storage_sample_offset_us=624 device=sdb2(8:18) process_rchar=47765707795 process_wchar=3805379212 process_read=0 process_write=3825733632 device_read=2629632 device_write=3960684544 device_busy_ms=13776 wal_syncs=4883 wal_bytes=1620170905 writes_with_wal=4883 flush_write_bytes=630811659 compact_read_bytes=1450998757 compact_write_bytes=1553621577 stall_us=0 projected_sync_ns=0 gc_scan_ns=0 gc_delete_ns=0 gc_write_ns=0 gc_scanned=0 gc_deleted=0 gc_deleted_bytes=0
LATENCY name=foreground_persistence stage=request.total unit=ns samples=155808 p50=1178753219 p95=1777848193 p99=2120311365
LATENCY name=foreground_persistence stage=request.admission unit=ns samples=155808 p50=481 p95=1683 p99=5500
LATENCY name=foreground_persistence stage=request.enqueue unit=ns samples=155808 p50=60 p95=150 p99=250
LATENCY name=foreground_persistence stage=request.queue unit=ns samples=155808 p50=1131554546 p95=1706412583 p99=2037126076
LATENCY name=foreground_persistence stage=request.batch unit=ns samples=155808 p50=135393 p95=1027075 p99=1544761
LATENCY name=foreground_persistence stage=request.handler unit=ns samples=155808 p50=46171473 p95=71628030 p99=84691100
LATENCY name=foreground_persistence stage=request.response unit=ns samples=155808 p50=712088 p95=1671218 p99=2030476
LATENCY name=foreground_persistence stage=request.historical_lookup unit=ns samples=0 p50=0 p95=0 p99=0
LATENCY name=foreground_persistence stage=request.historical_hit_lookup unit=ns samples=0 p50=0 p95=0 p99=0
LATENCY name=foreground_persistence stage=request.historical_miss_lookup unit=ns samples=0 p50=0 p95=0 p99=0
LATENCY name=foreground_persistence stage=projection.read unit=ns samples=0 p50=0 p95=0 p99=0
LATENCY name=foreground_persistence stage=projection.apply unit=ns samples=0 p50=0 p95=0 p99=0
LATENCY name=foreground_persistence stage=projection.progress_sync unit=ns samples=0 p50=0 p95=0 p99=0
LATENCY name=foreground_persistence stage=projection.total unit=ns samples=0 p50=0 p95=0 p99=0
LATENCY name=foreground_persistence stage=gc.scan unit=ns samples=0 p50=0 p95=0 p99=0
LATENCY name=foreground_persistence stage=gc.delete_build unit=ns samples=0 p50=0 p95=0 p99=0
LATENCY name=foreground_persistence stage=gc.sync_write unit=ns samples=0 p50=0 p95=0 p99=0
LATENCY name=foreground_persistence stage=gc.total unit=ns samples=0 p50=0 p95=0 p99=0
LATENCY name=foreground_persistence stage=watermark.fence_wait unit=ns samples=0 p50=0 p95=0 p99=0
LATENCY name=foreground_persistence stage=watermark.projection_wait unit=ns samples=0 p50=0 p95=0 p99=0
LATENCY name=foreground_persistence stage=watermark.persist unit=ns samples=0 p50=0 p95=0 p99=0
LATENCY name=foreground_persistence stage=watermark.total unit=ns samples=0 p50=0 p95=0 p99=0
LATENCY name=foreground_persistence stage=checkpoint.total unit=ns samples=0 p50=0 p95=0 p99=0
LATENCY name=foreground_persistence stage=checkpoint.chunk_sync unit=ns samples=0 p50=0 p95=0 p99=0
LATENCY name=foreground_persistence stage=checkpoint.manifest_sync unit=ns samples=0 p50=0 p95=0 p99=0
BACKGROUND name=foreground_persistence projection_batches=0 projection_records=0 gc_steps=0 gc_scanned_during_clients=0 gc_deleted_during_clients=0 gc_backlog_records_near_client_end=10150000 setup_preflight_cpu_pct=1.71 setup_preflight_disk_pct=0.13 measure_preflight_cpu_pct=1.63 measure_preflight_disk_pct=0.07
ARCHIVE /home/neojhou/repos/ledger-wallet/benches/data/ledger_thread_scaling/run-1790834093174466926/trials/trial-05-foreground_persistence_t4_r1
