CASE name=index_lookup_chunked_256_p4 users=50000 requests=10000000 fresh=10000000 old_hit=0 old_miss=0 projection_enabled=false gc_enabled=false runtime_workers=4 wall_s=117.900 settled_s=0.003 rps=84817.9 cpu_s=305.597 cpu_cores=2.592 peak_rss_bytes=848007168 db_bytes=633004512 gc_prefix_near_client_end=0 gc_backlog_records_near_client_end=10150000 gc_prefix_after_settle=0 final_seq=10150000 watermark_updates=0 recovery_s=0.426254 integrity_s=60.283850
CASE_IO name=index_lookup_chunked_256_p4 cpu_sample_offset_us=0 progress_sample_offset_us=209 io_sample_offset_us=1015 storage_sample_offset_us=1637 device=sdb2(8:18) process_rchar=53627169299 process_wchar=3818491520 process_read=0 process_write=3838783488 device_read=0 device_write=3932676096 device_busy_ms=13176 wal_syncs=4883 wal_bytes=1620170905 writes_with_wal=4883 flush_write_bytes=629786615 compact_read_bytes=1468580429 compact_write_bytes=1567694382 stall_us=0 projected_sync_ns=0 gc_scan_ns=0 gc_delete_ns=0 gc_write_ns=0 gc_scanned=0 gc_deleted=0 gc_deleted_bytes=0
LATENCY name=index_lookup_chunked_256_p4 stage=request.total unit=ns samples=155808 p50=570470616 p95=861267704 p99=1004342821
LATENCY name=index_lookup_chunked_256_p4 stage=request.admission unit=ns samples=155808 p50=481 p95=1473 p99=3487
LATENCY name=index_lookup_chunked_256_p4 stage=request.enqueue unit=ns samples=155808 p50=70 p95=150 p99=241
LATENCY name=index_lookup_chunked_256_p4 stage=request.queue unit=ns samples=155808 p50=547769656 p95=829307982 p99=968848715
LATENCY name=index_lookup_chunked_256_p4 stage=request.batch unit=ns samples=155808 p50=149160 p95=1001928 p99=1404171
LATENCY name=index_lookup_chunked_256_p4 stage=request.handler unit=ns samples=155808 p50=21616378 p95=31155845 p99=41778702
LATENCY name=index_lookup_chunked_256_p4 stage=request.response unit=ns samples=155808 p50=712625 p95=1596452 p99=1877558
LATENCY name=index_lookup_chunked_256_p4 stage=request.historical_lookup unit=ns samples=0 p50=0 p95=0 p99=0
LATENCY name=index_lookup_chunked_256_p4 stage=request.historical_hit_lookup unit=ns samples=0 p50=0 p95=0 p99=0
LATENCY name=index_lookup_chunked_256_p4 stage=request.historical_miss_lookup unit=ns samples=0 p50=0 p95=0 p99=0
LATENCY name=index_lookup_chunked_256_p4 stage=projection.read unit=ns samples=0 p50=0 p95=0 p99=0
LATENCY name=index_lookup_chunked_256_p4 stage=projection.apply unit=ns samples=0 p50=0 p95=0 p99=0
LATENCY name=index_lookup_chunked_256_p4 stage=projection.progress_sync unit=ns samples=0 p50=0 p95=0 p99=0
LATENCY name=index_lookup_chunked_256_p4 stage=projection.total unit=ns samples=0 p50=0 p95=0 p99=0
LATENCY name=index_lookup_chunked_256_p4 stage=gc.scan unit=ns samples=0 p50=0 p95=0 p99=0
LATENCY name=index_lookup_chunked_256_p4 stage=gc.delete_build unit=ns samples=0 p50=0 p95=0 p99=0
LATENCY name=index_lookup_chunked_256_p4 stage=gc.sync_write unit=ns samples=0 p50=0 p95=0 p99=0
LATENCY name=index_lookup_chunked_256_p4 stage=gc.total unit=ns samples=0 p50=0 p95=0 p99=0
LATENCY name=index_lookup_chunked_256_p4 stage=watermark.fence_wait unit=ns samples=0 p50=0 p95=0 p99=0
LATENCY name=index_lookup_chunked_256_p4 stage=watermark.projection_wait unit=ns samples=0 p50=0 p95=0 p99=0
LATENCY name=index_lookup_chunked_256_p4 stage=watermark.persist unit=ns samples=0 p50=0 p95=0 p99=0
LATENCY name=index_lookup_chunked_256_p4 stage=watermark.total unit=ns samples=0 p50=0 p95=0 p99=0
LATENCY name=index_lookup_chunked_256_p4 stage=checkpoint.total unit=ns samples=0 p50=0 p95=0 p99=0
LATENCY name=index_lookup_chunked_256_p4 stage=checkpoint.chunk_sync unit=ns samples=0 p50=0 p95=0 p99=0
LATENCY name=index_lookup_chunked_256_p4 stage=checkpoint.manifest_sync unit=ns samples=0 p50=0 p95=0 p99=0
BACKGROUND name=index_lookup_chunked_256_p4 projection_batches=0 projection_records=0 gc_steps=0 gc_scanned_during_clients=0 gc_deleted_during_clients=0 gc_backlog_records_near_client_end=10150000 setup_preflight_cpu_pct=1.91 setup_preflight_disk_pct=0.27 measure_preflight_cpu_pct=1.84 measure_preflight_disk_pct=0.07
INDEX_LOOKUP_TRIAL mode=chunked_256_p4 workers=4 requests=10000000 batches=4883 native_calls=39063 keys=10000000 hits=0 misses=10000000 latest_seq=10150000 projected_seq=150000 destination_seq=150000 gc_prefix=0
