CASE name=index_lookup_chunked_256_p1 users=50000 requests=10000000 fresh=10000000 old_hit=0 old_miss=0 projection_enabled=false gc_enabled=false runtime_workers=4 wall_s=207.577 settled_s=0.003 rps=48175.0 cpu_s=247.916 cpu_cores=1.194 peak_rss_bytes=810364928 db_bytes=632909272 gc_prefix_near_client_end=0 gc_backlog_records_near_client_end=10150000 gc_prefix_after_settle=0 final_seq=10150000 watermark_updates=0 recovery_s=0.433662 integrity_s=58.942141
CASE_IO name=index_lookup_chunked_256_p1 cpu_sample_offset_us=0 progress_sample_offset_us=410 io_sample_offset_us=1144 storage_sample_offset_us=1835 device=sdb2(8:18) process_rchar=48287953002 process_wchar=3801032255 process_read=0 process_write=3821297664 device_read=0 device_write=3960201216 device_busy_ms=13611 wal_syncs=4883 wal_bytes=1620170905 writes_with_wal=4883 flush_write_bytes=629491309 compact_read_bytes=1448305869 compact_write_bytes=1550538605 stall_us=0 projected_sync_ns=0 gc_scan_ns=0 gc_delete_ns=0 gc_write_ns=0 gc_scanned=0 gc_deleted=0 gc_deleted_bytes=0
LATENCY name=index_lookup_chunked_256_p1 stage=request.total unit=ns samples=155808 p50=1024121823 p95=1523004590 p99=1883946133
LATENCY name=index_lookup_chunked_256_p1 stage=request.admission unit=ns samples=155808 p50=451 p95=1282 p99=2475
LATENCY name=index_lookup_chunked_256_p1 stage=request.enqueue unit=ns samples=155808 p50=60 p95=140 p99=230
LATENCY name=index_lookup_chunked_256_p1 stage=request.queue unit=ns samples=155808 p50=983591656 p95=1462010014 p99=1804194748
LATENCY name=index_lookup_chunked_256_p1 stage=request.batch unit=ns samples=155808 p50=147427 p95=758943 p99=1279960
LATENCY name=index_lookup_chunked_256_p1 stage=request.handler unit=ns samples=155808 p50=39969828 p95=61031126 p99=73661359
LATENCY name=index_lookup_chunked_256_p1 stage=request.response unit=ns samples=155808 p50=662953 p95=1386980 p99=1763336
LATENCY name=index_lookup_chunked_256_p1 stage=request.historical_lookup unit=ns samples=0 p50=0 p95=0 p99=0
LATENCY name=index_lookup_chunked_256_p1 stage=request.historical_hit_lookup unit=ns samples=0 p50=0 p95=0 p99=0
LATENCY name=index_lookup_chunked_256_p1 stage=request.historical_miss_lookup unit=ns samples=0 p50=0 p95=0 p99=0
LATENCY name=index_lookup_chunked_256_p1 stage=projection.read unit=ns samples=0 p50=0 p95=0 p99=0
LATENCY name=index_lookup_chunked_256_p1 stage=projection.apply unit=ns samples=0 p50=0 p95=0 p99=0
LATENCY name=index_lookup_chunked_256_p1 stage=projection.progress_sync unit=ns samples=0 p50=0 p95=0 p99=0
LATENCY name=index_lookup_chunked_256_p1 stage=projection.total unit=ns samples=0 p50=0 p95=0 p99=0
LATENCY name=index_lookup_chunked_256_p1 stage=gc.scan unit=ns samples=0 p50=0 p95=0 p99=0
LATENCY name=index_lookup_chunked_256_p1 stage=gc.delete_build unit=ns samples=0 p50=0 p95=0 p99=0
LATENCY name=index_lookup_chunked_256_p1 stage=gc.sync_write unit=ns samples=0 p50=0 p95=0 p99=0
LATENCY name=index_lookup_chunked_256_p1 stage=gc.total unit=ns samples=0 p50=0 p95=0 p99=0
LATENCY name=index_lookup_chunked_256_p1 stage=watermark.fence_wait unit=ns samples=0 p50=0 p95=0 p99=0
LATENCY name=index_lookup_chunked_256_p1 stage=watermark.projection_wait unit=ns samples=0 p50=0 p95=0 p99=0
LATENCY name=index_lookup_chunked_256_p1 stage=watermark.persist unit=ns samples=0 p50=0 p95=0 p99=0
LATENCY name=index_lookup_chunked_256_p1 stage=watermark.total unit=ns samples=0 p50=0 p95=0 p99=0
LATENCY name=index_lookup_chunked_256_p1 stage=checkpoint.total unit=ns samples=0 p50=0 p95=0 p99=0
LATENCY name=index_lookup_chunked_256_p1 stage=checkpoint.chunk_sync unit=ns samples=0 p50=0 p95=0 p99=0
LATENCY name=index_lookup_chunked_256_p1 stage=checkpoint.manifest_sync unit=ns samples=0 p50=0 p95=0 p99=0
BACKGROUND name=index_lookup_chunked_256_p1 projection_batches=0 projection_records=0 gc_steps=0 gc_scanned_during_clients=0 gc_deleted_during_clients=0 gc_backlog_records_near_client_end=10150000 setup_preflight_cpu_pct=1.52 setup_preflight_disk_pct=0.00 measure_preflight_cpu_pct=1.38 measure_preflight_disk_pct=0.03
INDEX_LOOKUP_TRIAL mode=chunked_256_p1 workers=4 requests=10000000 batches=4883 native_calls=39063 keys=10000000 hits=0 misses=10000000 latest_seq=10150000 projected_seq=150000 destination_seq=150000 gc_prefix=0
