CASE name=foreground_persistence users=50000 requests=10000000 fresh=10000000 old_hit=0 old_miss=0 projection_enabled=false gc_enabled=false runtime_workers=6 wall_s=239.444 settled_s=0.001 rps=41763.4 cpu_s=299.668 cpu_cores=1.252 peak_rss_bytes=804646912 db_bytes=637788980 gc_prefix_near_client_end=0 gc_backlog_records_near_client_end=10150000 gc_prefix_after_settle=0 final_seq=10150000 watermark_updates=0 recovery_s=0.433214 integrity_s=59.712510
CASE_IO name=foreground_persistence cpu_sample_offset_us=0 progress_sample_offset_us=11 io_sample_offset_us=20 storage_sample_offset_us=616 device=sdb2(8:18) process_rchar=47920751255 process_wchar=3816229103 process_read=0 process_write=3836616704 device_read=126976 device_write=3976622080 device_busy_ms=16524 wal_syncs=4883 wal_bytes=1620170905 writes_with_wal=4883 flush_write_bytes=633921613 compact_read_bytes=1459441447 compact_write_bytes=1561402304 stall_us=0 projected_sync_ns=0 gc_scan_ns=0 gc_delete_ns=0 gc_write_ns=0 gc_scanned=0 gc_deleted=0 gc_deleted_bytes=0
LATENCY name=foreground_persistence stage=request.total unit=ns samples=155808 p50=1164156202 p95=1788854883 p99=2104517400
LATENCY name=foreground_persistence stage=request.admission unit=ns samples=155808 p50=871 p95=9738 p99=16310
LATENCY name=foreground_persistence stage=request.enqueue unit=ns samples=155808 p50=80 p95=161 p99=261
LATENCY name=foreground_persistence stage=request.queue unit=ns samples=155808 p50=1117358957 p95=1717932809 p99=2023980448
LATENCY name=foreground_persistence stage=request.batch unit=ns samples=155808 p50=136927 p95=1464225 p99=1817938
LATENCY name=foreground_persistence stage=request.handler unit=ns samples=155808 p50=45267923 p95=71579005 p99=81259973
LATENCY name=foreground_persistence stage=request.response unit=ns samples=155808 p50=919323 p95=2015889 p99=2250018
LATENCY name=foreground_persistence stage=request.historical_lookup unit=ns samples=0 p50=0 p95=0 p99=0
LATENCY name=foreground_persistence stage=request.historical_hit_lookup unit=ns samples=0 p50=0 p95=0 p99=0
LATENCY name=foreground_persistence stage=request.historical_miss_lookup unit=ns samples=0 p50=0 p95=0 p99=0
LATENCY name=foreground_persistence stage=projection.read unit=ns samples=0 p50=0 p95=0 p99=0
LATENCY name=foreground_persistence stage=projection.apply unit=ns samples=0 p50=0 p95=0 p99=0
LATENCY name=foreground_persistence stage=projection.progress_sync unit=ns samples=0 p50=0 p95=0 p99=0
LATENCY name=foreground_persistence stage=projection.total unit=ns samples=0 p50=0 p95=0 p99=0
LATENCY name=foreground_persistence stage=gc.scan unit=ns samples=0 p50=0 p95=0 p99=0
LATENCY name=foreground_persistence stage=gc.delete_build unit=ns samples=0 p50=0 p95=0 p99=0
LATENCY name=foreground_persistence stage=gc.sync_write unit=ns samples=0 p50=0 p95=0 p99=0
LATENCY name=foreground_persistence stage=gc.total unit=ns samples=0 p50=0 p95=0 p99=0
LATENCY name=foreground_persistence stage=watermark.fence_wait unit=ns samples=0 p50=0 p95=0 p99=0
LATENCY name=foreground_persistence stage=watermark.projection_wait unit=ns samples=0 p50=0 p95=0 p99=0
LATENCY name=foreground_persistence stage=watermark.persist unit=ns samples=0 p50=0 p95=0 p99=0
LATENCY name=foreground_persistence stage=watermark.total unit=ns samples=0 p50=0 p95=0 p99=0
LATENCY name=foreground_persistence stage=checkpoint.total unit=ns samples=0 p50=0 p95=0 p99=0
LATENCY name=foreground_persistence stage=checkpoint.chunk_sync unit=ns samples=0 p50=0 p95=0 p99=0
LATENCY name=foreground_persistence stage=checkpoint.manifest_sync unit=ns samples=0 p50=0 p95=0 p99=0
BACKGROUND name=foreground_persistence projection_batches=0 projection_records=0 gc_steps=0 gc_scanned_during_clients=0 gc_deleted_during_clients=0 gc_backlog_records_near_client_end=10150000 setup_preflight_cpu_pct=1.36 setup_preflight_disk_pct=4.00 measure_preflight_cpu_pct=1.36 measure_preflight_disk_pct=1.23
ARCHIVE /home/neojhou/repos/ledger-wallet/benches/data/ledger_thread_scaling/run-1790834093174466926/trials/trial-26-foreground_persistence_t6_r3
