CASE name=index_lookup_chunked_256_p8 users=50000 requests=10000000 fresh=10000000 old_hit=0 old_miss=0 projection_enabled=true gc_enabled=true runtime_workers=4 wall_s=132.937 settled_s=309.884 rps=75223.6 cpu_s=423.485 cpu_cores=3.186 peak_rss_bytes=1849835520 db_bytes=864545603 gc_prefix_near_client_end=1255680 gc_backlog_records_near_client_end=8894320 gc_prefix_after_settle=10150000 final_seq=10150000 watermark_updates=33 recovery_s=4.241287 integrity_s=0.354991
CASE_IO name=index_lookup_chunked_256_p8 cpu_sample_offset_us=0 progress_sample_offset_us=115 io_sample_offset_us=1243 storage_sample_offset_us=1876 device=sdb2(8:18) process_rchar=59566795853 process_wchar=3885640606 process_read=4096 process_write=4085985280 device_read=212992 device_write=4705210368 device_busy_ms=52726 wal_syncs=48859 wal_bytes=1669559515 writes_with_wal=48878 flush_write_bytes=652587543 compact_read_bytes=1510814811 compact_write_bytes=1562274369 stall_us=0 projected_sync_ns=90853882807 gc_scan_ns=31714023662 gc_delete_ns=242003831 gc_write_ns=11726333214 gc_scanned=1255680 gc_deleted=1255680 gc_deleted_bytes=170772480
LATENCY name=index_lookup_chunked_256_p8 stage=request.total unit=ns samples=155808 p50=648551278 p95=956952310 p99=1124482976
LATENCY name=index_lookup_chunked_256_p8 stage=request.admission unit=ns samples=155808 p50=621 p95=2274 p99=9648
LATENCY name=index_lookup_chunked_256_p8 stage=request.enqueue unit=ns samples=155808 p50=70 p95=161 p99=270
LATENCY name=index_lookup_chunked_256_p8 stage=request.queue unit=ns samples=155808 p50=622648959 p95=921744643 p99=1079961055
LATENCY name=index_lookup_chunked_256_p8 stage=request.batch unit=ns samples=155808 p50=147897 p95=1439027 p99=1761822
LATENCY name=index_lookup_chunked_256_p8 stage=request.handler unit=ns samples=155808 p50=24261555 p95=34812908 p99=54296259
LATENCY name=index_lookup_chunked_256_p8 stage=request.response unit=ns samples=155808 p50=853450 p95=1954964 p99=2237874
LATENCY name=index_lookup_chunked_256_p8 stage=request.historical_lookup unit=ns samples=0 p50=0 p95=0 p99=0
LATENCY name=index_lookup_chunked_256_p8 stage=request.historical_hit_lookup unit=ns samples=0 p50=0 p95=0 p99=0
LATENCY name=index_lookup_chunked_256_p8 stage=request.historical_miss_lookup unit=ns samples=0 p50=0 p95=0 p99=0
LATENCY name=index_lookup_chunked_256_p8 stage=projection.read unit=ns samples=39056 p50=747691 p95=1226568 p99=1433075
LATENCY name=index_lookup_chunked_256_p8 stage=projection.apply unit=ns samples=39056 p50=161563 p95=274534 p99=408195
LATENCY name=index_lookup_chunked_256_p8 stage=projection.progress_sync unit=ns samples=39056 p50=1017096 p95=10245540 p99=11670621
LATENCY name=index_lookup_chunked_256_p8 stage=projection.total unit=ns samples=39056 p50=2108732 p95=11083490 p99=12533067
LATENCY name=index_lookup_chunked_256_p8 stage=gc.scan unit=ns samples=4905 p50=6451369 p95=11208848 p99=12634103
LATENCY name=index_lookup_chunked_256_p8 stage=gc.delete_build unit=ns samples=4905 p50=48800 p95=61353 p99=71369
LATENCY name=index_lookup_chunked_256_p8 stage=gc.sync_write unit=ns samples=4905 p50=1608274 p95=2421268 p99=7636531
LATENCY name=index_lookup_chunked_256_p8 stage=gc.total unit=ns samples=4905 p50=25583853 p95=36309172 p99=53781885
LATENCY name=index_lookup_chunked_256_p8 stage=watermark.fence_wait unit=ns samples=33 p50=279828348 p95=709247642 p99=751791829
LATENCY name=index_lookup_chunked_256_p8 stage=watermark.projection_wait unit=ns samples=33 p50=1020845684 p95=12266417310 p99=12416732528
LATENCY name=index_lookup_chunked_256_p8 stage=watermark.persist unit=ns samples=33 p50=1021163 p95=10885489 p99=11074333
LATENCY name=index_lookup_chunked_256_p8 stage=watermark.total unit=ns samples=33 p50=1102425629 p95=12473773060 p99=12651102344
LATENCY name=index_lookup_chunked_256_p8 stage=checkpoint.total unit=ns samples=0 p50=0 p95=0 p99=0
LATENCY name=index_lookup_chunked_256_p8 stage=checkpoint.chunk_sync unit=ns samples=0 p50=0 p95=0 p99=0
LATENCY name=index_lookup_chunked_256_p8 stage=checkpoint.manifest_sync unit=ns samples=0 p50=0 p95=0 p99=0
BACKGROUND name=index_lookup_chunked_256_p8 projection_batches=39056 projection_records=9998336 gc_steps=4905 gc_scanned_during_clients=1255680 gc_deleted_during_clients=1255680 gc_backlog_records_near_client_end=8894320 setup_preflight_cpu_pct=1.76 setup_preflight_disk_pct=0.10 measure_preflight_cpu_pct=1.73 measure_preflight_disk_pct=0.07
INDEX_LOOKUP_TRIAL mode=chunked_256_p8 workers=4 requests=10000000 batches=4883 native_calls=39063 keys=10000000 hits=0 misses=10000000 latest_seq=10150000 projected_seq=10148336 destination_seq=10148592 gc_prefix=10150000
