CASE name=index_lookup_point_get users=50000 requests=10000000 fresh=10000000 old_hit=0 old_miss=0 projection_enabled=true gc_enabled=true runtime_workers=4 wall_s=276.085 settled_s=300.939 rps=36220.8 cpu_s=352.249 cpu_cores=1.276 peak_rss_bytes=1872994304 db_bytes=746059406 gc_prefix_near_client_end=1251584 gc_backlog_records_near_client_end=8898416 gc_prefix_after_settle=10150000 final_seq=10150000 watermark_updates=319 recovery_s=1.495095 integrity_s=0.324307
CASE_IO name=index_lookup_point_get cpu_sample_offset_us=0 progress_sample_offset_us=32 io_sample_offset_us=174 storage_sample_offset_us=781 device=sdb2(8:18) process_rchar=51397141319 process_wchar=4054587370 process_read=0 process_write=4256157696 device_read=1388544 device_write=4957552640 device_busy_ms=53899 wal_syncs=49144 wal_bytes=1669424603 writes_with_wal=49148 flush_write_bytes=651975737 compact_read_bytes=1685746236 compact_write_bytes=1731949529 stall_us=0 projected_sync_ns=48064340394 gc_scan_ns=29514819841 gc_delete_ns=258002302 gc_write_ns=10471570375 gc_scanned=1251584 gc_deleted=1251584 gc_deleted_bytes=170215424
LATENCY name=index_lookup_point_get stage=request.total unit=ns samples=155808 p50=1354641480 p95=2102392579 p99=2513713343
LATENCY name=index_lookup_point_get stage=request.admission unit=ns samples=155808 p50=511 p95=1863 p99=7074
LATENCY name=index_lookup_point_get stage=request.enqueue unit=ns samples=155808 p50=70 p95=151 p99=231
LATENCY name=index_lookup_point_get stage=request.queue unit=ns samples=155808 p50=1299772116 p95=2020261236 p99=2419566167
LATENCY name=index_lookup_point_get stage=request.batch unit=ns samples=155808 p50=142958 p95=1426827 p99=1857645
LATENCY name=index_lookup_point_get stage=request.handler unit=ns samples=155808 p50=52945399 p95=83677695 p99=102049286
LATENCY name=index_lookup_point_get stage=request.response unit=ns samples=155808 p50=845406 p95=1994933 p99=2325893
LATENCY name=index_lookup_point_get stage=request.historical_lookup unit=ns samples=0 p50=0 p95=0 p99=0
LATENCY name=index_lookup_point_get stage=request.historical_hit_lookup unit=ns samples=0 p50=0 p95=0 p99=0
LATENCY name=index_lookup_point_get stage=request.historical_miss_lookup unit=ns samples=0 p50=0 p95=0 p99=0
LATENCY name=index_lookup_point_get stage=projection.read unit=ns samples=39056 p50=312928 p95=504065 p99=613351
LATENCY name=index_lookup_point_get stage=projection.apply unit=ns samples=39056 p50=142417 p95=233508 p99=398517
LATENCY name=index_lookup_point_get stage=projection.progress_sync unit=ns samples=39056 p50=966323 p95=2129976 p99=3680285
LATENCY name=index_lookup_point_get stage=projection.total unit=ns samples=39056 p50=1484375 p95=2774024 p99=4411547
LATENCY name=index_lookup_point_get stage=gc.scan unit=ns samples=4889 p50=5967203 p95=10280861 p99=12506588
LATENCY name=index_lookup_point_get stage=gc.delete_build unit=ns samples=4889 p50=48455 p95=71215 p99=158472
LATENCY name=index_lookup_point_get stage=gc.sync_write unit=ns samples=4889 p50=1716611 p95=2418557 p99=3745699
LATENCY name=index_lookup_point_get stage=gc.total unit=ns samples=4889 p50=54791344 p95=85377707 p99=104568958
LATENCY name=index_lookup_point_get stage=watermark.fence_wait unit=ns samples=319 p50=794021133 p95=1590817401 p99=1938523938
LATENCY name=index_lookup_point_get stage=watermark.projection_wait unit=ns samples=319 p50=12454448 p95=28046844 p99=720763189
LATENCY name=index_lookup_point_get stage=watermark.persist unit=ns samples=319 p50=953099 p95=1054699 p99=2058061
LATENCY name=index_lookup_point_get stage=watermark.total unit=ns samples=319 p50=819563480 p95=1616126657 p99=1951789956
LATENCY name=index_lookup_point_get stage=checkpoint.total unit=ns samples=0 p50=0 p95=0 p99=0
LATENCY name=index_lookup_point_get stage=checkpoint.chunk_sync unit=ns samples=0 p50=0 p95=0 p99=0
LATENCY name=index_lookup_point_get stage=checkpoint.manifest_sync unit=ns samples=0 p50=0 p95=0 p99=0
BACKGROUND name=index_lookup_point_get projection_batches=39056 projection_records=9998336 gc_steps=4889 gc_scanned_during_clients=1251584 gc_deleted_during_clients=1251584 gc_backlog_records_near_client_end=8898416 setup_preflight_cpu_pct=1.82 setup_preflight_disk_pct=0.10 measure_preflight_cpu_pct=1.95 measure_preflight_disk_pct=0.03
INDEX_LOOKUP_TRIAL mode=point_get workers=4 requests=10000000 batches=4883 native_calls=10000000 keys=10000000 hits=0 misses=10000000 latest_seq=10150000 projected_seq=10148592 destination_seq=10148592 gc_prefix=10150000
