CASE name=foreground_persistence users=50000 requests=10000000 fresh=10000000 old_hit=0 old_miss=0 projection_enabled=false gc_enabled=false runtime_workers=3 wall_s=234.099 settled_s=0.003 rps=42717.0 cpu_s=269.984 cpu_cores=1.153 peak_rss_bytes=801607680 db_bytes=634725869 gc_prefix_near_client_end=0 gc_backlog_records_near_client_end=10150000 gc_prefix_after_settle=0 final_seq=10150000 watermark_updates=0 recovery_s=0.493477 integrity_s=59.681975
CASE_IO name=foreground_persistence cpu_sample_offset_us=0 progress_sample_offset_us=10 io_sample_offset_us=2132 storage_sample_offset_us=2686 device=sdb2(8:18) process_rchar=47521824591 process_wchar=3825255628 process_read=0 process_write=3845525504 device_read=16384 device_write=3984404480 device_busy_ms=13688 wal_syncs=4883 wal_bytes=1620170905 writes_with_wal=4883 flush_write_bytes=631319935 compact_read_bytes=1470766789 compact_write_bytes=1572905244 stall_us=0 projected_sync_ns=0 gc_scan_ns=0 gc_delete_ns=0 gc_write_ns=0 gc_scanned=0 gc_deleted=0 gc_deleted_bytes=0
LATENCY name=foreground_persistence stage=request.total unit=ns samples=155808 p50=1163356797 p95=1723368585 p99=2141336509
LATENCY name=foreground_persistence stage=request.admission unit=ns samples=155808 p50=340 p95=852 p99=1423
LATENCY name=foreground_persistence stage=request.enqueue unit=ns samples=155808 p50=60 p95=140 p99=231
LATENCY name=foreground_persistence stage=request.queue unit=ns samples=155808 p50=1116088582 p95=1654210643 p99=2059850229
LATENCY name=foreground_persistence stage=request.batch unit=ns samples=155808 p50=141375 p95=841347 p99=1439328
LATENCY name=foreground_persistence stage=request.handler unit=ns samples=155808 p50=45876855 p95=70022331 p99=84619827
LATENCY name=foreground_persistence stage=request.response unit=ns samples=155808 p50=768861 p95=1353557 p99=1954684
LATENCY name=foreground_persistence stage=request.historical_lookup unit=ns samples=0 p50=0 p95=0 p99=0
LATENCY name=foreground_persistence stage=request.historical_hit_lookup unit=ns samples=0 p50=0 p95=0 p99=0
LATENCY name=foreground_persistence stage=request.historical_miss_lookup unit=ns samples=0 p50=0 p95=0 p99=0
LATENCY name=foreground_persistence stage=projection.read unit=ns samples=0 p50=0 p95=0 p99=0
LATENCY name=foreground_persistence stage=projection.apply unit=ns samples=0 p50=0 p95=0 p99=0
LATENCY name=foreground_persistence stage=projection.progress_sync unit=ns samples=0 p50=0 p95=0 p99=0
LATENCY name=foreground_persistence stage=projection.total unit=ns samples=0 p50=0 p95=0 p99=0
LATENCY name=foreground_persistence stage=gc.scan unit=ns samples=0 p50=0 p95=0 p99=0
LATENCY name=foreground_persistence stage=gc.delete_build unit=ns samples=0 p50=0 p95=0 p99=0
LATENCY name=foreground_persistence stage=gc.sync_write unit=ns samples=0 p50=0 p95=0 p99=0
LATENCY name=foreground_persistence stage=gc.total unit=ns samples=0 p50=0 p95=0 p99=0
LATENCY name=foreground_persistence stage=watermark.fence_wait unit=ns samples=0 p50=0 p95=0 p99=0
LATENCY name=foreground_persistence stage=watermark.projection_wait unit=ns samples=0 p50=0 p95=0 p99=0
LATENCY name=foreground_persistence stage=watermark.persist unit=ns samples=0 p50=0 p95=0 p99=0
LATENCY name=foreground_persistence stage=watermark.total unit=ns samples=0 p50=0 p95=0 p99=0
LATENCY name=foreground_persistence stage=checkpoint.total unit=ns samples=0 p50=0 p95=0 p99=0
LATENCY name=foreground_persistence stage=checkpoint.chunk_sync unit=ns samples=0 p50=0 p95=0 p99=0
LATENCY name=foreground_persistence stage=checkpoint.manifest_sync unit=ns samples=0 p50=0 p95=0 p99=0
BACKGROUND name=foreground_persistence projection_batches=0 projection_records=0 gc_steps=0 gc_scanned_during_clients=0 gc_deleted_during_clients=0 gc_backlog_records_near_client_end=10150000 setup_preflight_cpu_pct=1.67 setup_preflight_disk_pct=0.00 measure_preflight_cpu_pct=1.92 measure_preflight_disk_pct=0.13
ARCHIVE /home/neojhou/repos/ledger-wallet/benches/data/ledger_thread_scaling/run-1790834093174466926/trials/trial-32-foreground_persistence_t3_r3
