CASE name=foreground_persistence users=50000 requests=10000000 fresh=10000000 old_hit=0 old_miss=0 projection_enabled=false gc_enabled=false runtime_workers=8 wall_s=237.934 settled_s=0.001 rps=42028.5 cpu_s=318.422 cpu_cores=1.338 peak_rss_bytes=803401728 db_bytes=638896317 gc_prefix_near_client_end=0 gc_backlog_records_near_client_end=10150000 gc_prefix_after_settle=0 final_seq=10150000 watermark_updates=0 recovery_s=0.422216 integrity_s=58.827859
CASE_IO name=foreground_persistence cpu_sample_offset_us=1 progress_sample_offset_us=471 io_sample_offset_us=482 storage_sample_offset_us=1109 device=sdb2(8:18) process_rchar=47810154220 process_wchar=3820243799 process_read=0 process_write=3840659456 device_read=0 device_write=3986190336 device_busy_ms=13616 wal_syncs=4883 wal_bytes=1620170905 writes_with_wal=4883 flush_write_bytes=635097746 compact_read_bytes=1461520199 compact_write_bytes=1564263257 stall_us=0 projected_sync_ns=0 gc_scan_ns=0 gc_delete_ns=0 gc_write_ns=0 gc_scanned=0 gc_deleted=0 gc_deleted_bytes=0
LATENCY name=foreground_persistence stage=request.total unit=ns samples=155808 p50=1166798017 p95=1771721450 p99=2114516717
LATENCY name=foreground_persistence stage=request.admission unit=ns samples=155808 p50=1082 p95=13085 p99=21911
LATENCY name=foreground_persistence stage=request.enqueue unit=ns samples=155808 p50=90 p95=190 p99=281
LATENCY name=foreground_persistence stage=request.queue unit=ns samples=155808 p50=1120248865 p95=1699305509 p99=2019086360
LATENCY name=foreground_persistence stage=request.batch unit=ns samples=155808 p50=135744 p95=1515120 p99=1747285
LATENCY name=foreground_persistence stage=request.handler unit=ns samples=155808 p50=45295196 p95=71059386 p99=84230050
LATENCY name=foreground_persistence stage=request.response unit=ns samples=155808 p50=1003622 p95=2014336 p99=2183424
LATENCY name=foreground_persistence stage=request.historical_lookup unit=ns samples=0 p50=0 p95=0 p99=0
LATENCY name=foreground_persistence stage=request.historical_hit_lookup unit=ns samples=0 p50=0 p95=0 p99=0
LATENCY name=foreground_persistence stage=request.historical_miss_lookup unit=ns samples=0 p50=0 p95=0 p99=0
LATENCY name=foreground_persistence stage=projection.read unit=ns samples=0 p50=0 p95=0 p99=0
LATENCY name=foreground_persistence stage=projection.apply unit=ns samples=0 p50=0 p95=0 p99=0
LATENCY name=foreground_persistence stage=projection.progress_sync unit=ns samples=0 p50=0 p95=0 p99=0
LATENCY name=foreground_persistence stage=projection.total unit=ns samples=0 p50=0 p95=0 p99=0
LATENCY name=foreground_persistence stage=gc.scan unit=ns samples=0 p50=0 p95=0 p99=0
LATENCY name=foreground_persistence stage=gc.delete_build unit=ns samples=0 p50=0 p95=0 p99=0
LATENCY name=foreground_persistence stage=gc.sync_write unit=ns samples=0 p50=0 p95=0 p99=0
LATENCY name=foreground_persistence stage=gc.total unit=ns samples=0 p50=0 p95=0 p99=0
LATENCY name=foreground_persistence stage=watermark.fence_wait unit=ns samples=0 p50=0 p95=0 p99=0
LATENCY name=foreground_persistence stage=watermark.projection_wait unit=ns samples=0 p50=0 p95=0 p99=0
LATENCY name=foreground_persistence stage=watermark.persist unit=ns samples=0 p50=0 p95=0 p99=0
LATENCY name=foreground_persistence stage=watermark.total unit=ns samples=0 p50=0 p95=0 p99=0
LATENCY name=foreground_persistence stage=checkpoint.total unit=ns samples=0 p50=0 p95=0 p99=0
LATENCY name=foreground_persistence stage=checkpoint.chunk_sync unit=ns samples=0 p50=0 p95=0 p99=0
LATENCY name=foreground_persistence stage=checkpoint.manifest_sync unit=ns samples=0 p50=0 p95=0 p99=0
BACKGROUND name=foreground_persistence projection_batches=0 projection_records=0 gc_steps=0 gc_scanned_during_clients=0 gc_deleted_during_clients=0 gc_backlog_records_near_client_end=10150000 setup_preflight_cpu_pct=1.92 setup_preflight_disk_pct=0.00 measure_preflight_cpu_pct=1.90 measure_preflight_disk_pct=0.00
ARCHIVE /home/neojhou/repos/ledger-wallet/benches/data/ledger_thread_scaling/run-1790834093174466926/trials/trial-29-foreground_persistence_t8_r3
