CASE name=index_lookup_chunked_256_p8 users=50000 requests=10000000 fresh=10000000 old_hit=0 old_miss=0 projection_enabled=true gc_enabled=true runtime_workers=4 wall_s=144.391 settled_s=301.840 rps=69256.3 cpu_s=422.626 cpu_cores=2.927 peak_rss_bytes=1846804480 db_bytes=859456792 gc_prefix_near_client_end=1250560 gc_backlog_records_near_client_end=8899440 gc_prefix_after_settle=10150000 final_seq=10150000 watermark_updates=41 recovery_s=1.659829 integrity_s=0.362205
CASE_IO name=index_lookup_chunked_256_p8 cpu_sample_offset_us=1 progress_sample_offset_us=8 io_sample_offset_us=1486 storage_sample_offset_us=2084 device=sdb2(8:18) process_rchar=59802969143 process_wchar=3880054549 process_read=0 process_write=4080312320 device_read=221184 device_write=4696473600 device_busy_ms=64592 wal_syncs=48843 wal_bytes=1669364739 writes_with_wal=48866 flush_write_bytes=651823742 compact_read_bytes=1505722514 compact_write_bytes=1557648167 stall_us=0 projected_sync_ns=101162985502 gc_scan_ns=31638996590 gc_delete_ns=225193528 gc_write_ns=16397021619 gc_scanned=1250560 gc_deleted=1250560 gc_deleted_bytes=170076160
LATENCY name=index_lookup_chunked_256_p8 stage=request.total unit=ns samples=155808 p50=652416279 p95=979872203 p99=1217676725
LATENCY name=index_lookup_chunked_256_p8 stage=request.admission unit=ns samples=155808 p50=601 p95=1744 p99=5350
LATENCY name=index_lookup_chunked_256_p8 stage=request.enqueue unit=ns samples=155808 p50=70 p95=160 p99=241
LATENCY name=index_lookup_chunked_256_p8 stage=request.queue unit=ns samples=155808 p50=626155878 p95=942732674 p99=1176007114
LATENCY name=index_lookup_chunked_256_p8 stage=request.batch unit=ns samples=155808 p50=146755 p95=1263813 p99=1534771
LATENCY name=index_lookup_chunked_256_p8 stage=request.handler unit=ns samples=155808 p50=24451010 p95=35804848 p99=64734373
LATENCY name=index_lookup_chunked_256_p8 stage=request.response unit=ns samples=155808 p50=819809 p95=1777166 p99=2036233
LATENCY name=index_lookup_chunked_256_p8 stage=request.historical_lookup unit=ns samples=0 p50=0 p95=0 p99=0
LATENCY name=index_lookup_chunked_256_p8 stage=request.historical_hit_lookup unit=ns samples=0 p50=0 p95=0 p99=0
LATENCY name=index_lookup_chunked_256_p8 stage=request.historical_miss_lookup unit=ns samples=0 p50=0 p95=0 p99=0
LATENCY name=index_lookup_chunked_256_p8 stage=projection.read unit=ns samples=39056 p50=737304 p95=1193261 p99=1384009
LATENCY name=index_lookup_chunked_256_p8 stage=projection.apply unit=ns samples=39056 p50=163477 p95=279495 p99=417584
LATENCY name=index_lookup_chunked_256_p8 stage=projection.progress_sync unit=ns samples=39056 p50=1024714 p95=10246055 p99=11628193
LATENCY name=index_lookup_chunked_256_p8 stage=projection.total unit=ns samples=39056 p50=2093400 p95=11101333 p99=12453883
LATENCY name=index_lookup_chunked_256_p8 stage=gc.scan unit=ns samples=4885 p50=6486750 p95=11293253 p99=12766189
LATENCY name=index_lookup_chunked_256_p8 stage=gc.delete_build unit=ns samples=4885 p50=45010 p95=55559 p99=64758
LATENCY name=index_lookup_chunked_256_p8 stage=gc.sync_write unit=ns samples=4885 p50=1628477 p95=2430452 p99=32695308
LATENCY name=index_lookup_chunked_256_p8 stage=gc.total unit=ns samples=4885 p50=25726779 p95=37126559 p99=68174954
LATENCY name=index_lookup_chunked_256_p8 stage=watermark.fence_wait unit=ns samples=41 p50=320448024 p95=691871379 p99=11002228410
LATENCY name=index_lookup_chunked_256_p8 stage=watermark.projection_wait unit=ns samples=41 p50=14132039 p95=11693107817 p99=12431136807
LATENCY name=index_lookup_chunked_256_p8 stage=watermark.persist unit=ns samples=41 p50=1028762 p95=11259026 p99=403337874
LATENCY name=index_lookup_chunked_256_p8 stage=watermark.total unit=ns samples=41 p50=705400887 p95=11899624141 p99=12625344519
LATENCY name=index_lookup_chunked_256_p8 stage=checkpoint.total unit=ns samples=0 p50=0 p95=0 p99=0
LATENCY name=index_lookup_chunked_256_p8 stage=checkpoint.chunk_sync unit=ns samples=0 p50=0 p95=0 p99=0
LATENCY name=index_lookup_chunked_256_p8 stage=checkpoint.manifest_sync unit=ns samples=0 p50=0 p95=0 p99=0
BACKGROUND name=index_lookup_chunked_256_p8 projection_batches=39056 projection_records=9998336 gc_steps=4885 gc_scanned_during_clients=1250560 gc_deleted_during_clients=1250560 gc_backlog_records_near_client_end=8899440 setup_preflight_cpu_pct=1.99 setup_preflight_disk_pct=4.93 measure_preflight_cpu_pct=1.86 measure_preflight_disk_pct=2.40
INDEX_LOOKUP_TRIAL mode=chunked_256_p8 workers=4 requests=10000000 batches=4883 native_calls=39063 keys=10000000 hits=0 misses=10000000 latest_seq=10150000 projected_seq=10148336 destination_seq=10148592 gc_prefix=10150000
