CASE name=index_lookup_chunked_256_p2 users=50000 requests=10000000 fresh=10000000 old_hit=0 old_miss=0 projection_enabled=false gc_enabled=false runtime_workers=4 wall_s=151.433 settled_s=0.002 rps=66035.9 cpu_s=276.930 cpu_cores=1.829 peak_rss_bytes=830357504 db_bytes=633424855 gc_prefix_near_client_end=0 gc_backlog_records_near_client_end=10150000 gc_prefix_after_settle=0 final_seq=10150000 watermark_updates=0 recovery_s=0.401410 integrity_s=60.082285
CASE_IO name=index_lookup_chunked_256_p2 cpu_sample_offset_us=0 progress_sample_offset_us=317 io_sample_offset_us=1075 storage_sample_offset_us=1647 device=sdb2(8:18) process_rchar=50511283800 process_wchar=3802549959 process_read=0 process_write=3822854144 device_read=0 device_write=3923619840 device_busy_ms=13247 wal_syncs=4883 wal_bytes=1620170905 writes_with_wal=4883 flush_write_bytes=629886563 compact_read_bytes=1449688073 compact_write_bytes=1551680699 stall_us=0 projected_sync_ns=0 gc_scan_ns=0 gc_delete_ns=0 gc_write_ns=0 gc_scanned=0 gc_deleted=0 gc_deleted_bytes=0
LATENCY name=index_lookup_chunked_256_p2 stage=request.total unit=ns samples=155808 p50=739895379 p95=1104869755 p99=1329172304
LATENCY name=index_lookup_chunked_256_p2 stage=request.admission unit=ns samples=155808 p50=481 p95=1463 p99=3276
LATENCY name=index_lookup_chunked_256_p2 stage=request.enqueue unit=ns samples=155808 p50=61 p95=141 p99=230
LATENCY name=index_lookup_chunked_256_p2 stage=request.queue unit=ns samples=155808 p50=710141596 p95=1063234003 p99=1280179158
LATENCY name=index_lookup_chunked_256_p2 stage=request.batch unit=ns samples=155808 p50=149040 p95=971701 p99=1380638
LATENCY name=index_lookup_chunked_256_p2 stage=request.handler unit=ns samples=155808 p50=28410078 p95=42336051 p99=49742891
LATENCY name=index_lookup_chunked_256_p2 stage=request.response unit=ns samples=155808 p50=707416 p95=1568450 p99=1850506
LATENCY name=index_lookup_chunked_256_p2 stage=request.historical_lookup unit=ns samples=0 p50=0 p95=0 p99=0
LATENCY name=index_lookup_chunked_256_p2 stage=request.historical_hit_lookup unit=ns samples=0 p50=0 p95=0 p99=0
LATENCY name=index_lookup_chunked_256_p2 stage=request.historical_miss_lookup unit=ns samples=0 p50=0 p95=0 p99=0
LATENCY name=index_lookup_chunked_256_p2 stage=projection.read unit=ns samples=0 p50=0 p95=0 p99=0
LATENCY name=index_lookup_chunked_256_p2 stage=projection.apply unit=ns samples=0 p50=0 p95=0 p99=0
LATENCY name=index_lookup_chunked_256_p2 stage=projection.progress_sync unit=ns samples=0 p50=0 p95=0 p99=0
LATENCY name=index_lookup_chunked_256_p2 stage=projection.total unit=ns samples=0 p50=0 p95=0 p99=0
LATENCY name=index_lookup_chunked_256_p2 stage=gc.scan unit=ns samples=0 p50=0 p95=0 p99=0
LATENCY name=index_lookup_chunked_256_p2 stage=gc.delete_build unit=ns samples=0 p50=0 p95=0 p99=0
LATENCY name=index_lookup_chunked_256_p2 stage=gc.sync_write unit=ns samples=0 p50=0 p95=0 p99=0
LATENCY name=index_lookup_chunked_256_p2 stage=gc.total unit=ns samples=0 p50=0 p95=0 p99=0
LATENCY name=index_lookup_chunked_256_p2 stage=watermark.fence_wait unit=ns samples=0 p50=0 p95=0 p99=0
LATENCY name=index_lookup_chunked_256_p2 stage=watermark.projection_wait unit=ns samples=0 p50=0 p95=0 p99=0
LATENCY name=index_lookup_chunked_256_p2 stage=watermark.persist unit=ns samples=0 p50=0 p95=0 p99=0
LATENCY name=index_lookup_chunked_256_p2 stage=watermark.total unit=ns samples=0 p50=0 p95=0 p99=0
LATENCY name=index_lookup_chunked_256_p2 stage=checkpoint.total unit=ns samples=0 p50=0 p95=0 p99=0
LATENCY name=index_lookup_chunked_256_p2 stage=checkpoint.chunk_sync unit=ns samples=0 p50=0 p95=0 p99=0
LATENCY name=index_lookup_chunked_256_p2 stage=checkpoint.manifest_sync unit=ns samples=0 p50=0 p95=0 p99=0
BACKGROUND name=index_lookup_chunked_256_p2 projection_batches=0 projection_records=0 gc_steps=0 gc_scanned_during_clients=0 gc_deleted_during_clients=0 gc_backlog_records_near_client_end=10150000 setup_preflight_cpu_pct=2.34 setup_preflight_disk_pct=0.00 measure_preflight_cpu_pct=2.03 measure_preflight_disk_pct=0.00
INDEX_LOOKUP_TRIAL mode=chunked_256_p2 workers=4 requests=10000000 batches=4883 native_calls=39063 keys=10000000 hits=0 misses=10000000 latest_seq=10150000 projected_seq=150000 destination_seq=150000 gc_prefix=0
