CASE name=index_lookup_chunked_256_p8 users=50000 requests=10000000 fresh=10000000 old_hit=0 old_miss=0 projection_enabled=false gc_enabled=false runtime_workers=4 wall_s=101.514 settled_s=0.002 rps=98508.4 cpu_s=356.683 cpu_cores=3.514 peak_rss_bytes=850735104 db_bytes=634707647 gc_prefix_near_client_end=0 gc_backlog_records_near_client_end=10150000 gc_prefix_after_settle=0 final_seq=10150000 watermark_updates=0 recovery_s=0.420852 integrity_s=59.702479
CASE_IO name=index_lookup_chunked_256_p8 cpu_sample_offset_us=1 progress_sample_offset_us=7 io_sample_offset_us=800 storage_sample_offset_us=1366 device=sdb2(8:18) process_rchar=58424161962 process_wchar=3806297239 process_read=0 process_write=3826577408 device_read=118784 device_write=3917623296 device_busy_ms=13202 wal_syncs=4883 wal_bytes=1620170905 writes_with_wal=4883 flush_write_bytes=630738744 compact_read_bytes=1457014356 compact_write_bytes=1554561900 stall_us=0 projected_sync_ns=0 gc_scan_ns=0 gc_delete_ns=0 gc_write_ns=0 gc_scanned=0 gc_deleted=0 gc_deleted_bytes=0
LATENCY name=index_lookup_chunked_256_p8 stage=request.total unit=ns samples=155808 p50=490564424 p95=716774975 p99=846427836
LATENCY name=index_lookup_chunked_256_p8 stage=request.admission unit=ns samples=155808 p50=561 p95=1684 p99=5019
LATENCY name=index_lookup_chunked_256_p8 stage=request.enqueue unit=ns samples=155808 p50=70 p95=151 p99=250
LATENCY name=index_lookup_chunked_256_p8 stage=request.queue unit=ns samples=155808 p50=471022208 p95=690822125 p99=816141253
LATENCY name=index_lookup_chunked_256_p8 stage=request.batch unit=ns samples=155808 p50=150983 p95=1209707 p99=1457612
LATENCY name=index_lookup_chunked_256_p8 stage=request.handler unit=ns samples=155808 p50=18187707 p95=24484709 p99=40476980
LATENCY name=index_lookup_chunked_256_p8 stage=request.response unit=ns samples=155808 p50=781735 p95=1729281 p99=1945416
LATENCY name=index_lookup_chunked_256_p8 stage=request.historical_lookup unit=ns samples=0 p50=0 p95=0 p99=0
LATENCY name=index_lookup_chunked_256_p8 stage=request.historical_hit_lookup unit=ns samples=0 p50=0 p95=0 p99=0
LATENCY name=index_lookup_chunked_256_p8 stage=request.historical_miss_lookup unit=ns samples=0 p50=0 p95=0 p99=0
LATENCY name=index_lookup_chunked_256_p8 stage=projection.read unit=ns samples=0 p50=0 p95=0 p99=0
LATENCY name=index_lookup_chunked_256_p8 stage=projection.apply unit=ns samples=0 p50=0 p95=0 p99=0
LATENCY name=index_lookup_chunked_256_p8 stage=projection.progress_sync unit=ns samples=0 p50=0 p95=0 p99=0
LATENCY name=index_lookup_chunked_256_p8 stage=projection.total unit=ns samples=0 p50=0 p95=0 p99=0
LATENCY name=index_lookup_chunked_256_p8 stage=gc.scan unit=ns samples=0 p50=0 p95=0 p99=0
LATENCY name=index_lookup_chunked_256_p8 stage=gc.delete_build unit=ns samples=0 p50=0 p95=0 p99=0
LATENCY name=index_lookup_chunked_256_p8 stage=gc.sync_write unit=ns samples=0 p50=0 p95=0 p99=0
LATENCY name=index_lookup_chunked_256_p8 stage=gc.total unit=ns samples=0 p50=0 p95=0 p99=0
LATENCY name=index_lookup_chunked_256_p8 stage=watermark.fence_wait unit=ns samples=0 p50=0 p95=0 p99=0
LATENCY name=index_lookup_chunked_256_p8 stage=watermark.projection_wait unit=ns samples=0 p50=0 p95=0 p99=0
LATENCY name=index_lookup_chunked_256_p8 stage=watermark.persist unit=ns samples=0 p50=0 p95=0 p99=0
LATENCY name=index_lookup_chunked_256_p8 stage=watermark.total unit=ns samples=0 p50=0 p95=0 p99=0
LATENCY name=index_lookup_chunked_256_p8 stage=checkpoint.total unit=ns samples=0 p50=0 p95=0 p99=0
LATENCY name=index_lookup_chunked_256_p8 stage=checkpoint.chunk_sync unit=ns samples=0 p50=0 p95=0 p99=0
LATENCY name=index_lookup_chunked_256_p8 stage=checkpoint.manifest_sync unit=ns samples=0 p50=0 p95=0 p99=0
BACKGROUND name=index_lookup_chunked_256_p8 projection_batches=0 projection_records=0 gc_steps=0 gc_scanned_during_clients=0 gc_deleted_during_clients=0 gc_backlog_records_near_client_end=10150000 setup_preflight_cpu_pct=2.16 setup_preflight_disk_pct=0.10 measure_preflight_cpu_pct=2.07 measure_preflight_disk_pct=0.30
INDEX_LOOKUP_TRIAL mode=chunked_256_p8 workers=4 requests=10000000 batches=4883 native_calls=39063 keys=10000000 hits=0 misses=10000000 latest_seq=10150000 projected_seq=150000 destination_seq=150000 gc_prefix=0
