[2026-09-29T06:04:04+00:00] preflight PASS
host_cpus=16 loadavg_1_5_15=(0.48486328125, 4.9638671875, 5.60693359375)
cpu_busy_pct_1s=1.814
memory_total_bytes=67335061504 memory_available_bytes=47820947456 swap_free_bytes=0
disk_total_bytes=982240026624 disk_used_bytes=831777107968 disk_free_bytes=100492402688
process_summary_top6:
    PID %CPU %MEM     ELAPSED STAT COMMAND
   4731  100  0.0       00:00 R    ps
   4651 10.2  0.0       00:01 Ssl  user-session-he
  16325 10.1  0.4 86-17:47:10 Sl+  agy
   4661  1.9  0.0       00:01 S    python3
   2184  1.3  0.1 90-05:47:05 Ssl  dockerd
  24162  1.2  1.2 85-21:32:35 Sl+  opencode
[2026-09-29T06:05:01+00:00] reproducibility metadata
git_head=26371c9def93ad1cea4aca50265aefa0b8440010
sha256 of benchmark-relevant working files:
  cdeb4681e99643131c4fcaa04af842fb64945b3619d9e6b702c7851a6f4600b6  Cargo.toml
  f0410d29e839116639cf64fdd457fe2935f137e112a98a068f08079cf141edc0  README.md
  f90edfe9bb49d42c6d98f62bbf5f09eca1151998221663eaf8c8ab34910e5b53  benches/bounded_queue_request_ring_tokio.rs
  a069588f2ba7b327c9b431d41325f962d61f86faada9b3929db304c38868de1a  benches/support/request_ring.rs
  d4f0e078ffb1025a22de9cd2c2b0f9ac3ed3002b8171ea1ae54192b62729a878  tests/request_ring.rs
  3e4c3cc45eaba1245f4fe3784c9748193136e362510880fb0d050257e9e735fb  docs/01-17.development-design-tokio-request-ring-hashmap-benchmark.md
format_command=cargo fmt --all -- --check (passed)
check_command=BINDGEN_EXTRA_CLANG_ARGS='-I/usr/lib/gcc/x86_64-linux-gnu/13/include' cargo check --locked --all-targets (passed)
test_command=BINDGEN_EXTRA_CLANG_ARGS='-I/usr/lib/gcc/x86_64-linux-gnu/13/include' cargo test --locked (passed; 24 tests)
smoke_command_1=BINDGEN_EXTRA_CLANG_ARGS='-I/usr/lib/gcc/x86_64-linux-gnu/13/include' cargo bench --bench bounded_queue_request_ring_tokio -- --iterations 50001 --coroutines 50001 --map-state all --batch-size 2048 --batch-timeout-ms 1 --latency-sample-stride 257
smoke_command_2=BINDGEN_EXTRA_CLANG_ARGS='-I/usr/lib/gcc/x86_64-linux-gnu/13/include' cargo bench --bench bounded_queue_request_ring_tokio -- --iterations 100001 --coroutines 100001 --map-state prefilled --batch-size 4096 --batch-timeout-ms 20 --latency-sample-stride 257
smoke_command_3=BINDGEN_EXTRA_CLANG_ARGS='-I/usr/lib/gcc/x86_64-linux-gnu/13/include' cargo bench --bench bounded_queue_request_ring_tokio -- --iterations 1 --coroutines 1 --map-state all --batch-size 4096 --batch-timeout-ms 1 --latency-sample-stride 1
smoke_results=all map/response verifiers passed; stage totals equaled completion totals and all five stage counts equaled N; N=100001 case peak_ring_occupancy=50000, ring_full_wait_events=45905, wrapped_batches=1, flush_full=24, flush_timeout=3; N=1 cases timeout-flushed in both map states.
full_run_command=BINDGEN_EXTRA_CLANG_ARGS='-I/usr/lib/gcc/x86_64-linux-gnu/13/include' cargo bench --bench bounded_queue_request_ring_tokio (default 10M; C=100000,50000,25000,12500,6250,3125,1562,781; maps empty/prefilled; B=2048/4096; T=1/5/10/20ms; one repetition)
[2026-09-29T06:05:21+00:00] full 128-case run started
    Finished `bench` profile [optimized] target(s) in 0.06s
     Running benches/bounded_queue_request_ring_tokio.rs (target/release/deps/bounded_queue_request_ring_tokio-39d36fb57c5ac7bc)
starting scenario 1/128: C=100000, map=empty, B=2048, T=1ms, repetition=1
finished scenario 1/128
starting scenario 2/128: C=100000, map=empty, B=2048, T=5ms, repetition=1
finished scenario 2/128
starting scenario 3/128: C=100000, map=empty, B=2048, T=10ms, repetition=1
finished scenario 3/128
starting scenario 4/128: C=100000, map=empty, B=2048, T=20ms, repetition=1
finished scenario 4/128
starting scenario 5/128: C=100000, map=empty, B=4096, T=1ms, repetition=1
finished scenario 5/128
starting scenario 6/128: C=100000, map=empty, B=4096, T=5ms, repetition=1
finished scenario 6/128
starting scenario 7/128: C=100000, map=empty, B=4096, T=10ms, repetition=1
finished scenario 7/128
starting scenario 8/128: C=100000, map=empty, B=4096, T=20ms, repetition=1
finished scenario 8/128
starting scenario 9/128: C=100000, map=prefilled, B=2048, T=1ms, repetition=1
finished scenario 9/128
starting scenario 10/128: C=100000, map=prefilled, B=2048, T=5ms, repetition=1
finished scenario 10/128
starting scenario 11/128: C=100000, map=prefilled, B=2048, T=10ms, repetition=1
finished scenario 11/128
starting scenario 12/128: C=100000, map=prefilled, B=2048, T=20ms, repetition=1
finished scenario 12/128
starting scenario 13/128: C=100000, map=prefilled, B=4096, T=1ms, repetition=1
finished scenario 13/128
starting scenario 14/128: C=100000, map=prefilled, B=4096, T=5ms, repetition=1
finished scenario 14/128
starting scenario 15/128: C=100000, map=prefilled, B=4096, T=10ms, repetition=1
finished scenario 15/128
starting scenario 16/128: C=100000, map=prefilled, B=4096, T=20ms, repetition=1
finished scenario 16/128
starting scenario 17/128: C=50000, map=empty, B=2048, T=1ms, repetition=1
finished scenario 17/128
starting scenario 18/128: C=50000, map=empty, B=2048, T=5ms, repetition=1
finished scenario 18/128
starting scenario 19/128: C=50000, map=empty, B=2048, T=10ms, repetition=1
finished scenario 19/128
starting scenario 20/128: C=50000, map=empty, B=2048, T=20ms, repetition=1
finished scenario 20/128
starting scenario 21/128: C=50000, map=empty, B=4096, T=1ms, repetition=1
finished scenario 21/128
starting scenario 22/128: C=50000, map=empty, B=4096, T=5ms, repetition=1
finished scenario 22/128
starting scenario 23/128: C=50000, map=empty, B=4096, T=10ms, repetition=1
finished scenario 23/128
starting scenario 24/128: C=50000, map=empty, B=4096, T=20ms, repetition=1
finished scenario 24/128
starting scenario 25/128: C=50000, map=prefilled, B=2048, T=1ms, repetition=1
finished scenario 25/128
starting scenario 26/128: C=50000, map=prefilled, B=2048, T=5ms, repetition=1
finished scenario 26/128
starting scenario 27/128: C=50000, map=prefilled, B=2048, T=10ms, repetition=1
finished scenario 27/128
starting scenario 28/128: C=50000, map=prefilled, B=2048, T=20ms, repetition=1
finished scenario 28/128
starting scenario 29/128: C=50000, map=prefilled, B=4096, T=1ms, repetition=1
finished scenario 29/128
starting scenario 30/128: C=50000, map=prefilled, B=4096, T=5ms, repetition=1
finished scenario 30/128
starting scenario 31/128: C=50000, map=prefilled, B=4096, T=10ms, repetition=1
finished scenario 31/128
starting scenario 32/128: C=50000, map=prefilled, B=4096, T=20ms, repetition=1
finished scenario 32/128
starting scenario 33/128: C=25000, map=empty, B=2048, T=1ms, repetition=1
finished scenario 33/128
starting scenario 34/128: C=25000, map=empty, B=2048, T=5ms, repetition=1
finished scenario 34/128
starting scenario 35/128: C=25000, map=empty, B=2048, T=10ms, repetition=1
finished scenario 35/128
starting scenario 36/128: C=25000, map=empty, B=2048, T=20ms, repetition=1
finished scenario 36/128
starting scenario 37/128: C=25000, map=empty, B=4096, T=1ms, repetition=1
finished scenario 37/128
starting scenario 38/128: C=25000, map=empty, B=4096, T=5ms, repetition=1
finished scenario 38/128
starting scenario 39/128: C=25000, map=empty, B=4096, T=10ms, repetition=1
finished scenario 39/128
starting scenario 40/128: C=25000, map=empty, B=4096, T=20ms, repetition=1
finished scenario 40/128
starting scenario 41/128: C=25000, map=prefilled, B=2048, T=1ms, repetition=1
finished scenario 41/128
starting scenario 42/128: C=25000, map=prefilled, B=2048, T=5ms, repetition=1
finished scenario 42/128
starting scenario 43/128: C=25000, map=prefilled, B=2048, T=10ms, repetition=1
finished scenario 43/128
starting scenario 44/128: C=25000, map=prefilled, B=2048, T=20ms, repetition=1
finished scenario 44/128
starting scenario 45/128: C=25000, map=prefilled, B=4096, T=1ms, repetition=1
finished scenario 45/128
starting scenario 46/128: C=25000, map=prefilled, B=4096, T=5ms, repetition=1
finished scenario 46/128
starting scenario 47/128: C=25000, map=prefilled, B=4096, T=10ms, repetition=1
finished scenario 47/128
starting scenario 48/128: C=25000, map=prefilled, B=4096, T=20ms, repetition=1
finished scenario 48/128
starting scenario 49/128: C=12500, map=empty, B=2048, T=1ms, repetition=1
finished scenario 49/128
starting scenario 50/128: C=12500, map=empty, B=2048, T=5ms, repetition=1
finished scenario 50/128
starting scenario 51/128: C=12500, map=empty, B=2048, T=10ms, repetition=1
finished scenario 51/128
starting scenario 52/128: C=12500, map=empty, B=2048, T=20ms, repetition=1
finished scenario 52/128
starting scenario 53/128: C=12500, map=empty, B=4096, T=1ms, repetition=1
finished scenario 53/128
starting scenario 54/128: C=12500, map=empty, B=4096, T=5ms, repetition=1
finished scenario 54/128
starting scenario 55/128: C=12500, map=empty, B=4096, T=10ms, repetition=1
finished scenario 55/128
starting scenario 56/128: C=12500, map=empty, B=4096, T=20ms, repetition=1
finished scenario 56/128
starting scenario 57/128: C=12500, map=prefilled, B=2048, T=1ms, repetition=1
finished scenario 57/128
starting scenario 58/128: C=12500, map=prefilled, B=2048, T=5ms, repetition=1
finished scenario 58/128
starting scenario 59/128: C=12500, map=prefilled, B=2048, T=10ms, repetition=1
finished scenario 59/128
starting scenario 60/128: C=12500, map=prefilled, B=2048, T=20ms, repetition=1
finished scenario 60/128
starting scenario 61/128: C=12500, map=prefilled, B=4096, T=1ms, repetition=1
finished scenario 61/128
starting scenario 62/128: C=12500, map=prefilled, B=4096, T=5ms, repetition=1
finished scenario 62/128
starting scenario 63/128: C=12500, map=prefilled, B=4096, T=10ms, repetition=1
finished scenario 63/128
starting scenario 64/128: C=12500, map=prefilled, B=4096, T=20ms, repetition=1
finished scenario 64/128
starting scenario 65/128: C=6250, map=empty, B=2048, T=1ms, repetition=1
finished scenario 65/128
starting scenario 66/128: C=6250, map=empty, B=2048, T=5ms, repetition=1
finished scenario 66/128
starting scenario 67/128: C=6250, map=empty, B=2048, T=10ms, repetition=1
finished scenario 67/128
starting scenario 68/128: C=6250, map=empty, B=2048, T=20ms, repetition=1
finished scenario 68/128
starting scenario 69/128: C=6250, map=empty, B=4096, T=1ms, repetition=1
finished scenario 69/128
starting scenario 70/128: C=6250, map=empty, B=4096, T=5ms, repetition=1
finished scenario 70/128
starting scenario 71/128: C=6250, map=empty, B=4096, T=10ms, repetition=1
finished scenario 71/128
starting scenario 72/128: C=6250, map=empty, B=4096, T=20ms, repetition=1
finished scenario 72/128
starting scenario 73/128: C=6250, map=prefilled, B=2048, T=1ms, repetition=1
finished scenario 73/128
starting scenario 74/128: C=6250, map=prefilled, B=2048, T=5ms, repetition=1
finished scenario 74/128
starting scenario 75/128: C=6250, map=prefilled, B=2048, T=10ms, repetition=1
finished scenario 75/128
starting scenario 76/128: C=6250, map=prefilled, B=2048, T=20ms, repetition=1
finished scenario 76/128
starting scenario 77/128: C=6250, map=prefilled, B=4096, T=1ms, repetition=1
finished scenario 77/128
starting scenario 78/128: C=6250, map=prefilled, B=4096, T=5ms, repetition=1
finished scenario 78/128
starting scenario 79/128: C=6250, map=prefilled, B=4096, T=10ms, repetition=1
finished scenario 79/128
starting scenario 80/128: C=6250, map=prefilled, B=4096, T=20ms, repetition=1
finished scenario 80/128
starting scenario 81/128: C=3125, map=empty, B=2048, T=1ms, repetition=1
finished scenario 81/128
starting scenario 82/128: C=3125, map=empty, B=2048, T=5ms, repetition=1
finished scenario 82/128
starting scenario 83/128: C=3125, map=empty, B=2048, T=10ms, repetition=1
finished scenario 83/128
starting scenario 84/128: C=3125, map=empty, B=2048, T=20ms, repetition=1
finished scenario 84/128
starting scenario 85/128: C=3125, map=empty, B=4096, T=1ms, repetition=1
finished scenario 85/128
starting scenario 86/128: C=3125, map=empty, B=4096, T=5ms, repetition=1
finished scenario 86/128
starting scenario 87/128: C=3125, map=empty, B=4096, T=10ms, repetition=1
finished scenario 87/128
starting scenario 88/128: C=3125, map=empty, B=4096, T=20ms, repetition=1
finished scenario 88/128
starting scenario 89/128: C=3125, map=prefilled, B=2048, T=1ms, repetition=1
finished scenario 89/128
starting scenario 90/128: C=3125, map=prefilled, B=2048, T=5ms, repetition=1
finished scenario 90/128
starting scenario 91/128: C=3125, map=prefilled, B=2048, T=10ms, repetition=1
finished scenario 91/128
starting scenario 92/128: C=3125, map=prefilled, B=2048, T=20ms, repetition=1
finished scenario 92/128
starting scenario 93/128: C=3125, map=prefilled, B=4096, T=1ms, repetition=1
finished scenario 93/128
starting scenario 94/128: C=3125, map=prefilled, B=4096, T=5ms, repetition=1
finished scenario 94/128
starting scenario 95/128: C=3125, map=prefilled, B=4096, T=10ms, repetition=1
finished scenario 95/128
starting scenario 96/128: C=3125, map=prefilled, B=4096, T=20ms, repetition=1
finished scenario 96/128
starting scenario 97/128: C=1562, map=empty, B=2048, T=1ms, repetition=1
finished scenario 97/128
starting scenario 98/128: C=1562, map=empty, B=2048, T=5ms, repetition=1
finished scenario 98/128
starting scenario 99/128: C=1562, map=empty, B=2048, T=10ms, repetition=1
finished scenario 99/128
starting scenario 100/128: C=1562, map=empty, B=2048, T=20ms, repetition=1
finished scenario 100/128
starting scenario 101/128: C=1562, map=empty, B=4096, T=1ms, repetition=1
finished scenario 101/128
starting scenario 102/128: C=1562, map=empty, B=4096, T=5ms, repetition=1
finished scenario 102/128
starting scenario 103/128: C=1562, map=empty, B=4096, T=10ms, repetition=1
finished scenario 103/128
starting scenario 104/128: C=1562, map=empty, B=4096, T=20ms, repetition=1
finished scenario 104/128
starting scenario 105/128: C=1562, map=prefilled, B=2048, T=1ms, repetition=1
finished scenario 105/128
starting scenario 106/128: C=1562, map=prefilled, B=2048, T=5ms, repetition=1
finished scenario 106/128
starting scenario 107/128: C=1562, map=prefilled, B=2048, T=10ms, repetition=1
finished scenario 107/128
starting scenario 108/128: C=1562, map=prefilled, B=2048, T=20ms, repetition=1
finished scenario 108/128
starting scenario 109/128: C=1562, map=prefilled, B=4096, T=1ms, repetition=1
finished scenario 109/128
starting scenario 110/128: C=1562, map=prefilled, B=4096, T=5ms, repetition=1
finished scenario 110/128
starting scenario 111/128: C=1562, map=prefilled, B=4096, T=10ms, repetition=1
finished scenario 111/128
starting scenario 112/128: C=1562, map=prefilled, B=4096, T=20ms, repetition=1
finished scenario 112/128
starting scenario 113/128: C=781, map=empty, B=2048, T=1ms, repetition=1
finished scenario 113/128
starting scenario 114/128: C=781, map=empty, B=2048, T=5ms, repetition=1
finished scenario 114/128
starting scenario 115/128: C=781, map=empty, B=2048, T=10ms, repetition=1
finished scenario 115/128
starting scenario 116/128: C=781, map=empty, B=2048, T=20ms, repetition=1
finished scenario 116/128
starting scenario 117/128: C=781, map=empty, B=4096, T=1ms, repetition=1
finished scenario 117/128
starting scenario 118/128: C=781, map=empty, B=4096, T=5ms, repetition=1
finished scenario 118/128
starting scenario 119/128: C=781, map=empty, B=4096, T=10ms, repetition=1
finished scenario 119/128
starting scenario 120/128: C=781, map=empty, B=4096, T=20ms, repetition=1
finished scenario 120/128
starting scenario 121/128: C=781, map=prefilled, B=2048, T=1ms, repetition=1
finished scenario 121/128
starting scenario 122/128: C=781, map=prefilled, B=2048, T=5ms, repetition=1
finished scenario 122/128
starting scenario 123/128: C=781, map=prefilled, B=2048, T=10ms, repetition=1
finished scenario 123/128
starting scenario 124/128: C=781, map=prefilled, B=2048, T=20ms, repetition=1
finished scenario 124/128
starting scenario 125/128: C=781, map=prefilled, B=4096, T=1ms, repetition=1
finished scenario 125/128
starting scenario 126/128: C=781, map=prefilled, B=4096, T=5ms, repetition=1
finished scenario 126/128
starting scenario 127/128: C=781, map=prefilled, B=4096, T=10ms, repetition=1
finished scenario 127/128
starting scenario 128/128: C=781, map=prefilled, B=4096, T=20ms, repetition=1
finished scenario 128/128
[2026-09-29T07:10:48+00:00] full run exit_code=0
[2026-09-29T07:25:31+00:00] final CSV validation PASS
rows=128 unique_expected_matrix_keys=128 iterations/completed/response_verified=10000000_per_row map_len=100000_per_row
all five stage counts=10000000_per_row additive_stage_totals_exact=128/128 latency_sample_count=9892_per_metric_and_row numeric_metrics_finite=true
ring_capacity=50000 peak_occupancy_within_capacity=true wrap_validation=128/128 C_lt_B_timeout_only=true tail_flushes=0
batch_total=713680 full=279983 timeout=433697 tail=0 wrapped_batches=24161 wrap_checks=713680 ring_full_wait_request_indicators=110381028
git_diff_check=passed transient_smoke_artifacts_removed=true final_source_and_result_hashes:
  cdeb4681e99643131c4fcaa04af842fb64945b3619d9e6b702c7851a6f4600b6  Cargo.toml
  089d08089734f230299ed916a555ada1041ab2e1f67dedb2ec9ce0373af859f7  README.md
  f90edfe9bb49d42c6d98f62bbf5f09eca1151998221663eaf8c8ab34910e5b53  benches/bounded_queue_request_ring_tokio.rs
  a069588f2ba7b327c9b431d41325f962d61f86faada9b3929db304c38868de1a  benches/support/request_ring.rs
  d4f0e078ffb1025a22de9cd2c2b0f9ac3ed3002b8171ea1ae54192b62729a878  tests/request_ring.rs
  3e4c3cc45eaba1245f4fe3784c9748193136e362510880fb0d050257e9e735fb  docs/01-17.development-design-tokio-request-ring-hashmap-benchmark.md
  166f008ac4d0126b3aa26bf9e79baf4e6febea41084abd699d648d57e0fdc506  benches/bounded_queue_request_ring_tokio_results.csv
  fa8a69e8f6e5316a0de7ff137398e1fb879d8f1b3957d1f1c327071a8fc53d9c  benches/bounded_queue_request_ring_tokio_report.md
