    Finished `bench` profile [optimized] target(s) in 0.04s
     Running benches/rocksdb_tokio_sequential.rs (target/release/deps/rocksdb_tokio_sequential-e9761eeab2490ad7)
preparing deterministic shuffled query plan: 10000000 IDs (80000000 bytes)
PREFLIGHT phase=write trial=b2048-rep1 batch_size=2048 attempt=1 fs=ext2/ext3 free_bytes=100925734912 required_free_bytes=7476941824 mem_available_bytes=48866996224 required_memory_bytes=537919488 rss_bytes=92381184 cpu_busy_pct=1.253 cpu_limit_pct=10 disk_busy_pct=0.000 disk_limit_pct=5 disk_device=sdb2 result=ready
PREFLIGHT phase=query trial=b2048-rep1 batch_size=2048 attempt=1 fs=ext2/ext3 free_bytes=100633792512 required_free_bytes=1073741824 mem_available_bytes=48784236544 required_memory_bytes=537919488 rss_bytes=174387200 cpu_busy_pct=6.994 cpu_limit_pct=10 disk_busy_pct=6.699 disk_limit_pct=5 disk_device=sdb2 result=wait
PREFLIGHT phase=query trial=b2048-rep1 batch_size=2048 attempt=2 fs=ext2/ext3 free_bytes=100498518016 required_free_bytes=1073741824 mem_available_bytes=48768405504 required_memory_bytes=537919488 rss_bytes=176103424 cpu_busy_pct=3.356 cpu_limit_pct=10 disk_busy_pct=4.466 disk_limit_pct=5 disk_device=sdb2 result=ready
DIAGNOSTIC_TRACE path=benches/rocksdb_tail_attribution_data/diagnostic/rocksdb-tokio-sequential-b2048-rep1-1790444822262864034.trace.csv rows=9766 db_cleanup=complete
PREFLIGHT phase=write trial=b2048-rep2 batch_size=2048 attempt=1 fs=ext2/ext3 free_bytes=100923359232 required_free_bytes=7476941824 mem_available_bytes=48789692416 required_memory_bytes=537919488 rss_bytes=178405376 cpu_busy_pct=1.315 cpu_limit_pct=10 disk_busy_pct=0.000 disk_limit_pct=5 disk_device=sdb2 result=ready
PREFLIGHT phase=query trial=b2048-rep2 batch_size=2048 attempt=1 fs=ext2/ext3 free_bytes=100631437312 required_free_bytes=1073741824 mem_available_bytes=48785653760 required_memory_bytes=537919488 rss_bytes=183894016 cpu_busy_pct=7.237 cpu_limit_pct=10 disk_busy_pct=4.566 disk_limit_pct=5 disk_device=sdb2 result=ready
DIAGNOSTIC_TRACE path=benches/rocksdb_tail_attribution_data/diagnostic/rocksdb-tokio-sequential-b2048-rep2-1790444895358045332.trace.csv rows=9766 db_cleanup=complete
PREFLIGHT phase=write trial=b2048-rep3 batch_size=2048 attempt=1 fs=ext2/ext3 free_bytes=100921073664 required_free_bytes=7476941824 mem_available_bytes=48775860224 required_memory_bytes=537919488 rss_bytes=180293632 cpu_busy_pct=1.169 cpu_limit_pct=10 disk_busy_pct=0.100 disk_limit_pct=5 disk_device=sdb2 result=ready
PREFLIGHT phase=query trial=b2048-rep3 batch_size=2048 attempt=1 fs=ext2/ext3 free_bytes=100629159936 required_free_bytes=1073741824 mem_available_bytes=48754122752 required_memory_bytes=537919488 rss_bytes=183771136 cpu_busy_pct=4.235 cpu_limit_pct=10 disk_busy_pct=47.322 disk_limit_pct=5 disk_device=sdb2 result=wait
PREFLIGHT phase=query trial=b2048-rep3 batch_size=2048 attempt=2 fs=ext2/ext3 free_bytes=100629151744 required_free_bytes=1073741824 mem_available_bytes=48766582784 required_memory_bytes=537919488 rss_bytes=183771136 cpu_busy_pct=1.210 cpu_limit_pct=10 disk_busy_pct=99.990 disk_limit_pct=5 disk_device=sdb2 result=wait
PREFLIGHT phase=query trial=b2048-rep3 batch_size=2048 attempt=3 fs=ext2/ext3 free_bytes=100629200896 required_free_bytes=1073741824 mem_available_bytes=48789278720 required_memory_bytes=537919488 rss_bytes=183771136 cpu_busy_pct=3.942 cpu_limit_pct=10 disk_busy_pct=52.295 disk_limit_pct=5 disk_device=sdb2 result=wait
PREFLIGHT phase=query trial=b2048-rep3 batch_size=2048 attempt=4 fs=ext2/ext3 free_bytes=100561559552 required_free_bytes=1073741824 mem_available_bytes=48788000768 required_memory_bytes=537919488 rss_bytes=183730176 cpu_busy_pct=1.169 cpu_limit_pct=10 disk_busy_pct=99.989 disk_limit_pct=5 disk_device=sdb2 result=wait
PREFLIGHT phase=query trial=b2048-rep3 batch_size=2048 attempt=5 fs=ext2/ext3 free_bytes=100561436672 required_free_bytes=1073741824 mem_available_bytes=48785408000 required_memory_bytes=537919488 rss_bytes=183730176 cpu_busy_pct=4.280 cpu_limit_pct=10 disk_busy_pct=61.127 disk_limit_pct=5 disk_device=sdb2 result=wait
PREFLIGHT phase=query trial=b2048-rep3 batch_size=2048 attempt=6 fs=ext2/ext3 free_bytes=100493697024 required_free_bytes=1073741824 mem_available_bytes=48769830912 required_memory_bytes=537919488 rss_bytes=183730176 cpu_busy_pct=1.230 cpu_limit_pct=10 disk_busy_pct=70.359 disk_limit_pct=5 disk_device=sdb2 result=wait
PREFLIGHT phase=query trial=b2048-rep3 batch_size=2048 attempt=7 fs=ext2/ext3 free_bytes=100715933696 required_free_bytes=1073741824 mem_available_bytes=48775110656 required_memory_bytes=537919488 rss_bytes=183734272 cpu_busy_pct=1.001 cpu_limit_pct=10 disk_busy_pct=2.333 disk_limit_pct=5 disk_device=sdb2 result=ready
DIAGNOSTIC_TRACE path=benches/rocksdb_tail_attribution_data/diagnostic/rocksdb-tokio-sequential-b2048-rep3-1790444966433239714.trace.csv rows=9766 db_cleanup=complete
PREFLIGHT phase=write trial=b4096-rep1 batch_size=4096 attempt=1 fs=ext2/ext3 free_bytes=100910211072 required_free_bytes=7476941824 mem_available_bytes=48774610944 required_memory_bytes=537919488 rss_bytes=180314112 cpu_busy_pct=0.960 cpu_limit_pct=10 disk_busy_pct=0.000 disk_limit_pct=5 disk_device=sdb2 result=ready
PREFLIGHT phase=query trial=b4096-rep1 batch_size=4096 attempt=1 fs=ext2/ext3 free_bytes=100618473472 required_free_bytes=1073741824 mem_available_bytes=48765341696 required_memory_bytes=537919488 rss_bytes=185802752 cpu_busy_pct=7.469 cpu_limit_pct=10 disk_busy_pct=5.366 disk_limit_pct=5 disk_device=sdb2 result=wait
PREFLIGHT phase=query trial=b4096-rep1 batch_size=4096 attempt=2 fs=ext2/ext3 free_bytes=100550746112 required_free_bytes=1073741824 mem_available_bytes=48759717888 required_memory_bytes=537919488 rss_bytes=185802752 cpu_busy_pct=3.670 cpu_limit_pct=10 disk_busy_pct=5.066 disk_limit_pct=5 disk_device=sdb2 result=wait
PREFLIGHT phase=query trial=b4096-rep1 batch_size=4096 attempt=3 fs=ext2/ext3 free_bytes=100705300480 required_free_bytes=1073741824 mem_available_bytes=48761065472 required_memory_bytes=537919488 rss_bytes=185802752 cpu_busy_pct=0.710 cpu_limit_pct=10 disk_busy_pct=0.000 disk_limit_pct=5 disk_device=sdb2 result=ready
DIAGNOSTIC_TRACE path=benches/rocksdb_tail_attribution_data/diagnostic/rocksdb-tokio-sequential-b4096-rep1-1790445058196933451.trace.csv rows=4884 db_cleanup=complete
PREFLIGHT phase=write trial=b4096-rep2 batch_size=4096 attempt=1 fs=ext2/ext3 free_bytes=100908830720 required_free_bytes=7476941824 mem_available_bytes=48767131648 required_memory_bytes=537919488 rss_bytes=186155008 cpu_busy_pct=1.044 cpu_limit_pct=10 disk_busy_pct=0.200 disk_limit_pct=5 disk_device=sdb2 result=ready
PREFLIGHT phase=query trial=b4096-rep2 batch_size=4096 attempt=1 fs=ext2/ext3 free_bytes=100616994816 required_free_bytes=1073741824 mem_available_bytes=48750993408 required_memory_bytes=537919488 rss_bytes=187789312 cpu_busy_pct=7.158 cpu_limit_pct=10 disk_busy_pct=5.799 disk_limit_pct=5 disk_device=sdb2 result=wait
PREFLIGHT phase=query trial=b4096-rep2 batch_size=4096 attempt=2 fs=ext2/ext3 free_bytes=100549365760 required_free_bytes=1073741824 mem_available_bytes=48754855936 required_memory_bytes=537919488 rss_bytes=187789312 cpu_busy_pct=3.212 cpu_limit_pct=10 disk_busy_pct=4.566 disk_limit_pct=5 disk_device=sdb2 result=ready
DIAGNOSTIC_TRACE path=benches/rocksdb_tail_attribution_data/diagnostic/rocksdb-tokio-sequential-b4096-rep2-1790445132900969753.trace.csv rows=4884 db_cleanup=complete
PREFLIGHT phase=write trial=b4096-rep3 batch_size=4096 attempt=1 fs=ext2/ext3 free_bytes=100907462656 required_free_bytes=7476941824 mem_available_bytes=48769011712 required_memory_bytes=537919488 rss_bytes=188887040 cpu_busy_pct=0.814 cpu_limit_pct=10 disk_busy_pct=0.300 disk_limit_pct=5 disk_device=sdb2 result=ready
PREFLIGHT phase=query trial=b4096-rep3 batch_size=4096 attempt=1 fs=ext2/ext3 free_bytes=100615630848 required_free_bytes=1073741824 mem_available_bytes=48760651776 required_memory_bytes=537919488 rss_bytes=187822080 cpu_busy_pct=4.562 cpu_limit_pct=10 disk_busy_pct=49.462 disk_limit_pct=5 disk_device=sdb2 result=wait
PREFLIGHT phase=query trial=b4096-rep3 batch_size=4096 attempt=2 fs=ext2/ext3 free_bytes=100615626752 required_free_bytes=1073741824 mem_available_bytes=48763781120 required_memory_bytes=537919488 rss_bytes=187822080 cpu_busy_pct=0.689 cpu_limit_pct=10 disk_busy_pct=100.000 disk_limit_pct=5 disk_device=sdb2 result=wait
PREFLIGHT phase=query trial=b4096-rep3 batch_size=4096 attempt=3 fs=ext2/ext3 free_bytes=100615536640 required_free_bytes=1073741824 mem_available_bytes=48757895168 required_memory_bytes=537919488 rss_bytes=187822080 cpu_busy_pct=3.711 cpu_limit_pct=10 disk_busy_pct=52.595 disk_limit_pct=5 disk_device=sdb2 result=wait
PREFLIGHT phase=query trial=b4096-rep3 batch_size=4096 attempt=4 fs=ext2/ext3 free_bytes=100547899392 required_free_bytes=1073741824 mem_available_bytes=48774324224 required_memory_bytes=537919488 rss_bytes=187781120 cpu_busy_pct=0.979 cpu_limit_pct=10 disk_busy_pct=99.990 disk_limit_pct=5 disk_device=sdb2 result=wait
PREFLIGHT phase=query trial=b4096-rep3 batch_size=4096 attempt=5 fs=ext2/ext3 free_bytes=100547895296 required_free_bytes=1073741824 mem_available_bytes=48765534208 required_memory_bytes=537919488 rss_bytes=187781120 cpu_busy_pct=4.048 cpu_limit_pct=10 disk_busy_pct=55.061 disk_limit_pct=5 disk_device=sdb2 result=wait
PREFLIGHT phase=query trial=b4096-rep3 batch_size=4096 attempt=6 fs=ext2/ext3 free_bytes=100480159744 required_free_bytes=1073741824 mem_available_bytes=48768925696 required_memory_bytes=537919488 rss_bytes=187781120 cpu_busy_pct=1.211 cpu_limit_pct=10 disk_busy_pct=69.060 disk_limit_pct=5 disk_device=sdb2 result=wait
PREFLIGHT phase=query trial=b4096-rep3 batch_size=4096 attempt=7 fs=ext2/ext3 free_bytes=100702199808 required_free_bytes=1073741824 mem_available_bytes=48772313088 required_memory_bytes=537919488 rss_bytes=187781120 cpu_busy_pct=0.856 cpu_limit_pct=10 disk_busy_pct=0.000 disk_limit_pct=5 disk_device=sdb2 result=ready
DIAGNOSTIC_TRACE path=benches/rocksdb_tail_attribution_data/diagnostic/rocksdb-tokio-sequential-b4096-rep3-1790445204148525130.trace.csv rows=4884 db_cleanup=complete
