   Compiling ledger-wallet v0.1.0 (/home/neojhou/repos/ledger-wallet)
    Finished `bench` profile [optimized] target(s) in 1.91s
     Running benches/rocksdb_tokio_parallel_query.rs (target/release/deps/rocksdb_tokio_parallel_query-57e4b6740b5a45c7)
preparing deterministic shuffled query plan: 50000 IDs (400000 bytes)
PREFLIGHT phase=write trial=b2048-c1-rep1 batch_size=2048 attempt=1 fs=ext2/ext3 free_bytes=100536643584 required_free_bytes=1108941824 mem_available_bytes=47784521728 required_memory_bytes=537395200 rss_bytes=13004800 cpu_busy_pct=1.003 cpu_limit_pct=10 disk_busy_pct=0.000 disk_limit_pct=5 disk_device=sdb2 result=ready
PREFLIGHT phase=query trial=b2048-c1-rep1 batch_size=2048 attempt=1 fs=ext2/ext3 free_bytes=100530688000 required_free_bytes=1073741824 mem_available_bytes=47790133248 required_memory_bytes=537395200 rss_bytes=18505728 cpu_busy_pct=0.940 cpu_limit_pct=10 disk_busy_pct=0.000 disk_limit_pct=5 disk_device=sdb2 result=ready
PREFLIGHT phase=write trial=b2048-c2-rep1 batch_size=2048 attempt=1 fs=ext2/ext3 free_bytes=100536631296 required_free_bytes=1108941824 mem_available_bytes=47802384384 required_memory_bytes=537919488 rss_bytes=20312064 cpu_busy_pct=2.130 cpu_limit_pct=10 disk_busy_pct=0.000 disk_limit_pct=5 disk_device=sdb2 result=ready
PREFLIGHT phase=query trial=b2048-c2-rep1 batch_size=2048 attempt=1 fs=ext2/ext3 free_bytes=100530704384 required_free_bytes=1073741824 mem_available_bytes=47833731072 required_memory_bytes=537919488 rss_bytes=20836352 cpu_busy_pct=1.190 cpu_limit_pct=10 disk_busy_pct=0.200 disk_limit_pct=5 disk_device=sdb2 result=ready
PREFLIGHT phase=write trial=b2048-c4-rep1 batch_size=2048 attempt=1 fs=ext2/ext3 free_bytes=100536627200 required_free_bytes=1108941824 mem_available_bytes=47840522240 required_memory_bytes=538968064 rss_bytes=22282240 cpu_busy_pct=0.939 cpu_limit_pct=10 disk_busy_pct=0.000 disk_limit_pct=5 disk_device=sdb2 result=ready
PREFLIGHT phase=query trial=b2048-c4-rep1 batch_size=2048 attempt=1 fs=ext2/ext3 free_bytes=100530708480 required_free_bytes=1073741824 mem_available_bytes=47853428736 required_memory_bytes=538968064 rss_bytes=23977984 cpu_busy_pct=0.940 cpu_limit_pct=10 disk_busy_pct=0.000 disk_limit_pct=5 disk_device=sdb2 result=ready
PREFLIGHT phase=write trial=b2048-c8-rep1 batch_size=2048 attempt=1 fs=ext2/ext3 free_bytes=100536631296 required_free_bytes=1108941824 mem_available_bytes=47865827328 required_memory_bytes=541065216 rss_bytes=27869184 cpu_busy_pct=0.940 cpu_limit_pct=10 disk_busy_pct=1.100 disk_limit_pct=5 disk_device=sdb2 result=ready
PREFLIGHT phase=query trial=b2048-c8-rep1 batch_size=2048 attempt=1 fs=ext2/ext3 free_bytes=100530708480 required_free_bytes=1073741824 mem_available_bytes=47874969600 required_memory_bytes=541065216 rss_bytes=29646848 cpu_busy_pct=1.190 cpu_limit_pct=10 disk_busy_pct=0.000 disk_limit_pct=5 disk_device=sdb2 result=ready
PREFLIGHT phase=write trial=b4096-c1-rep1 batch_size=4096 attempt=1 fs=ext2/ext3 free_bytes=100536627200 required_free_bytes=1108941824 mem_available_bytes=47874412544 required_memory_bytes=537919488 rss_bytes=34557952 cpu_busy_pct=1.752 cpu_limit_pct=10 disk_busy_pct=0.200 disk_limit_pct=5 disk_device=sdb2 result=ready
PREFLIGHT phase=query trial=b4096-c1-rep1 batch_size=4096 attempt=1 fs=ext2/ext3 free_bytes=100522225664 required_free_bytes=1073741824 mem_available_bytes=47866155008 required_memory_bytes=537919488 rss_bytes=42061824 cpu_busy_pct=1.064 cpu_limit_pct=10 disk_busy_pct=0.000 disk_limit_pct=5 disk_device=sdb2 result=ready
PREFLIGHT phase=write trial=b4096-c2-rep1 batch_size=4096 attempt=1 fs=ext2/ext3 free_bytes=100528148480 required_free_bytes=1108941824 mem_available_bytes=47866167296 required_memory_bytes=538968064 rss_bytes=45539328 cpu_busy_pct=0.877 cpu_limit_pct=10 disk_busy_pct=0.000 disk_limit_pct=5 disk_device=sdb2 result=ready
PREFLIGHT phase=query trial=b4096-c2-rep1 batch_size=4096 attempt=1 fs=ext2/ext3 free_bytes=100522225664 required_free_bytes=1073741824 mem_available_bytes=47864602624 required_memory_bytes=538968064 rss_bytes=47468544 cpu_busy_pct=1.253 cpu_limit_pct=10 disk_busy_pct=0.000 disk_limit_pct=5 disk_device=sdb2 result=ready
PREFLIGHT phase=write trial=b4096-c4-rep1 batch_size=4096 attempt=1 fs=ext2/ext3 free_bytes=100528140288 required_free_bytes=1108941824 mem_available_bytes=47862505472 required_memory_bytes=541065216 rss_bytes=49274880 cpu_busy_pct=1.626 cpu_limit_pct=10 disk_busy_pct=0.200 disk_limit_pct=5 disk_device=sdb2 result=ready
PREFLIGHT phase=query trial=b4096-c4-rep1 batch_size=4096 attempt=1 fs=ext2/ext3 free_bytes=100522217472 required_free_bytes=1073741824 mem_available_bytes=47876055040 required_memory_bytes=541065216 rss_bytes=50073600 cpu_busy_pct=2.381 cpu_limit_pct=10 disk_busy_pct=0.000 disk_limit_pct=5 disk_device=sdb2 result=ready
PREFLIGHT phase=write trial=b4096-c8-rep1 batch_size=4096 attempt=1 fs=ext2/ext3 free_bytes=100528132096 required_free_bytes=1108941824 mem_available_bytes=47876800512 required_memory_bytes=545259520 rss_bytes=50077696 cpu_busy_pct=0.752 cpu_limit_pct=10 disk_busy_pct=0.000 disk_limit_pct=5 disk_device=sdb2 result=ready
PREFLIGHT phase=query trial=b4096-c8-rep1 batch_size=4096 attempt=1 fs=ext2/ext3 free_bytes=100522209280 required_free_bytes=1073741824 mem_available_bytes=47867330560 required_memory_bytes=545259520 rss_bytes=50814976 cpu_busy_pct=0.878 cpu_limit_pct=10 disk_busy_pct=0.100 disk_limit_pct=5 disk_device=sdb2 result=ready
