    Finished `bench` profile [optimized] target(s) in 0.01s
     Running benches/wal_sync.rs (target/release/deps/wal_sync-13b62944cbc9f6eb)
preparing 10000000 deterministic records (1280000000 bytes)
PREFLIGHT trial=b64-r1073741824-rep1 attempt=1 fs=ext2/ext3 free_bytes=96473448448 required_free_bytes=2362491824 mem_available_bytes=42768506880 rss_bytes=1282613248 memory_threshold_bytes=536870912 cpu_busy_pct=1.756 cpu_limit_pct=10 disk_busy_pct=0.167 disk_limit_pct=5 disk_device=sdb2 result=ready
PREFLIGHT trial=b64-r1073741824-rep2 attempt=1 fs=ext2/ext3 free_bytes=96469475328 required_free_bytes=2362491824 mem_available_bytes=43145084928 rss_bytes=1282768896 memory_threshold_bytes=536870912 cpu_busy_pct=1.588 cpu_limit_pct=10 disk_busy_pct=4.400 disk_limit_pct=5 disk_device=sdb2 result=ready
PREFLIGHT trial=b64-r1073741824-rep3 attempt=1 fs=ext2/ext3 free_bytes=96467152896 required_free_bytes=2362491824 mem_available_bytes=42511843328 rss_bytes=1284952064 memory_threshold_bytes=536870912 cpu_busy_pct=1.274 cpu_limit_pct=10 disk_busy_pct=6.033 disk_limit_pct=5 disk_device=sdb2 result=wait
PREFLIGHT trial=b64-r1073741824-rep3 attempt=2 fs=ext2/ext3 free_bytes=96467156992 required_free_bytes=2362491824 mem_available_bytes=42521677824 rss_bytes=1284952064 memory_threshold_bytes=536870912 cpu_busy_pct=1.797 cpu_limit_pct=10 disk_busy_pct=0.000 disk_limit_pct=5 disk_device=sdb2 result=ready
PREFLIGHT trial=b256-r1073741824-rep1 attempt=1 fs=ext2/ext3 free_bytes=96464908288 required_free_bytes=2355929352 mem_available_bytes=42523312128 rss_bytes=1284952064 memory_threshold_bytes=536870912 cpu_busy_pct=1.944 cpu_limit_pct=10 disk_busy_pct=7.133 disk_limit_pct=5 disk_device=sdb2 result=wait
PREFLIGHT trial=b256-r1073741824-rep1 attempt=2 fs=ext2/ext3 free_bytes=96464814080 required_free_bytes=2355929352 mem_available_bytes=42532552704 rss_bytes=1284952064 memory_threshold_bytes=536870912 cpu_busy_pct=1.170 cpu_limit_pct=10 disk_busy_pct=10.199 disk_limit_pct=5 disk_device=sdb2 result=wait
PREFLIGHT trial=b256-r1073741824-rep1 attempt=3 fs=ext2/ext3 free_bytes=96464805888 required_free_bytes=2355929352 mem_available_bytes=42535141376 rss_bytes=1284952064 memory_threshold_bytes=536870912 cpu_busy_pct=1.378 cpu_limit_pct=10 disk_busy_pct=4.066 disk_limit_pct=5 disk_device=sdb2 result=ready
PREFLIGHT trial=b256-r1073741824-rep2 attempt=1 fs=ext2/ext3 free_bytes=96464027648 required_free_bytes=2355929352 mem_available_bytes=42534506496 rss_bytes=1285136384 memory_threshold_bytes=536870912 cpu_busy_pct=1.253 cpu_limit_pct=10 disk_busy_pct=0.167 disk_limit_pct=5 disk_device=sdb2 result=ready
PREFLIGHT trial=b256-r1073741824-rep3 attempt=1 fs=ext2/ext3 free_bytes=96463384576 required_free_bytes=2355929352 mem_available_bytes=42531840000 rss_bytes=1285451776 memory_threshold_bytes=536870912 cpu_busy_pct=1.462 cpu_limit_pct=10 disk_busy_pct=1.966 disk_limit_pct=5 disk_device=sdb2 result=ready
PREFLIGHT trial=b1024-r1073741824-rep1 attempt=1 fs=ext2/ext3 free_bytes=96454418432 required_free_bytes=2354288720 mem_available_bytes=42533470208 rss_bytes=1285451776 memory_threshold_bytes=536870912 cpu_busy_pct=1.902 cpu_limit_pct=10 disk_busy_pct=0.167 disk_limit_pct=5 disk_device=sdb2 result=ready
PREFLIGHT trial=b1024-r1073741824-rep2 attempt=1 fs=ext2/ext3 free_bytes=96454160384 required_free_bytes=2354288720 mem_available_bytes=42972225536 rss_bytes=1285451776 memory_threshold_bytes=536870912 cpu_busy_pct=1.420 cpu_limit_pct=10 disk_busy_pct=0.000 disk_limit_pct=5 disk_device=sdb2 result=ready
PREFLIGHT trial=b1024-r1073741824-rep3 attempt=1 fs=ext2/ext3 free_bytes=96453513216 required_free_bytes=2354288720 mem_available_bytes=43171860480 rss_bytes=1285451776 memory_threshold_bytes=536870912 cpu_busy_pct=1.776 cpu_limit_pct=10 disk_busy_pct=0.133 disk_limit_pct=5 disk_device=sdb2 result=ready
PREFLIGHT trial=b2048-r1073741824-rep1 attempt=1 fs=ext2/ext3 free_bytes=96453222400 required_free_bytes=2354015272 mem_available_bytes=43177107456 rss_bytes=1285451776 memory_threshold_bytes=536870912 cpu_busy_pct=1.818 cpu_limit_pct=10 disk_busy_pct=0.500 disk_limit_pct=5 disk_device=sdb2 result=ready
PREFLIGHT trial=b2048-r1073741824-rep2 attempt=1 fs=ext2/ext3 free_bytes=96453009408 required_free_bytes=2354015272 mem_available_bytes=43161935872 rss_bytes=1285451776 memory_threshold_bytes=536870912 cpu_busy_pct=1.359 cpu_limit_pct=10 disk_busy_pct=2.533 disk_limit_pct=5 disk_device=sdb2 result=ready
PREFLIGHT trial=b2048-r1073741824-rep3 attempt=1 fs=ext2/ext3 free_bytes=96452820992 required_free_bytes=2354015272 mem_available_bytes=43129409536 rss_bytes=1285451776 memory_threshold_bytes=536870912 cpu_busy_pct=1.358 cpu_limit_pct=10 disk_busy_pct=0.233 disk_limit_pct=5 disk_device=sdb2 result=ready
PREFLIGHT trial=b4096-r1073741824-rep1 attempt=1 fs=ext2/ext3 free_bytes=96452644864 required_free_bytes=2353878576 mem_available_bytes=43131723776 rss_bytes=1285451776 memory_threshold_bytes=536870912 cpu_busy_pct=1.776 cpu_limit_pct=10 disk_busy_pct=0.000 disk_limit_pct=5 disk_device=sdb2 result=ready
PREFLIGHT trial=b4096-r1073741824-rep2 attempt=1 fs=ext2/ext3 free_bytes=96452251648 required_free_bytes=2353878576 mem_available_bytes=43174768640 rss_bytes=1285451776 memory_threshold_bytes=536870912 cpu_busy_pct=1.839 cpu_limit_pct=10 disk_busy_pct=1.167 disk_limit_pct=5 disk_device=sdb2 result=ready
PREFLIGHT trial=b4096-r1073741824-rep3 attempt=1 fs=ext2/ext3 free_bytes=96443596800 required_free_bytes=2353878576 mem_available_bytes=43174150144 rss_bytes=1285451776 memory_threshold_bytes=536870912 cpu_busy_pct=1.567 cpu_limit_pct=10 disk_busy_pct=0.000 disk_limit_pct=5 disk_device=sdb2 result=ready
PREFLIGHT trial=b4096-r268435456-rep1 attempt=1 fs=ext2/ext3 free_bytes=96443506688 required_free_bytes=2353878576 mem_available_bytes=43156762624 rss_bytes=1285451776 memory_threshold_bytes=536870912 cpu_busy_pct=1.253 cpu_limit_pct=10 disk_busy_pct=0.067 disk_limit_pct=5 disk_device=sdb2 result=ready
PREFLIGHT trial=b4096-r268435456-rep2 attempt=1 fs=ext2/ext3 free_bytes=96443297792 required_free_bytes=2353878576 mem_available_bytes=43147902976 rss_bytes=1285451776 memory_threshold_bytes=536870912 cpu_busy_pct=1.211 cpu_limit_pct=10 disk_busy_pct=0.100 disk_limit_pct=5 disk_device=sdb2 result=ready
PREFLIGHT trial=b4096-r268435456-rep3 attempt=1 fs=ext2/ext3 free_bytes=96443191296 required_free_bytes=2353878576 mem_available_bytes=43134496768 rss_bytes=1285451776 memory_threshold_bytes=536870912 cpu_busy_pct=1.357 cpu_limit_pct=10 disk_busy_pct=4.900 disk_limit_pct=5 disk_device=sdb2 result=ready
