   Compiling ledger-wallet v0.1.0 (/home/neojhou/repos/ledger-wallet)
    Finished `bench` profile [optimized] target(s) in 1.08s
     Running benches/wal_tokio_sequential.rs (target/release/deps/wal_tokio_sequential-483e112e90a2fdef)
preparing 10000000 deterministic records (1280000000 bytes)
PREFLIGHT trial=b64-r1073741824-rep1 attempt=1 fs=ext2/ext3 free_bytes=96037814272 required_free_bytes=2362491824 mem_available_bytes=43104215040 rss_bytes=1283260416 memory_threshold_bytes=536870912 cpu_busy_pct=1.170 cpu_limit_pct=10 disk_busy_pct=0.100 disk_limit_pct=5 disk_device=sdb2 result=ready
PREFLIGHT trial=b64-r1073741824-rep2 attempt=1 fs=ext2/ext3 free_bytes=96035987456 required_free_bytes=2362491824 mem_available_bytes=43156885504 rss_bytes=1283772416 memory_threshold_bytes=536870912 cpu_busy_pct=1.923 cpu_limit_pct=10 disk_busy_pct=2.666 disk_limit_pct=5 disk_device=sdb2 result=ready
PREFLIGHT trial=b64-r1073741824-rep3 attempt=1 fs=ext2/ext3 free_bytes=96033980416 required_free_bytes=2362491824 mem_available_bytes=43211874304 rss_bytes=1283772416 memory_threshold_bytes=536870912 cpu_busy_pct=1.274 cpu_limit_pct=10 disk_busy_pct=4.766 disk_limit_pct=5 disk_device=sdb2 result=ready
PREFLIGHT trial=b256-r1073741824-rep1 attempt=1 fs=ext2/ext3 free_bytes=96031588352 required_free_bytes=2355929352 mem_available_bytes=43205574656 rss_bytes=1283772416 memory_threshold_bytes=536870912 cpu_busy_pct=1.713 cpu_limit_pct=10 disk_busy_pct=0.000 disk_limit_pct=5 disk_device=sdb2 result=ready
PREFLIGHT trial=b256-r1073741824-rep2 attempt=1 fs=ext2/ext3 free_bytes=96013934592 required_free_bytes=2355929352 mem_available_bytes=43207729152 rss_bytes=1284165632 memory_threshold_bytes=536870912 cpu_busy_pct=1.693 cpu_limit_pct=10 disk_busy_pct=0.033 disk_limit_pct=5 disk_device=sdb2 result=ready
PREFLIGHT trial=b256-r1073741824-rep3 attempt=1 fs=ext2/ext3 free_bytes=96004804608 required_free_bytes=2355929352 mem_available_bytes=43212353536 rss_bytes=1286995968 memory_threshold_bytes=536870912 cpu_busy_pct=1.273 cpu_limit_pct=10 disk_busy_pct=8.699 disk_limit_pct=5 disk_device=sdb2 result=wait
PREFLIGHT trial=b256-r1073741824-rep3 attempt=2 fs=ext2/ext3 free_bytes=96004804608 required_free_bytes=2355929352 mem_available_bytes=43208454144 rss_bytes=1286995968 memory_threshold_bytes=536870912 cpu_busy_pct=2.150 cpu_limit_pct=10 disk_busy_pct=0.000 disk_limit_pct=5 disk_device=sdb2 result=ready
PREFLIGHT trial=b1024-r1073741824-rep1 attempt=1 fs=ext2/ext3 free_bytes=95995752448 required_free_bytes=2354288720 mem_available_bytes=43198459904 rss_bytes=1287380992 memory_threshold_bytes=536870912 cpu_busy_pct=1.128 cpu_limit_pct=10 disk_busy_pct=0.067 disk_limit_pct=5 disk_device=sdb2 result=ready
PREFLIGHT trial=b1024-r1073741824-rep2 attempt=1 fs=ext2/ext3 free_bytes=95995547648 required_free_bytes=2354288720 mem_available_bytes=43180789760 rss_bytes=1287380992 memory_threshold_bytes=536870912 cpu_busy_pct=1.797 cpu_limit_pct=10 disk_busy_pct=10.099 disk_limit_pct=5 disk_device=sdb2 result=wait
PREFLIGHT trial=b1024-r1073741824-rep2 attempt=2 fs=ext2/ext3 free_bytes=95995539456 required_free_bytes=2354288720 mem_available_bytes=43175317504 rss_bytes=1287380992 memory_threshold_bytes=536870912 cpu_busy_pct=1.211 cpu_limit_pct=10 disk_busy_pct=4.433 disk_limit_pct=5 disk_device=sdb2 result=ready
PREFLIGHT trial=b1024-r1073741824-rep3 attempt=1 fs=ext2/ext3 free_bytes=95994929152 required_free_bytes=2354288720 mem_available_bytes=43199655936 rss_bytes=1287380992 memory_threshold_bytes=536870912 cpu_busy_pct=1.316 cpu_limit_pct=10 disk_busy_pct=0.233 disk_limit_pct=5 disk_device=sdb2 result=ready
PREFLIGHT trial=b2048-r1073741824-rep1 attempt=1 fs=ext2/ext3 free_bytes=95994736640 required_free_bytes=2354015272 mem_available_bytes=43202891776 rss_bytes=1287380992 memory_threshold_bytes=536870912 cpu_busy_pct=1.253 cpu_limit_pct=10 disk_busy_pct=0.100 disk_limit_pct=5 disk_device=sdb2 result=ready
PREFLIGHT trial=b2048-r1073741824-rep2 attempt=1 fs=ext2/ext3 free_bytes=95994556416 required_free_bytes=2354015272 mem_available_bytes=43216011264 rss_bytes=1287380992 memory_threshold_bytes=536870912 cpu_busy_pct=1.441 cpu_limit_pct=10 disk_busy_pct=1.133 disk_limit_pct=5 disk_device=sdb2 result=ready
PREFLIGHT trial=b2048-r1073741824-rep3 attempt=1 fs=ext2/ext3 free_bytes=95994249216 required_free_bytes=2354015272 mem_available_bytes=43214585856 rss_bytes=1287380992 memory_threshold_bytes=536870912 cpu_busy_pct=1.588 cpu_limit_pct=10 disk_busy_pct=0.200 disk_limit_pct=5 disk_device=sdb2 result=ready
PREFLIGHT trial=b4096-r1073741824-rep1 attempt=1 fs=ext2/ext3 free_bytes=95994142720 required_free_bytes=2353878576 mem_available_bytes=43200811008 rss_bytes=1287380992 memory_threshold_bytes=536870912 cpu_busy_pct=1.565 cpu_limit_pct=10 disk_busy_pct=0.467 disk_limit_pct=5 disk_device=sdb2 result=ready
PREFLIGHT trial=b4096-r1073741824-rep2 attempt=1 fs=ext2/ext3 free_bytes=95993909248 required_free_bytes=2353878576 mem_available_bytes=43212144640 rss_bytes=1287380992 memory_threshold_bytes=536870912 cpu_busy_pct=1.212 cpu_limit_pct=10 disk_busy_pct=2.800 disk_limit_pct=5 disk_device=sdb2 result=ready
PREFLIGHT trial=b4096-r1073741824-rep3 attempt=1 fs=ext2/ext3 free_bytes=95993704448 required_free_bytes=2353878576 mem_available_bytes=43179347968 rss_bytes=1287380992 memory_threshold_bytes=536870912 cpu_busy_pct=1.148 cpu_limit_pct=10 disk_busy_pct=0.400 disk_limit_pct=5 disk_device=sdb2 result=ready
PREFLIGHT trial=b4096-r268435456-rep1 attempt=1 fs=ext2/ext3 free_bytes=95993602048 required_free_bytes=2353878576 mem_available_bytes=43203493888 rss_bytes=1287380992 memory_threshold_bytes=536870912 cpu_busy_pct=1.316 cpu_limit_pct=10 disk_busy_pct=0.067 disk_limit_pct=5 disk_device=sdb2 result=ready
PREFLIGHT trial=b4096-r268435456-rep2 attempt=1 fs=ext2/ext3 free_bytes=95993421824 required_free_bytes=2353878576 mem_available_bytes=43196940288 rss_bytes=1287380992 memory_threshold_bytes=536870912 cpu_busy_pct=1.357 cpu_limit_pct=10 disk_busy_pct=0.400 disk_limit_pct=5 disk_device=sdb2 result=ready
PREFLIGHT trial=b4096-r268435456-rep3 attempt=1 fs=ext2/ext3 free_bytes=95993311232 required_free_bytes=2353878576 mem_available_bytes=43203305472 rss_bytes=1287380992 memory_threshold_bytes=536870912 cpu_busy_pct=1.756 cpu_limit_pct=10 disk_busy_pct=0.000 disk_limit_pct=5 disk_device=sdb2 result=ready
