kernel_sample_command=taskset -c 6,7,14,15 ss -tinmH 'sport = :43437 or dport = :43437'
kernel_sample_interval_ms=100
server_pid=61524 server_cpus=3,4,5,11,12,13
client_pid=61530 client_cpus=0,1,2,8,9,10
verified_tcp_connections=8
parent_phase_command_mono_ns=7658024386484224
server_cpu_sample_start_mono_ns=7658024386483943
client_start_sample=ProcSample { cpu_ticks: 1444, rss_bytes: 11833344, io: IoCounters { rchar: 16335, wchar: 1723581251, syscr: 25, syscw: 660761, read_bytes: 0, write_bytes: 0, cancelled_write_bytes: 0 } }
server_start_sample=ProcSample { cpu_ticks: 1476, rss_bytes: 10747904, io: IoCounters { rchar: 16335, wchar: 1719014469, syscr: 25, syscw: 620140, read_bytes: 0, write_bytes: 0, cancelled_write_bytes: 0 } }
loopback_start_sample=NetSample { rx_bytes: 990233198625, rx_packets: 1225039257, tx_bytes: 990233198625, tx_packets: 1225039257 }
client_event=PHASE_START	7658024386931162
client_event=PHASE_END	7658044389617001
measurement_start_mono_ns=7658024386931162 measurement_end_mono_ns=7658044389617001 phase_wall_ns=20002685839
final_client_sample=ProcSample { cpu_ticks: 7232, rss_bytes: 79757312, io: IoCounters { rchar: 16341, wchar: 8808657085, syscr: 26, syscw: 3411577, read_bytes: 0, write_bytes: 0, cancelled_write_bytes: 0 } }
final_server_sample=ProcSample { cpu_ticks: 7376, rss_bytes: 11669504, io: IoCounters { rchar: 16335, wchar: 8785168180, syscr: 25, syscw: 3174779, read_bytes: 0, write_bytes: 0, cancelled_write_bytes: 0 } }
server_cpu_sample_end_mono_ns=7658044410947685
per_core_cpu_and_softirq_delta=cpu0:busy_pct=64.595,softirq_pct=9.373,ticks=1963;cpu1:busy_pct=47.008,softirq_pct=6.897,ticks=1972;cpu10:busy_pct=12.965,softirq_pct=1.709,ticks=1990;cpu11:busy_pct=92.506,softirq_pct=12.051,ticks=1975;cpu12:busy_pct=69.398,softirq_pct=10.470,ticks=1977;cpu13:busy_pct=17.816,softirq_pct=2.365,ticks=1987;cpu14:busy_pct=4.623,softirq_pct=0.000,ticks=1990;cpu15:busy_pct=9.538,softirq_pct=0.050,ticks=1992;cpu2:busy_pct=37.715,softirq_pct=5.460,ticks=1978;cpu3:busy_pct=58.115,softirq_pct=7.560,ticks=1984;cpu4:busy_pct=32.224,softirq_pct=4.589,ticks=1983;cpu5:busy_pct=33.032,softirq_pct=5.028,ticks=1989;cpu6:busy_pct=5.427,softirq_pct=0.000,ticks=1990;cpu7:busy_pct=17.990,softirq_pct=0.000,ticks=1990;cpu8:busy_pct=80.173,softirq_pct=11.693,ticks=1967;cpu9:busy_pct=55.376,softirq_pct=8.279,ticks=1981
target_disk=sdb2 disk_busy_ms_start=2447401002 disk_busy_ms_end=2447401015
loopback_final=NetSample { rx_bytes: 1004689031470, rx_packets: 1230901963, tx_bytes: 1004689031470, tx_packets: 1230901963 }
kernel_sample_status=ok periodic_samples=201 periodic_samples_inside_phase=200 sample_errors=0 ss_monitor_periodic_wall_ns=5269753757 ss_monitor_parent_cpu_ns=85466204 ss_monitor_child_cpu_ns=5121980000 ss_monitor_max_wall_ns=29920992 ss_monitor_periodic_wall_pct=26.345231 ss_boundary_wall_ns=23484851 ss_boundary_parent_cpu_ns=426337 ss_boundary_child_cpu_ns=22885000
kernel_tcp_timeseries_csv=benches/grpc_echo_kernel_data/diagnostic_saturation/run-1790522592015262494-52216-0/trial-0016-closed_loop-b4096-c256-ch8-rep1.kernel_tcp.csv
kernel_snapshot_max_client_send_q=133389 kernel_snapshot_max_client_recv_q=133024
kernel_snapshot_max_server_send_q=128867 kernel_snapshot_max_server_recv_q=133408
kernel_counter_delta_definition=last phase-end boundary TCP_INFO counter minus first fully inside-phase sample, independently per client/server socket endpoint
tcp_final send_q_max=133389 recv_q_max=133408
queue maxima are computed from fully in-phase kernel TCP snapshots; raw endpoint details are in kernel_tcp.csv
client_event=RESULT	closed_loop	4096	256	8	1699752	1699752	0	20000146621	20002685839	2539218	57869841977	20002	168053.8814618538	362933	475141	848255	0	1699752	5119079540693	3011662.6076586465	2946301	5096250	6077108	7268822	1699752	3954577689869	2326561.5747879692	2293248	3925617	4628003	5509334	1699752	861765479	506.99483159896266	381	952	2204	13625	1699752	1163640085345	684594.0380390786	513523	1805253	2374550	3109077
client_cpu_process_time_ns=57869841977 server_cpu_proc_stat_ns=59000000000 server_cpu_window_ns=20024463742 server_start_offset_ns=-447219 server_end_offset_ns=21330684
client_rss_peak_bytes=79757312 server_rss_peak_bytes=11886592
loopback_delta rx_bytes=14455832845 rx_packets=5862706 tx_bytes=14455832845 tx_packets=5862706
tcp_sampled_max_send_q=133389 tcp_sampled_max_recv_q=133408
