kernel_sample_command=taskset -c 6,7,14,15 ss -tinmH 'sport = :37017 or dport = :37017'
kernel_sample_interval_ms=100
server_pid=54009 server_cpus=3,4,5,11,12,13
client_pid=54015 client_cpus=0,1,2,8,9,10
verified_tcp_connections=4
parent_phase_command_mono_ns=7657680992548448
server_cpu_sample_start_mono_ns=7657680992548227
client_start_sample=ProcSample { cpu_ticks: 1299, rss_bytes: 11153408, io: IoCounters { rchar: 16335, wchar: 130145481, syscr: 25, syscw: 274542, read_bytes: 0, write_bytes: 0, cancelled_write_bytes: 0 } }
server_start_sample=ProcSample { cpu_ticks: 1358, rss_bytes: 9543680, io: IoCounters { rchar: 16335, wchar: 122839377, syscr: 25, syscw: 208277, read_bytes: 0, write_bytes: 0, cancelled_write_bytes: 0 } }
loopback_start_sample=NetSample { rx_bytes: 895793443134, rx_packets: 1174967715, tx_bytes: 895793443134, tx_packets: 1174967715 }
client_event=PHASE_START	7657680992893153
client_event=PHASE_END	7657700994578758
measurement_start_mono_ns=7657680992893153 measurement_end_mono_ns=7657700994578758 phase_wall_ns=20001685605
final_client_sample=ProcSample { cpu_ticks: 6614, rss_bytes: 109617152, io: IoCounters { rchar: 16341, wchar: 677768863, syscr: 26, syscw: 1382902, read_bytes: 0, write_bytes: 0, cancelled_write_bytes: 0 } }
final_server_sample=ProcSample { cpu_ticks: 6920, rss_bytes: 9711616, io: IoCounters { rchar: 16335, wchar: 639886617, syscr: 25, syscw: 1084656, read_bytes: 0, write_bytes: 0, cancelled_write_bytes: 0 } }
server_cpu_sample_end_mono_ns=7657701017140710
per_core_cpu_and_softirq_delta=cpu0:busy_pct=51.940,softirq_pct=3.621,ticks=1933;cpu1:busy_pct=46.632,softirq_pct=3.136,ticks=1945;cpu10:busy_pct=22.278,softirq_pct=1.210,ticks=1984;cpu11:busy_pct=78.370,softirq_pct=4.049,ticks=1951;cpu12:busy_pct=49.771,softirq_pct=2.850,ticks=1965;cpu13:busy_pct=16.817,softirq_pct=0.853,ticks=1992;cpu14:busy_pct=4.755,softirq_pct=0.000,ticks=1998;cpu15:busy_pct=7.769,softirq_pct=0.000,ticks=1995;cpu2:busy_pct=30.977,softirq_pct=1.984,ticks=1966;cpu3:busy_pct=66.786,softirq_pct=3.827,ticks=1960;cpu4:busy_pct=43.534,softirq_pct=2.546,ticks=1964;cpu5:busy_pct=31.850,softirq_pct=1.871,ticks=1978;cpu6:busy_pct=3.355,softirq_pct=0.000,ticks=1997;cpu7:busy_pct=18.897,softirq_pct=0.000,ticks=1995;cpu8:busy_pct=70.582,softirq_pct=4.637,ticks=1941;cpu9:busy_pct=55.584,softirq_pct=3.519,ticks=1961
target_disk=sdb2 disk_busy_ms_start=2447400347 disk_busy_ms_end=2447400372
loopback_final=NetSample { rx_bytes: 896966717284, rx_packets: 1177064362, tx_bytes: 896966717284, tx_packets: 1177064362 }
kernel_sample_status=ok periodic_samples=201 periodic_samples_inside_phase=200 sample_errors=0 ss_monitor_periodic_wall_ns=5147342511 ss_monitor_parent_cpu_ns=62028909 ss_monitor_child_cpu_ns=5043594000 ss_monitor_max_wall_ns=28512310 ss_monitor_periodic_wall_pct=25.734544 ss_boundary_wall_ns=22571400 ss_boundary_parent_cpu_ns=306222 ss_boundary_child_cpu_ns=22217000
kernel_tcp_timeseries_csv=benches/grpc_echo_kernel_data/diagnostic_saturation/run-1790522592015262494-52216-0/trial-0004-closed_loop-b128-c256-ch4-rep1.kernel_tcp.csv
kernel_snapshot_max_client_send_q=12864 kernel_snapshot_max_client_recv_q=12084
kernel_snapshot_max_server_send_q=12173 kernel_snapshot_max_server_recv_q=12864
kernel_counter_delta_definition=last phase-end boundary TCP_INFO counter minus first fully inside-phase sample, independently per client/server socket endpoint
tcp_final send_q_max=12864 recv_q_max=12864
queue maxima are computed from fully in-phase kernel TCP snapshots; raw endpoint details are in kernel_tcp.csv
client_event=RESULT	closed_loop	128	256	4	2728737	2728737	0	20000885917	20001685605	799688	53120316416	17425	927432.5743472023	1067471	1157175	2100760	2575	2728737	5118900174106	1875922.8808441414	1804281	3011893	3814406	5744904	2728737	3614050541923	1324440.7731206783	1256014	2230218	2852424	4388032	2728737	1223317809	448.3091661087162	341	902	1703	11261	2728737	1503626314374	551033.7985573546	516147	1130738	1553320	3047430
client_cpu_process_time_ns=53120316416 server_cpu_proc_stat_ns=55620000000 server_cpu_window_ns=20024592483 server_start_offset_ns=-344926 server_end_offset_ns=22561952
client_rss_peak_bytes=109617152 server_rss_peak_bytes=9953280
loopback_delta rx_bytes=1173274150 rx_packets=2096647 tx_bytes=1173274150 tx_packets=2096647
tcp_sampled_max_send_q=12864 tcp_sampled_max_recv_q=12864
