kernel_sample_command=taskset -c 6,7,14,15 ss -tinmH 'sport = :36955 or dport = :36955'
kernel_sample_interval_ms=100
server_pid=57427 server_cpus=3,4,5,11,12,13
client_pid=57433 client_cpus=0,1,2,8,9,10
verified_tcp_connections=8
parent_phase_command_mono_ns=7657824737770755
server_cpu_sample_start_mono_ns=7657824737770535
client_start_sample=ProcSample { cpu_ticks: 1420, rss_bytes: 10625024, io: IoCounters { rchar: 16335, wchar: 136039665, syscr: 25, syscw: 429249, read_bytes: 0, write_bytes: 0, cancelled_write_bytes: 0 } }
server_start_sample=ProcSample { cpu_ticks: 1434, rss_bytes: 8691712, io: IoCounters { rchar: 16335, wchar: 128486282, syscr: 25, syscw: 345971, read_bytes: 0, write_bytes: 0, cancelled_write_bytes: 0 } }
loopback_start_sample=NetSample { rx_bytes: 903720752797, rx_packets: 1192643551, tx_bytes: 903720752797, tx_packets: 1192643551 }
client_event=PHASE_START	7657824738203406
client_event=PHASE_END	7657844740145846
measurement_start_mono_ns=7657824738203406 measurement_end_mono_ns=7657844740145846 phase_wall_ns=20001942440
final_client_sample=ProcSample { cpu_ticks: 7090, rss_bytes: 110915584, io: IoCounters { rchar: 16341, wchar: 686668168, syscr: 26, syscw: 2176965, read_bytes: 0, write_bytes: 0, cancelled_write_bytes: 0 } }
final_server_sample=ProcSample { cpu_ticks: 7247, rss_bytes: 8806400, io: IoCounters { rchar: 16335, wchar: 648444710, syscr: 25, syscw: 1725393, read_bytes: 0, write_bytes: 0, cancelled_write_bytes: 0 } }
server_cpu_sample_end_mono_ns=7657844764392760
per_core_cpu_and_softirq_delta=cpu0:busy_pct=48.182,softirq_pct=4.250,ticks=1953;cpu1:busy_pct=39.115,softirq_pct=3.611,ticks=1966;cpu10:busy_pct=12.198,softirq_pct=0.907,ticks=1984;cpu11:busy_pct=97.756,softirq_pct=7.853,ticks=1961;cpu12:busy_pct=43.146,softirq_pct=3.844,ticks=1977;cpu13:busy_pct=8.492,softirq_pct=0.653,ticks=1990;cpu14:busy_pct=6.319,softirq_pct=0.050,ticks=1994;cpu15:busy_pct=11.145,softirq_pct=0.000,ticks=1992;cpu2:busy_pct=44.275,softirq_pct=4.173,ticks=1965;cpu3:busy_pct=56.225,softirq_pct=4.453,ticks=1976;cpu4:busy_pct=52.429,softirq_pct=4.656,ticks=1976;cpu5:busy_pct=41.233,softirq_pct=3.739,ticks=1979;cpu6:busy_pct=6.860,softirq_pct=0.050,ticks=1997;cpu7:busy_pct=11.596,softirq_pct=0.000,ticks=1992;cpu8:busy_pct=83.393,softirq_pct=7.791,ticks=1951;cpu9:busy_pct=66.667,softirq_pct=6.310,ticks=1965
target_disk=sdb2 disk_busy_ms_start=2447400696 disk_busy_ms_end=2447400725
loopback_final=NetSample { rx_bytes: 904967020122, rx_packets: 1196027555, tx_bytes: 904967020122, tx_packets: 1196027555 }
kernel_sample_status=ok periodic_samples=201 periodic_samples_inside_phase=200 sample_errors=0 ss_monitor_periodic_wall_ns=5217340430 ss_monitor_parent_cpu_ns=79295769 ss_monitor_child_cpu_ns=5088295000 ss_monitor_max_wall_ns=29771146 ss_monitor_periodic_wall_pct=26.084169 ss_boundary_wall_ns=24354966 ss_boundary_parent_cpu_ns=501512 ss_boundary_child_cpu_ns=23482000
kernel_tcp_timeseries_csv=benches/grpc_echo_kernel_data/diagnostic_saturation/run-1790522592015262494-52216-0/trial-0009-closed_loop-b128-c256-ch8-rep3.kernel_tcp.csv
kernel_snapshot_max_client_send_q=6432 kernel_snapshot_max_client_recv_q=6080
kernel_snapshot_max_server_send_q=6080 kernel_snapshot_max_server_recv_q=6432
kernel_counter_delta_definition=last phase-end boundary TCP_INFO counter minus first fully inside-phase sample, independently per client/server socket endpoint
tcp_final send_q_max=6432 recv_q_max=6432
queue maxima are computed from fully in-phase kernel TCP snapshots; raw endpoint details are in kernel_tcp.csv
client_event=RESULT	closed_loop	128	256	8	2743977	2743977	0	20000095709	20001942440	1846731	56671099118	20000	121213.16865	246567	315711	1721041	1	2743977	5119019738339	1865547.6114920059	1818598	3097333	3742643	5073106	2743977	3911681812099	1425551.9678550512	1393201	2412962	2890336	3885771	2743977	1305067497	475.611674952086	370	932	1954	12063	2743977	1206032858743	439520.03196200257	355657	1079322	1426824	2023883
client_cpu_process_time_ns=56671099118 server_cpu_proc_stat_ns=58130000000 server_cpu_window_ns=20026622225 server_start_offset_ns=-432871 server_end_offset_ns=24246914
client_rss_peak_bytes=110915584 server_rss_peak_bytes=8994816
loopback_delta rx_bytes=1246267325 rx_packets=3384004 tx_bytes=1246267325 tx_packets=3384004
tcp_sampled_max_send_q=6432 tcp_sampled_max_recv_q=6432
