kernel_sample_command=taskset -c 6,7,14,15 ss -tinmH 'sport = :46437 or dport = :46437'
kernel_sample_interval_ms=100
server_pid=58580 server_cpus=3,4,5,11,12,13
client_pid=58586 client_cpus=0,1,2,8,9,10
verified_tcp_connections=1
parent_phase_command_mono_ns=7657882003059848
server_cpu_sample_start_mono_ns=7657882003059577
client_start_sample=ProcSample { cpu_ticks: 778, rss_bytes: 13119488, io: IoCounters { rchar: 16335, wchar: 813462651, syscr: 25, syscw: 228124, read_bytes: 0, write_bytes: 0, cancelled_write_bytes: 0 } }
server_start_sample=ProcSample { cpu_ticks: 753, rss_bytes: 13500416, io: IoCounters { rchar: 16335, wchar: 811325680, syscr: 25, syscw: 230825, read_bytes: 0, write_bytes: 0, cancelled_write_bytes: 0 } }
loopback_start_sample=NetSample { rx_bytes: 915894214110, rx_packets: 1199195616, tx_bytes: 915894214110, tx_packets: 1199195616 }
client_event=PHASE_START	7657882003440722
client_event=PHASE_END	7657902008093436
measurement_start_mono_ns=7657882003440722 measurement_end_mono_ns=7657902008093436 phase_wall_ns=20004652714
final_client_sample=ProcSample { cpu_ticks: 4264, rss_bytes: 59056128, io: IoCounters { rchar: 16341, wchar: 4506237101, syscr: 26, syscw: 1289209, read_bytes: 0, write_bytes: 0, cancelled_write_bytes: 0 } }
final_server_sample=ProcSample { cpu_ticks: 4063, rss_bytes: 16166912, io: IoCounters { rchar: 16335, wchar: 4494522612, syscr: 25, syscw: 1318447, read_bytes: 0, write_bytes: 0, cancelled_write_bytes: 0 } }
server_cpu_sample_end_mono_ns=7657902025371914
per_core_cpu_and_softirq_delta=cpu0:busy_pct=42.653,softirq_pct=3.767,ticks=1885;cpu1:busy_pct=37.835,softirq_pct=3.258,ticks=1903;cpu10:busy_pct=8.186,softirq_pct=0.404,ticks=1979;cpu11:busy_pct=20.061,softirq_pct=1.986,ticks=1964;cpu12:busy_pct=38.538,softirq_pct=3.996,ticks=1902;cpu13:busy_pct=24.574,softirq_pct=2.272,ticks=1937;cpu14:busy_pct=6.974,softirq_pct=0.000,ticks=1993;cpu15:busy_pct=8.534,softirq_pct=0.050,ticks=1992;cpu2:busy_pct=20.769,softirq_pct=1.436,ticks=1950;cpu3:busy_pct=20.593,softirq_pct=2.197,ticks=1957;cpu4:busy_pct=37.316,softirq_pct=3.737,ticks=1900;cpu5:busy_pct=31.004,softirq_pct=2.899,ticks=1932;cpu6:busy_pct=6.978,softirq_pct=0.000,ticks=1992;cpu7:busy_pct=9.713,softirq_pct=0.050,ticks=1987;cpu8:busy_pct=51.799,softirq_pct=4.127,ticks=1890;cpu9:busy_pct=22.052,softirq_pct=1.685,ticks=1959
target_disk=sdb2 disk_busy_ms_start=2447400772 disk_busy_ms_end=2447400793
loopback_final=NetSample { rx_bytes: 923385699233, rx_packets: 1201465216, tx_bytes: 923385699233, tx_packets: 1201465216 }
kernel_sample_status=ok periodic_samples=201 periodic_samples_inside_phase=200 sample_errors=0 ss_monitor_periodic_wall_ns=4883116955 ss_monitor_parent_cpu_ns=42810197 ss_monitor_child_cpu_ns=4791268000 ss_monitor_max_wall_ns=27068613 ss_monitor_periodic_wall_pct=24.409906 ss_boundary_wall_ns=21270108 ss_boundary_parent_cpu_ns=153619 ss_boundary_child_cpu_ns=21081000
kernel_tcp_timeseries_csv=benches/grpc_echo_kernel_data/diagnostic_saturation/run-1790522592015262494-52216-0/trial-0011-closed_loop-b4096-c256-ch1-rep2.kernel_tcp.csv
kernel_snapshot_max_client_send_q=115765 kernel_snapshot_max_client_recv_q=283646
kernel_snapshot_max_server_send_q=231560 kernel_snapshot_max_server_recv_q=618387
kernel_counter_delta_definition=last phase-end boundary TCP_INFO counter minus first fully inside-phase sample, independently per client/server socket endpoint
tcp_final send_q_max=231560 recv_q_max=618387
queue maxima are computed from fully in-phase kernel TCP snapshots; raw endpoint details are in kernel_tcp.csv
client_event=RESULT	closed_loop	4096	256	1	885645	885645	0	20000860217	20004652714	3792497	34843263433	16658	932777.4604994598	1327725	1701012	3565911	3345	885645	5119980435011	5781075.301064196	5803635	8131026	9408530	10769060	885645	2750425645853	3105562.2126845405	3040648	4789645	5601417	6819469	885645	435406484	491.6264236799169	331	792	2415	12674	885645	2369119382674	2675021.4619559757	2863787	4183880	4880806	5568745
client_cpu_process_time_ns=34843263433 server_cpu_proc_stat_ns=33100000000 server_cpu_window_ns=20022312337 server_start_offset_ns=-381145 server_end_offset_ns=17278478
client_rss_peak_bytes=59056128 server_rss_peak_bytes=16547840
loopback_delta rx_bytes=7491485123 rx_packets=2269600 tx_bytes=7491485123 tx_packets=2269600
tcp_sampled_max_send_q=231560 tcp_sampled_max_recv_q=618387
