kernel_sample_command=taskset -c 6,7,14,15 ss -tinmH 'sport = :42461 or dport = :42461'
kernel_sample_interval_ms=100
server_pid=52237 server_cpus=3,4,5,11,12,13
client_pid=52243 client_cpus=0,1,2,8,9,10
verified_tcp_connections=1
parent_phase_command_mono_ns=7657596186279608
server_cpu_sample_start_mono_ns=7657596186279448
client_start_sample=ProcSample { cpu_ticks: 926, rss_bytes: 11366400, io: IoCounters { rchar: 16335, wchar: 85046433, syscr: 25, syscw: 93724, read_bytes: 0, write_bytes: 0, cancelled_write_bytes: 0 } }
server_start_sample=ProcSample { cpu_ticks: 952, rss_bytes: 9150464, io: IoCounters { rchar: 16335, wchar: 80281182, syscr: 25, syscw: 125490, read_bytes: 0, write_bytes: 0, cancelled_write_bytes: 0 } }
loopback_start_sample=NetSample { rx_bytes: 893236932615, rx_packets: 1171973118, tx_bytes: 893236932615, tx_packets: 1171973118 }
client_event=PHASE_START	7657596186658458
client_event=PHASE_END	7657616188653110
measurement_start_mono_ns=7657596186658458 measurement_end_mono_ns=7657616188653110 phase_wall_ns=20001994652
final_client_sample=ProcSample { cpu_ticks: 4531, rss_bytes: 74182656, io: IoCounters { rchar: 16341, wchar: 395936440, syscr: 26, syscw: 479750, read_bytes: 0, write_bytes: 0, cancelled_write_bytes: 0 } }
final_server_sample=ProcSample { cpu_ticks: 4727, rss_bytes: 9248768, io: IoCounters { rchar: 16335, wchar: 373426430, syscr: 25, syscw: 583296, read_bytes: 0, write_bytes: 0, cancelled_write_bytes: 0 } }
server_cpu_sample_end_mono_ns=7657616209184224
per_core_cpu_and_softirq_delta=cpu0:busy_pct=38.378,softirq_pct=1.144,ticks=1923;cpu1:busy_pct=31.522,softirq_pct=1.035,ticks=1932;cpu10:busy_pct=14.830,softirq_pct=0.457,ticks=1969;cpu11:busy_pct=45.026,softirq_pct=1.813,ticks=1930;cpu12:busy_pct=25.800,softirq_pct=0.826,ticks=1938;cpu13:busy_pct=20.942,softirq_pct=0.819,ticks=1953;cpu14:busy_pct=7.480,softirq_pct=0.000,ticks=1992;cpu15:busy_pct=7.970,softirq_pct=0.000,ticks=1995;cpu2:busy_pct=24.141,softirq_pct=0.718,ticks=1951;cpu3:busy_pct=44.920,softirq_pct=2.063,ticks=1939;cpu4:busy_pct=33.664,softirq_pct=1.359,ticks=1913;cpu5:busy_pct=25.786,softirq_pct=0.980,ticks=1939;cpu6:busy_pct=6.520,softirq_pct=0.000,ticks=1994;cpu7:busy_pct=8.325,softirq_pct=0.000,ticks=1994;cpu8:busy_pct=46.625,softirq_pct=1.256,ticks=1911;cpu9:busy_pct=32.303,softirq_pct=0.824,ticks=1941
target_disk=sdb2 disk_busy_ms_start=2447400204 disk_busy_ms_end=2447400220
loopback_final=NetSample { rx_bytes: 893876698149, rx_packets: 1172686425, tx_bytes: 893876698149, tx_packets: 1172686425 }
kernel_sample_status=ok periodic_samples=201 periodic_samples_inside_phase=200 sample_errors=0 ss_monitor_periodic_wall_ns=4390988775 ss_monitor_parent_cpu_ns=39434804 ss_monitor_child_cpu_ns=4317192000 ss_monitor_max_wall_ns=24258106 ss_monitor_periodic_wall_pct=21.952754 ss_boundary_wall_ns=21642005 ss_boundary_parent_cpu_ns=167523 ss_boundary_child_cpu_ns=21080000
kernel_tcp_timeseries_csv=benches/grpc_echo_kernel_data/diagnostic_saturation/run-1790522592015262494-52216-0/trial-0001-closed_loop-b128-c256-ch1-rep1.kernel_tcp.csv
kernel_snapshot_max_client_send_q=17734 kernel_snapshot_max_client_recv_q=32264
kernel_snapshot_max_server_send_q=33809 kernel_snapshot_max_server_recv_q=48192
kernel_counter_delta_definition=last phase-end boundary TCP_INFO counter minus first fully inside-phase sample, independently per client/server socket endpoint
tcp_final send_q_max=33809 recv_q_max=48192
queue maxima are computed from fully in-phase kernel TCP snapshots; raw endpoint details are in kernel_tcp.csv
client_event=RESULT	closed_loop	128	256	1	1548780	1548780	0	20000776230	20001994652	1218422	36037216488	17325	863327.3375468976	1447859	1691472	2358169	2676	1548780	5119463622107	3305481.4900160125	3092403	5436955	6242665	7021243	1548780	3785551623733	2444215.2040528674	2325487	3955841	4537190	5099214	1548780	583384078	376.6733028577332	311	641	1062	9107	1548780	1333328614296	860889.6126602874	766666	1932851	2282136	2719705
client_cpu_process_time_ns=36037216488 server_cpu_proc_stat_ns=37750000000 server_cpu_window_ns=20022904776 server_start_offset_ns=-379010 server_end_offset_ns=20531114
client_rss_peak_bytes=74182656 server_rss_peak_bytes=10272768
loopback_delta rx_bytes=639765534 rx_packets=713307 tx_bytes=639765534 tx_packets=713307
tcp_sampled_max_send_q=33809 tcp_sampled_max_recv_q=48192
