CASE name=integrated_pipeline users=50000 requests=10000000 fresh=10000000 old_hit=0 old_miss=0 projection_enabled=true gc_enabled=true runtime_workers=4 wall_s=270.151 settled_s=303.867 rps=37016.3 cpu_s=343.909 cpu_cores=1.273 peak_rss_bytes=1884930048 db_bytes=611314770 gc_prefix_near_client_end=1254400 gc_backlog_records_near_client_end=8895600 gc_prefix_after_settle=10150000 final_seq=10150000 watermark_updates=325 recovery_s=3.834360 integrity_s=0.343877
CASE_IO name=integrated_pipeline cpu_sample_offset_us=0 progress_sample_offset_us=2 io_sample_offset_us=12 storage_sample_offset_us=573 device=sdb2(8:18) process_rchar=51490862568 process_wchar=4052362333 process_read=0 process_write=4253970432 device_read=0 device_write=4925935616 device_busy_ms=54021 wal_syncs=49153 wal_bytes=1669532351 writes_with_wal=49164 flush_write_bytes=651621126 compact_read_bytes=1678297553 compact_write_bytes=1729973122 stall_us=0 projected_sync_ns=47848700244 gc_scan_ns=29186740920 gc_delete_ns=285269305 gc_write_ns=10221796695 gc_scanned=1254400 gc_deleted=1254400 gc_deleted_bytes=170598400
LATENCY name=integrated_pipeline stage=request.total unit=ns samples=155808 p50=1322460449 p95=2060255285 p99=2503881716
LATENCY name=integrated_pipeline stage=request.admission unit=ns samples=155808 p50=471 p95=1703 p99=5180
LATENCY name=integrated_pipeline stage=request.enqueue unit=ns samples=155808 p50=70 p95=151 p99=240
LATENCY name=integrated_pipeline stage=request.queue unit=ns samples=155808 p50=1269019897 p95=1978508583 p99=2408530405
LATENCY name=integrated_pipeline stage=request.batch unit=ns samples=155808 p50=141356 p95=1214239 p99=1766215
LATENCY name=integrated_pipeline stage=request.handler unit=ns samples=155808 p50=51858225 p95=82480926 p99=100525133
LATENCY name=integrated_pipeline stage=request.response unit=ns samples=155808 p50=816422 p95=1883385 p99=2283576
LATENCY name=integrated_pipeline stage=request.historical_lookup unit=ns samples=0 p50=0 p95=0 p99=0
LATENCY name=integrated_pipeline stage=request.historical_hit_lookup unit=ns samples=0 p50=0 p95=0 p99=0
LATENCY name=integrated_pipeline stage=request.historical_miss_lookup unit=ns samples=0 p50=0 p95=0 p99=0
LATENCY name=integrated_pipeline stage=projection.read unit=ns samples=39056 p50=288922 p95=502192 p99=624723
LATENCY name=integrated_pipeline stage=projection.apply unit=ns samples=39056 p50=142017 p95=231985 p99=393870
LATENCY name=integrated_pipeline stage=projection.progress_sync unit=ns samples=39056 p50=961103 p95=2134727 p99=3154390
LATENCY name=integrated_pipeline stage=projection.total unit=ns samples=39056 p50=1449780 p95=2721358 p99=4139908
LATENCY name=integrated_pipeline stage=gc.scan unit=ns samples=4900 p50=5896705 p95=10150144 p99=12435953
LATENCY name=integrated_pipeline stage=gc.delete_build unit=ns samples=4900 p50=51917 p95=89792 p99=177270
LATENCY name=integrated_pipeline stage=gc.sync_write unit=ns samples=4900 p50=1718506 p95=2407839 p99=3003246
LATENCY name=integrated_pipeline stage=gc.total unit=ns samples=4900 p50=53143151 p95=83771619 p99=102275912
LATENCY name=integrated_pipeline stage=watermark.fence_wait unit=ns samples=325 p50=767354659 p95=1557874767 p99=1797948453
LATENCY name=integrated_pipeline stage=watermark.projection_wait unit=ns samples=325 p50=12177819 p95=14839464 p99=722597101
LATENCY name=integrated_pipeline stage=watermark.persist unit=ns samples=325 p50=952247 p95=1064869 p99=2605819
LATENCY name=integrated_pipeline stage=watermark.total unit=ns samples=325 p50=792079789 p95=1571282996 p99=1812724138
LATENCY name=integrated_pipeline stage=checkpoint.total unit=ns samples=0 p50=0 p95=0 p99=0
LATENCY name=integrated_pipeline stage=checkpoint.chunk_sync unit=ns samples=0 p50=0 p95=0 p99=0
LATENCY name=integrated_pipeline stage=checkpoint.manifest_sync unit=ns samples=0 p50=0 p95=0 p99=0
BACKGROUND name=integrated_pipeline projection_batches=39056 projection_records=9998336 gc_steps=4900 gc_scanned_during_clients=1254400 gc_deleted_during_clients=1254400 gc_backlog_records_near_client_end=8895600 setup_preflight_cpu_pct=1.76 setup_preflight_disk_pct=0.03 measure_preflight_cpu_pct=1.75 measure_preflight_disk_pct=0.03
ARCHIVE /home/neojhou/repos/ledger-wallet/benches/data/ledger_thread_scaling/run-1790834093174466926/trials/trial-06-integrated_pipeline_t4_r1
